32125-[654/657] Building CXX object src/slic3r/CMakeFiles/libslic3r_gui.dir/Utils/BambuLanPrintCommand.cpp.o
32126-[655/657] Building CXX object src/slic3r/CMakeFiles/libslic3r_gui.dir/Utils/BambuLanPrinterAgent.cpp.o
32127-[656/657] Building CXX object src/slic3r/CMakeFiles/libslic3r_gui.dir/GUI/MainFrame.cpp.o
32128:FAILED: [code=1] src/slic3r/CMakeFiles/libslic3r_gui.dir/GUI/MainFrame.cpp.o 
32129-ccache /usr/bin/c++ -DBBL_RELEASE_TO_PUBLIC=1 -DBOOST_NO_CXX98_FUNCTION_BASE -DGIT_COMMIT_HASH=\"395e070a0e\" -DLIBNEST2D_GEOMETRIES_libslic3r -DLIBNEST2D_OPTIMIZER_nlopt -DLIBNEST2D_STATIC -DLIBNEST2D_THREADING_tbb -DNDEBUG -DORCA_BAMBU_LAN_AGENT -DSLIC3R_CURRENTLY_COMPILING_GUI_MODULE -DSLIC3R_DESKTOP_INTEGRATION -DSLIC3R_GUI -DSLIC3R_OPENGL_ES=1 -DTBB_USE_CAPTURED_EXCEPTION=0 -DUNICODE -DUSE_TBB -DWXINTL_NO_GETTEXT_MACRO -D_FILE_OFFSET_BITS=64 -D_HAS_AUTO_PTR_ETC=0 -D_UNICODE -D__WXOSX_IPHONE__ -DwxDEBUG_LEVEL=0 -DwxNO_UNSAFE_WXSTRING_CONV -DwxUSE_UNICODE -I/Users/runner/work/Orca-iOS-ipa/Orca-iOS-ipa/orca/src/slic3r/Utils -I/Users/runner/work/Orca-iOS-ipa/Orca-iOS-ipa/orca/build/src/slic3r -I/Users/runner/work/Orca-iOS-ipa/Orca-iOS-ipa/orca/build/src/libslic3r -I/Users/runner/work/Orca-iOS-ipa/Orca-iOS-ipa/orca/src/libvgcode/glad/include -I/Users/runner/work/Orca-iOS-ipa/Orca-iOS-ipa/orca/src/glad/include -isystem /Users/runner/work/Orca-iOS-ipa/Orca-iOS-ipa/orca/src -isystem /Users/runner/work/Orca-iOS-ipa/Orca-iOS-ipa/orca/build/src/dev-utils/platform -isystem /Users/runner/work/Orca-iOS-ipa/Orca-iOS-ipa/orca/src/libigl -isystem /Users/runner/work/Orca-iOS-ipa/Orca-iOS-ipa/ios-prefix/usr/local/include/opencascade -isystem /Users/runner/work/Orca-iOS-ipa/Orca-iOS-ipa/ios-prefix/usr/local/include/eigen3 -isystem /Users/runner/work/Orca-iOS-ipa/Orca-iOS-ipa/orca/deps_src/admesh -isystem /Users/runner/work/Orca-iOS-ipa/Orca-iOS-ipa/orca/deps_src/admesh/.. -isystem /Users/runner/work/Orca-iOS-ipa/Orca-iOS-ipa/orca/deps_src/libigl -isystem /Users/runner/work/Orca-iOS-ipa/Orca-iOS-ipa/orca/deps_src/libnest2d/include -isystem /Users/runner/work/Orca-iOS-ipa/Orca-iOS-ipa/ios-prefix/usr/local/include -isystem /Users/runner/work/Orca-iOS-ipa/Orca-iOS-ipa/orca/deps_src/miniz -isystem /Users/runner/work/Orca-iOS-ipa/Orca-iOS-ipa/ios-prefix/usr/local/include/opencv4 -isystem /Users/runner/work/Orca-iOS-ipa/Orca-iOS-ipa/orca/deps_src/imgui -isystem /Users/runner/work/Orca-iOS-ipa/Orca-iOS-ipa/orca/deps_src/imguizmo -isystem /Users/runner/work/Orca-iOS-ipa/Orca-iOS-ipa/orca/deps_src/minilzo -isystem /Users/runner/work/Orca-iOS-ipa/Orca-iOS-ipa/orca/deps_src/hidapi/include -isystem /Users/runner/work/Orca-iOS-ipa/Orca-iOS-ipa/orca/deps_src/mdns -isystem /Users/runner/work/Orca-iOS-ipa/Orca-iOS-ipa/wx-prefix/lib/wx/include/osx_iphone-unicode-static-3.3 -isystem /Users/runner/work/Orca-iOS-ipa/Orca-iOS-ipa/wx-prefix/include/wx-3.3 -Wall -Wno-reorder -Werror=partial-availability -Werror=unguarded-availability -Werror=unguarded-availability-new -O3 -DNDEBUG -std=gnu++17 -arch arm64 -isysroot /Applications/Xcode_16.4.app/Contents/Developer/Platforms/iPhoneOS.platform/Developer/SDKs/iPhoneOS18.5.sdk -miphoneos-version-min=17.0 -fPIC -fsigned-char -Werror=return-type -Wno-unused-function -Wno-unused-variable -Wno-unused-but-set-variable -Wno-unused-label -Wno-unused-local-typedefs -Wno-sign-compare -Wno-misleading-indentation -Wno-switch -Wno-ignored-attributes -Wno-deprecated-declarations -Wno-error=enum-constexpr-conversion -MD -MT src/slic3r/CMakeFiles/libslic3r_gui.dir/GUI/MainFrame.cpp.o -MF src/slic3r/CMakeFiles/libslic3r_gui.dir/GUI/MainFrame.cpp.o.d -o src/slic3r/CMakeFiles/libslic3r_gui.dir/GUI/MainFrame.cpp.o -c /Users/runner/work/Orca-iOS-ipa/Orca-iOS-ipa/orca/src/slic3r/GUI/MainFrame.cpp
32130-In file included from ../src/slic3r/GUI/MainFrame.cpp:1:
32131-In file included from ../src/slic3r/GUI/MainFrame.hpp:21:
32132-In file included from ../src/slic3r/GUI/Monitor.hpp:4:
32133-../src/slic3r/GUI/Tabbook.hpp:143:10: warning: 'Tabbook::AddPage' hides overloaded virtual function [-Woverloaded-virtual]
32134-  143 |     bool AddPage(wxWindow* page,
32135-      |          ^
32136-../../wx-prefix/include/wx-3.3/wx/bookctrl.h:177:18: note: hidden overloaded virtual function 'wxBookCtrlBase::AddPage' declared here: type mismatch at 3rd parameter ('bool' vs 'const std::string &' (aka 'const basic_string<char> &'))
32137-  177 |     virtual bool AddPage(wxWindow *page,
32138-      |                  ^
32139-In file included from ../src/slic3r/GUI/MainFrame.cpp:1:
32140-In file included from ../src/slic3r/GUI/MainFrame.hpp:21:
32141-In file included from ../src/slic3r/GUI/Monitor.hpp:4:
32142-../src/slic3r/GUI/Tabbook.hpp:187:10: warning: 'RemovePage' overrides a member function but is not marked 'override' [-Winconsistent-missing-override]
32143-  187 |     bool RemovePage(size_t n)
32144-      |          ^
32145-../../wx-prefix/include/wx-3.3/wx/bookctrl.h:161:18: note: overridden virtual function is here
32146-  161 |     virtual bool RemovePage(size_t n)
32147-      |                  ^
32148-In file included from ../src/slic3r/GUI/MainFrame.cpp:1:
32149-In file included from ../src/slic3r/GUI/MainFrame.hpp:24:
32150-In file included from ../src/slic3r/GUI/CalibrationPanel.hpp:4:
32151-In file included from ../src/slic3r/GUI/CalibrationWizard.hpp:8:
32152-../src/slic3r/GUI/CalibrationWizardStartPage.hpp:51:10: warning: 'on_reset_page' overrides a member function but is not marked 'override' [-Winconsistent-missing-override]
32153-   51 |     void on_reset_page();
32154-      |          ^
32155-../src/slic3r/GUI/CalibrationWizardPage.hpp:310:18: note: overridden virtual function is here
32156-  310 |     virtual void on_reset_page() {}
32157-      |                  ^
32158-In file included from ../src/slic3r/GUI/MainFrame.cpp:1:
32159-In file included from ../src/slic3r/GUI/MainFrame.hpp:24:
32160-In file included from ../src/slic3r/GUI/CalibrationPanel.hpp:4:
32161-In file included from ../src/slic3r/GUI/CalibrationWizard.hpp:8:
32162-../src/slic3r/GUI/CalibrationWizardStartPage.hpp:52:10: warning: 'on_device_connected' overrides a member function but is not marked 'override' [-Winconsistent-missing-override]
32163-   52 |     void on_device_connected(MachineObject* obj);
32164-      |          ^
32165-../src/slic3r/GUI/CalibrationWizardPage.hpp:308:18: note: overridden virtual function is here
32166-  308 |     virtual void on_device_connected(MachineObject* obj) { curr_obj = obj; }
32167-      |                  ^
32168-In file included from ../src/slic3r/GUI/MainFrame.cpp:1:
32169-In file included from ../src/slic3r/GUI/MainFrame.hpp:24:
32170-In file included from ../src/slic3r/GUI/CalibrationPanel.hpp:4:
32171-In file included from ../src/slic3r/GUI/CalibrationWizard.hpp:8:
32172-../src/slic3r/GUI/CalibrationWizardStartPage.hpp:66:10: warning: 'on_reset_page' overrides a member function but is not marked 'override' [-Winconsistent-missing-override]
32173-   66 |     void on_reset_page();
32174-      |          ^
32175-../src/slic3r/GUI/CalibrationWizardPage.hpp:310:18: note: overridden virtual function is here
32176-  310 |     virtual void on_reset_page() {}
32177-      |                  ^
32178-In file included from ../src/slic3r/GUI/MainFrame.cpp:1:
32179-In file included from ../src/slic3r/GUI/MainFrame.hpp:24:
32180-In file included from ../src/slic3r/GUI/CalibrationPanel.hpp:4:
32181-In file included from ../src/slic3r/GUI/CalibrationWizard.hpp:8:
32182-../src/slic3r/GUI/CalibrationWizardStartPage.hpp:67:10: warning: 'on_device_connected' overrides a member function but is not marked 'override' [-Winconsistent-missing-override]
32183-   67 |     void on_device_connected(MachineObject* obj);
32184-      |          ^
32185-../src/slic3r/GUI/CalibrationWizardPage.hpp:308:18: note: overridden virtual function is here
32186-  308 |     virtual void on_device_connected(MachineObject* obj) { curr_obj = obj; }
32187-      |                  ^
32188-In file included from ../src/slic3r/GUI/MainFrame.cpp:1:
--
32326-../src/slic3r/GUI/MainFrame.cpp:1051:23: warning: lambda capture 'this' is not used [-Wunused-lambda-capture]
32327- 1051 |     Bind(wxEVT_SHOW, [this](wxShowEvent &evt) {
32328-      |                       ^~~~
32329:../src/slic3r/GUI/MainFrame.cpp:1154:33: error: cannot initialize a variable of type 'wxWindow *const' with an rvalue of type 'wxGLCanvas *'
32330- 1154 |                 wxWindow *const canvas = wxGetApp().plater()->get_current_canvas3D(false)
32331-      |                                 ^        ~~~~~~~~~~~~~~~~~~~~~~~~~~~~~~~~~~~~~~~~~~~~~~~~
32332- 1155 |                                        ? wxGetApp().plater()->get_current_canvas3D(false)->get_wxglcanvas()
32333-      |                                        ~~~~~~~~~~~~~~~~~~~~~~~~~~~~~~~~~~~~~~~~~~~~~~~~~~~~~~~~~~~~~~~~~~~~
32334- 1156 |                                        : nullptr;
32335-      |                                        ~~~~~~~~~
32336-../src/slic3r/GUI/GUI_Preview.hpp:16:7: note: 'wxGLCanvas' is not defined, but forward declared here; conversion would be valid if it was derived from 'wxWindow'
32337-   16 | class wxGLCanvas;
32338-      |       ^
32339:../src/slic3r/GUI/MainFrame.cpp:1159:30: error: no matching conversion for functional-style cast from 'const wxChar *' (aka 'const wchar_t *') to 'std::string' (aka 'basic_string<char>')
32340- 1159 |                     chain += std::string(w->GetClassInfo()->GetClassName())
32341-      |                              ^~~~~~~~~~~~~~~~~~~~~~~~~~~~~~~~~~~~~~~~~~~~~~
32342-/Applications/Xcode_16.4.app/Contents/Developer/Platforms/iPhoneOS.platform/Developer/SDKs/iPhoneOS18.5.sdk/usr/include/c++/v1/string:990:64: note: candidate constructor not viable: no known conversion from 'const wxChar *' (aka 'const wchar_t *') to 'const allocator_type' (aka 'const std::allocator<char>') for 1st argument
32343-  990 |   _LIBCPP_HIDE_FROM_ABI _LIBCPP_CONSTEXPR_SINCE_CXX20 explicit basic_string(const allocator_type& __a)
32344-      |                                                                ^            ~~~~~~~~~~~~~~~~~~~~~~~~~
32345-/Applications/Xcode_16.4.app/Contents/Developer/Platforms/iPhoneOS.platform/Developer/SDKs/iPhoneOS18.5.sdk/usr/include/c++/v1/string:1000:71: note: candidate constructor not viable: no known conversion from 'const wxChar *' (aka 'const wchar_t *') to 'const string' for 1st argument
32346- 1000 |   _LIBCPP_CONSTEXPR_SINCE_CXX20 _LIBCPP_STRING_INTERNAL_MEMORY_ACCESS basic_string(const basic_string& __str)
32347-      |                                                                       ^            ~~~~~~~~~~~~~~~~~~~~~~~~~
32348-/Applications/Xcode_16.4.app/Contents/Developer/Platforms/iPhoneOS.platform/Developer/SDKs/iPhoneOS18.5.sdk/usr/include/c++/v1/string:1020:55: note: candidate constructor not viable: no known conversion from 'const wxChar *' (aka 'const wchar_t *') to 'string' for 1st argument
32349- 1020 |   _LIBCPP_HIDE_FROM_ABI _LIBCPP_CONSTEXPR_SINCE_CXX20 basic_string(basic_string&& __str)
32350-      |                                                       ^            ~~~~~~~~~~~~~~~~~~~~
32351-/Applications/Xcode_16.4.app/Contents/Developer/Platforms/iPhoneOS.platform/Developer/SDKs/iPhoneOS18.5.sdk/usr/include/c++/v1/string:1059:55: note: candidate constructor template not viable: no known conversion from 'const wxChar *' (aka 'const wchar_t *') to 'const char *' for 1st argument
32352- 1059 |   _LIBCPP_HIDE_FROM_ABI _LIBCPP_CONSTEXPR_SINCE_CXX20 basic_string(const _CharT* __s)
32353-      |                                                       ^            ~~~~~~~~~~~~~~~~~
32354-/Applications/Xcode_16.4.app/Contents/Developer/Platforms/iPhoneOS.platform/Developer/SDKs/iPhoneOS18.5.sdk/usr/include/c++/v1/string:1199:55: note: candidate constructor not viable: no known conversion from 'const wxChar *' (aka 'const wchar_t *') to 'initializer_list<char>' for 1st argument
32355- 1199 |   _LIBCPP_HIDE_FROM_ABI _LIBCPP_CONSTEXPR_SINCE_CXX20 basic_string(initializer_list<_CharT> __il)
32356-      |                                                       ^            ~~~~~~~~~~~~~~~~~~~~~~~~~~~~~
32357-/Applications/Xcode_16.4.app/Contents/Developer/Platforms/iPhoneOS.platform/Developer/SDKs/iPhoneOS18.5.sdk/usr/include/c++/v1/string:1155:93: note: candidate template ignored: requirement '__can_be_converted_to_string_view<char, std::char_traits<char>, const wchar_t *>::value' was not satisfied [with _Tp = const wxChar *]
32358- 1155 |   _LIBCPP_METHOD_TEMPLATE_IMPLICIT_INSTANTIATION_VIS _LIBCPP_CONSTEXPR_SINCE_CXX20 explicit basic_string(const _Tp& __t)
32359-      |                                                                                             ^
32360-/Applications/Xcode_16.4.app/Contents/Developer/Platforms/iPhoneOS.platform/Developer/SDKs/iPhoneOS18.5.sdk/usr/include/c++/v1/string:984:55: note: candidate constructor not viable: requires 0 arguments, but 1 was provided
32361-  984 |   _LIBCPP_HIDE_FROM_ABI _LIBCPP_CONSTEXPR_SINCE_CXX20 basic_string()
32362-      |                                                       ^
32363-/Applications/Xcode_16.4.app/Contents/Developer/Platforms/iPhoneOS.platform/Developer/SDKs/iPhoneOS18.5.sdk/usr/include/c++/v1/string:1010:3: note: candidate constructor not viable: requires 2 arguments, but 1 was provided
32364- 1010 |   basic_string(const basic_string& __str, const allocator_type& __a)
32365-      |   ^            ~~~~~~~~~~~~~~~~~~~~~~~~~~~~~~~~~~~~~~~~~~~~~~~~~~~~
32366-/Applications/Xcode_16.4.app/Contents/Developer/Platforms/iPhoneOS.platform/Developer/SDKs/iPhoneOS18.5.sdk/usr/include/c++/v1/string:1040:55: note: candidate constructor not viable: requires 2 arguments, but 1 was provided
32367- 1040 |   _LIBCPP_HIDE_FROM_ABI _LIBCPP_CONSTEXPR_SINCE_CXX20 basic_string(basic_string&& __str, const allocator_type& __a)
32368-      |                                                       ^            ~~~~~~~~~~~~~~~~~~~~~~~~~~~~~~~~~~~~~~~~~~~~~~~
32369-/Applications/Xcode_16.4.app/Contents/Developer/Platforms/iPhoneOS.platform/Developer/SDKs/iPhoneOS18.5.sdk/usr/include/c++/v1/string:1066:55: note: candidate constructor template not viable: requires 2 arguments, but 1 was provided
32370- 1066 |   _LIBCPP_HIDE_FROM_ABI _LIBCPP_CONSTEXPR_SINCE_CXX20 basic_string(const _CharT* __s, const _Allocator& __a)
32371-      |                                                       ^            ~~~~~~~~~~~~~~~~~~~~~~~~~~~~~~~~~~~~~~~~
32372-/Applications/Xcode_16.4.app/Contents/Developer/Platforms/iPhoneOS.platform/Developer/SDKs/iPhoneOS18.5.sdk/usr/include/c++/v1/string:1076:55: note: candidate constructor not viable: requires 2 arguments, but 1 was provided
32373- 1076 |   _LIBCPP_HIDE_FROM_ABI _LIBCPP_CONSTEXPR_SINCE_CXX20 basic_string(const _CharT* __s, size_type __n)
32374-      |                                                       ^            ~~~~~~~~~~~~~~~~~~~~~~~~~~~~~~~~
32375-/Applications/Xcode_16.4.app/Contents/Developer/Platforms/iPhoneOS.platform/Developer/SDKs/iPhoneOS18.5.sdk/usr/include/c++/v1/string:1089:55: note: candidate constructor not viable: requires 2 arguments, but 1 was provided
32376- 1089 |   _LIBCPP_HIDE_FROM_ABI _LIBCPP_CONSTEXPR_SINCE_CXX20 basic_string(size_type __n, _CharT __c)
32377-      |                                                       ^            ~~~~~~~~~~~~~~~~~~~~~~~~~
32378-/Applications/Xcode_16.4.app/Contents/Developer/Platforms/iPhoneOS.platform/Developer/SDKs/iPhoneOS18.5.sdk/usr/include/c++/v1/string:1166:42: note: candidate constructor template not viable: requires 2 arguments, but 1 was provided
32379- 1166 |   _LIBCPP_CONSTEXPR_SINCE_CXX20 explicit basic_string(const _Tp& __t, const allocator_type& __a)
32380-      |                                          ^            ~~~~~~~~~~~~~~~~~~~~~~~~~~~~~~~~~~~~~~~~~
32381-/Applications/Xcode_16.4.app/Contents/Developer/Platforms/iPhoneOS.platform/Developer/SDKs/iPhoneOS18.5.sdk/usr/include/c++/v1/string:1173:55: note: candidate constructor template not viable: requires 2 arguments, but 1 was provided
32382- 1173 |   _LIBCPP_HIDE_FROM_ABI _LIBCPP_CONSTEXPR_SINCE_CXX20 basic_string(_InputIterator __first, _InputIterator __last)
32383-      |                                                       ^            ~~~~~~~~~~~~~~~~~~~~~~~~~~~~~~~~~~~~~~~~~~~~~
32384-/Applications/Xcode_16.4.app/Contents/Developer/Platforms/iPhoneOS.platform/Developer/SDKs/iPhoneOS18.5.sdk/usr/include/c++/v1/string:1204:55: note: candidate constructor not viable: requires 2 arguments, but 1 was provided
32385- 1204 |   _LIBCPP_HIDE_FROM_ABI _LIBCPP_CONSTEXPR_SINCE_CXX20 basic_string(initializer_list<_CharT> __il, const _Allocator& __a)
32386-      |                                                       ^            ~~~~~~~~~~~~~~~~~~~~~~~~~~~~~~~~~~~~~~~~~~~~~~~~~~~~
32387-/Applications/Xcode_16.4.app/Contents/Developer/Platforms/iPhoneOS.platform/Developer/SDKs/iPhoneOS18.5.sdk/usr/include/c++/v1/string:926:64: note: candidate constructor not viable: requires 3 arguments, but 1 was provided
32388-  926 |   _LIBCPP_HIDE_FROM_ABI _LIBCPP_CONSTEXPR_SINCE_CXX20 explicit basic_string(
32389-      |                                                                ^
32390-  927 |       __uninitialized_size_tag, size_type __size, const allocator_type& __a)
32391-      |       ~~~~~~~~~~~~~~~~~~~~~~~~~~~~~~~~~~~~~~~~~~~~~~~~~~~~~~~~~~~~~~~~~~~~~
32392-/Applications/Xcode_16.4.app/Contents/Developer/Platforms/iPhoneOS.platform/Developer/SDKs/iPhoneOS18.5.sdk/usr/include/c++/v1/string:1083:3: note: candidate constructor not viable: requires 3 arguments, but 1 was provided
32393- 1083 |   basic_string(const _CharT* __s, size_type __n, const _Allocator& __a)
32394-      |   ^            ~~~~~~~~~~~~~~~~~~~~~~~~~~~~~~~~~~~~~~~~~~~~~~~~~~~~~~~
32395-/Applications/Xcode_16.4.app/Contents/Developer/Platforms/iPhoneOS.platform/Developer/SDKs/iPhoneOS18.5.sdk/usr/include/c++/v1/string:1116:55: note: candidate constructor template not viable: requires 3 arguments, but 1 was provided
32396- 1116 |   _LIBCPP_HIDE_FROM_ABI _LIBCPP_CONSTEXPR_SINCE_CXX20 basic_string(size_type __n, _CharT __c, const _Allocator& __a)
32397-      |                                                       ^            ~~~~~~~~~~~~~~~~~~~~~~~~~~~~~~~~~~~~~~~~~~~~~~~~
32398-/Applications/Xcode_16.4.app/Contents/Developer/Platforms/iPhoneOS.platform/Developer/SDKs/iPhoneOS18.5.sdk/usr/include/c++/v1/string:1131:3: note: candidate constructor not viable: requires at least 2 arguments, but 1 was provided
32399- 1131 |   basic_string(const basic_string& __str, size_type __pos, const _Allocator& __a = _Allocator())
