      |          ^
../../wx-prefix/include/wx-3.3/wx/osx/window.h:56:18: note: overridden virtual function is here
   56 |     virtual void SetLabel( const wxString& label ) override;
      |                  ^
In file included from ../src/slic3r/Utils/PrintHost.cpp:25:
In file included from ../src/slic3r/Utils/../GUI/MainFrame.hpp:26:
../src/slic3r/Utils/../GUI/Widgets/SideButton.hpp:50:10: warning: 'Enable' overrides a member function but is not marked 'override' [-Winconsistent-missing-override]
   50 |     bool Enable(bool enable = true);
      |          ^
../../wx-prefix/include/wx-3.3/wx/window.h:646:18: note: overridden virtual function is here
  646 |     virtual bool Enable( bool enable = true );
      |                  ^
In file included from ../src/slic3r/Utils/PrintHost.cpp:25:
In file included from ../src/slic3r/Utils/../GUI/MainFrame.hpp:36:
In file included from ../src/slic3r/Utils/../GUI/calib_dlg.hpp:12:
../src/slic3r/Utils/../GUI/Widgets/LabeledStaticBox.hpp:45:10: warning: 'LabeledStaticBox::SetFont' hides overloaded virtual function [-Woverloaded-virtual]
   45 |     void SetFont(wxFont set_font);
      |          ^
../../wx-prefix/include/wx-3.3/wx/osx/statbox.h:44:18: note: hidden overloaded virtual function 'wxStaticBox::SetFont' declared here: type mismatch at 1st parameter ('const wxFont &' vs 'wxFont')
   44 |     virtual bool SetFont( const wxFont &font ) override;
      |                  ^
In file included from ../src/slic3r/Utils/PrintHost.cpp:26:
../src/slic3r/Utils/Obico.hpp:23:18: warning: 'can_test' overrides a member function but is not marked 'override' [-Winconsistent-missing-override]
   23 |     virtual bool can_test() const { return true; };
      |                  ^
../src/slic3r/Utils/PrintHost.hpp:68:18: note: overridden virtual function is here
   68 |     virtual bool can_test() const = 0;
      |                  ^
In file included from ../src/slic3r/Utils/PrintHost.cpp:26:
../src/slic3r/Utils/Obico.hpp:33:40: warning: 'get_post_upload_actions' overrides a member function but is not marked 'override' [-Winconsistent-missing-override]
   33 |     PrintHostPostUploadActions         get_post_upload_actions() const;
      |                                        ^
../src/slic3r/Utils/PrintHost.hpp:69:40: note: overridden virtual function is here
   69 |     virtual PrintHostPostUploadActions get_post_upload_actions() const = 0;
      |                                        ^
In file included from ../src/slic3r/Utils/PrintHost.cpp:29:
../src/slic3r/Utils/ElegooLink.hpp:37:18: warning: 'validate_version_text' overrides a member function but is not marked 'override' [-Winconsistent-missing-override]
   37 |     virtual bool validate_version_text(const boost::optional<std::string> &version_text) const;
      |                  ^
../src/slic3r/Utils/OctoPrint.hpp:41:18: note: overridden virtual function is here
   41 |     virtual bool validate_version_text(const boost::optional<std::string> &version_text) const;
      |                  ^
In file included from ../src/slic3r/Utils/PrintHost.cpp:29:
../src/slic3r/Utils/ElegooLink.hpp:38:18: warning: 'upload_inner_with_host' overrides a member function but is not marked 'override' [-Winconsistent-missing-override]
   38 |     virtual bool upload_inner_with_host(PrintHostUpload upload_data, ProgressFn prorgess_fn, ErrorFn error_fn, InfoFn info_fn) const;
      |                  ^
../src/slic3r/Utils/OctoPrint.hpp:42:18: note: overridden virtual function is here
   42 |     virtual bool upload_inner_with_host(PrintHostUpload upload_data, ProgressFn prorgess_fn, ErrorFn error_fn, InfoFn info_fn) const;
      |                  ^
In file included from ../src/slic3r/Utils/PrintHost.cpp:25:
In file included from ../src/slic3r/Utils/../GUI/MainFrame.hpp:21:
In file included from ../src/slic3r/Utils/../GUI/Monitor.hpp:4:
../src/slic3r/Utils/../GUI/Tabbook.hpp:483:25: warning: private field 'm_ctrl' is not used [-Wunused-private-field]
  483 |     TabButtonsListCtrl *m_ctrl{nullptr};
      |                         ^
25 warnings generated.
[616/663] Building CXX object src/slic3r/CMakeFiles/libslic3r_gui.dir/Utils/RaycastManager.cpp.o
[617/663] Building CXX object src/slic3r/CMakeFiles/libslic3r_gui.dir/Utils/WxFontUtils.cpp.o
[618/663] Building CXX object src/slic3r/CMakeFiles/libslic3r_gui.dir/GUI/DeviceCore/DevBed.cpp.o
[619/663] Building CXX object src/slic3r/CMakeFiles/libslic3r_gui.dir/GUI/DeviceCore/DevConfig.cpp.o
In file included from ../src/slic3r/GUI/DeviceCore/DevConfig.cpp:3:
../src/slic3r/GUI/DeviceCore/DevConfig.h:55:20: warning: private field 'm_obj' is not used [-Wunused-private-field]
   55 |     MachineObject* m_obj;
      |                    ^
1 warning generated.
[620/663] Building CXX object src/slic3r/CMakeFiles/libslic3r_gui.dir/GUI/DeviceCore/DevConfigUtil.cpp.o
[621/663] Building CXX object src/slic3r/CMakeFiles/libslic3r_gui.dir/GUI/DeviceCore/DevCtrl.cpp.o
[622/663] Building CXX object src/slic3r/CMakeFiles/libslic3r_gui.dir/GUI/DeviceCore/DevExtensionTool.cpp.o
In file included from ../src/slic3r/GUI/DeviceCore/DevExtensionTool.cpp:1:
../src/slic3r/GUI/DeviceCore/DevExtensionTool.h:34:20: warning: private field 'm_owner' is not used [-Wunused-private-field]
   34 |     MachineObject* m_owner = nullptr;
      |                    ^
1 warning generated.
[623/663] Building CXX object src/slic3r/CMakeFiles/libslic3r_gui.dir/GUI/DeviceCore/DevExtruderSystem.cpp.o
[624/663] Building CXX object src/slic3r/CMakeFiles/libslic3r_gui.dir/GUI/DeviceCore/DevExtruderSystemCtrl.cpp.o
[625/663] Building CXX object src/slic3r/CMakeFiles/libslic3r_gui.dir/Utils/SimplyPrint.cpp.o
../src/slic3r/Utils/SimplyPrint.cpp:195:34: warning: lambda capture 'this' is not used [-Wunused-lambda-capture]
  195 |     const auto create_request = [this, &build_request, &res, &on_complete](const std::string& access_token, bool is_retry) {
      |                                  ^~~~~
../src/slic3r/Utils/SimplyPrint.cpp:303:32: warning: lambda capture 'this' is not used [-Wunused-lambda-capture]
  303 |         [&error_fn, &filename, this](std::string body, unsigned status) {
      |                              ~~^~~~
../src/slic3r/Utils/SimplyPrint.cpp:426:42: warning: lambda capture 'this' is not used [-Wunused-lambda-capture]
  426 |             [&error_fn, i, chunk_amount, this, &chunk_id, &delete_token](std::string body, unsigned status) {
      |                                        ~~^~~~
3 warnings generated.
[626/663] Building CXX object src/slic3r/CMakeFiles/libslic3r_gui.dir/GUI/DeviceCore/DevFilaAmsSetting.cpp.o
In file included from ../src/slic3r/GUI/DeviceCore/DevFilaAmsSetting.cpp:1:
../src/slic3r/GUI/DeviceCore/DevFilaAmsSetting.h:30:20: warning: private field 'm_owner' is not used [-Wunused-private-field]
   30 |     DevFilaSystem* m_owner = nullptr;
      |                    ^
1 warning generated.
[627/663] Building CXX object src/slic3r/CMakeFiles/libslic3r_gui.dir/GUI/DeviceCore/DevFilaAmsSettingCtrl.cpp.o
[628/663] Building CXX object src/slic3r/CMakeFiles/libslic3r_gui.dir/Utils/3DPrinterOS.cpp.o
../src/slic3r/Utils/3DPrinterOS.cpp:630:26: warning: lambda capture 'this' is not used [-Wunused-lambda-capture]
  630 |         .on_complete([&, this](std::string body, unsigned) {
      |                        ~~^~~~
1 warning generated.
[629/663] Building CXX object src/slic3r/CMakeFiles/libslic3r_gui.dir/GUI/DeviceCore/DevFilaSystem.cpp.o
[630/663] Building CXX object src/slic3r/CMakeFiles/libslic3r_gui.dir/GUI/DeviceCore/DevFilaSystemCtrl.cpp.o
[631/663] Building CXX object src/slic3r/CMakeFiles/libslic3r_gui.dir/GUI/DeviceCore/DevFirmware.cpp.o
In file included from ../src/slic3r/GUI/DeviceCore/DevFirmware.cpp:1:
../src/slic3r/GUI/DeviceCore/DevFirmware.h:56:20: warning: private field 'm_owner' is not used [-Wunused-private-field]
   56 |     MachineObject* m_owner = nullptr;
      |                    ^
1 warning generated.
[632/663] Building CXX object src/slic3r/CMakeFiles/libslic3r_gui.dir/GUI/DeviceCore/DevPrintOptions.cpp.o
[633/663] Building CXX object src/slic3r/CMakeFiles/libslic3r_gui.dir/GUI/DeviceCore/DevPrintTaskInfo.cpp.o
[634/663] Building CXX object src/slic3r/CMakeFiles/libslic3r_gui.dir/GUI/DeviceCore/DevHMS.cpp.o
In file included from ../src/slic3r/GUI/DeviceCore/DevHMS.cpp:2:
../src/slic3r/GUI/DeviceCore/DevHMS.h:24:20: warning: private field 'm_object' is not used [-Wunused-private-field]
   24 |     MachineObject* m_object = nullptr;
      |                    ^
1 warning generated.
[635/663] Building CXX object src/slic3r/CMakeFiles/libslic3r_gui.dir/GUI/DeviceCore/DevStorage.cpp.o
In file included from ../src/slic3r/GUI/DeviceCore/DevStorage.cpp:1:
../src/slic3r/GUI/DeviceCore/DevStorage.h:32:20: warning: private field 'm_owner' is not used [-Wunused-private-field]
   32 |     MachineObject *m_owner;
      |                    ^
1 warning generated.
[636/663] Building CXX object src/slic3r/CMakeFiles/libslic3r_gui.dir/GUI/DeviceCore/DevInfo.cpp.o
In file included from ../src/slic3r/GUI/DeviceCore/DevInfo.cpp:1:
../src/slic3r/GUI/DeviceCore/DevInfo.h:34:20: warning: private field 'm_owner' is not used [-Wunused-private-field]
   34 |     MachineObject* m_owner = nullptr;
      |                    ^
1 warning generated.
[637/663] Building CXX object src/slic3r/CMakeFiles/libslic3r_gui.dir/GUI/DeviceCore/DevLamp.cpp.o
[638/663] Building CXX object src/slic3r/CMakeFiles/libslic3r_gui.dir/GUI/DeviceCore/DevLampCtrl.cpp.o
[639/663] Building CXX object src/slic3r/CMakeFiles/libslic3r_gui.dir/Utils/FileTransferUtils.cpp.o
[640/663] Building CXX object src/slic3r/CMakeFiles/libslic3r_gui.dir/GUI/DeviceCore/DevMapping.cpp.o
[641/663] Building CXX object src/slic3r/CMakeFiles/libslic3r_gui.dir/GUI/DeviceCore/DevNozzleSystem.cpp.o
In file included from ../src/slic3r/GUI/DeviceCore/DevNozzleSystem.cpp:2:
../src/slic3r/GUI/DeviceCore/DevNozzleSystem.h:43:23: warning: private field 'm_owner' is not used [-Wunused-private-field]
   43 |        MachineObject* m_owner = nullptr;
      |                       ^
1 warning generated.
[642/663] Building CXX object src/slic3r/CMakeFiles/libslic3r_gui.dir/GUI/DeviceCore/DevUtil.cpp.o
[643/663] Building CXX object src/slic3r/CMakeFiles/libslic3r_gui.dir/GUI/DeviceCore/DevFan.cpp.o
[644/663] Building CXX object src/slic3r/CMakeFiles/libslic3r_gui.dir/Utils/UndoRedo.cpp.o
[645/663] Building CXX object src/slic3r/CMakeFiles/libslic3r_gui.dir/GUI/ios_platform_stubs.cpp.o
[646/663] Building CXX object src/slic3r/CMakeFiles/libslic3r_gui.dir/GUI/ios_gl_compat.cpp.o
[647/663] Building CXX object src/slic3r/CMakeFiles/libslic3r_gui.dir/GUI/ios_webview_support.mm.o
[648/663] Building CXX object src/slic3r/CMakeFiles/libslic3r_gui.dir/GUI/ios_camera_view.cpp.o
[649/663] Building CXX object src/slic3r/CMakeFiles/libslic3r_gui.dir/GUI/DeviceCore/DevFilaBlackList.cpp.o
[650/663] Building CXX object src/slic3r/CMakeFiles/libslic3r_gui.dir/GUI/DeviceTab/uiDeviceUpdateVersion.cpp.o
../src/slic3r/GUI/DeviceTab/uiDeviceUpdateVersion.cpp:6:2: warning: '/*' within block comment [-Wcomment]
    6 | //**********************************************************/
      |  ^
In file included from ../src/slic3r/GUI/DeviceTab/uiDeviceUpdateVersion.cpp:8:
../src/slic3r/GUI/DeviceTab/uiDeviceUpdateVersion.h:6:2: warning: '/*' within block comment [-Wcomment]
    6 | //**********************************************************/
      |  ^
2 warnings generated.
[651/663] Building CXX object src/slic3r/CMakeFiles/libslic3r_gui.dir/GUI/ios_native_notifications.mm.o
FAILED: [code=1] src/slic3r/CMakeFiles/libslic3r_gui.dir/GUI/ios_native_notifications.mm.o 
ccache /usr/bin/c++ -DBBL_RELEASE_TO_PUBLIC=1 -DBOOST_NO_CXX98_FUNCTION_BASE -DGIT_COMMIT_HASH=\"395e070a0e\" -DLIBNEST2D_GEOMETRIES_libslic3r -DLIBNEST2D_OPTIMIZER_nlopt -DLIBNEST2D_STATIC -DLIBNEST2D_THREADING_tbb -DNDEBUG -DORCA_BAMBU_LAN_AGENT -DSLIC3R_CURRENTLY_COMPILING_GUI_MODULE -DSLIC3R_DESKTOP_INTEGRATION -DSLIC3R_GUI -DSLIC3R_OPENGL_ES=1 -DTBB_USE_CAPTURED_EXCEPTION=0 -DUNICODE -DUSE_TBB -DWXINTL_NO_GETTEXT_MACRO -D_FILE_OFFSET_BITS=64 -D_HAS_AUTO_PTR_ETC=0 -D_UNICODE -D__WXOSX_IPHONE__ -DwxDEBUG_LEVEL=0 -DwxNO_UNSAFE_WXSTRING_CONV -DwxUSE_UNICODE -I/Users/runner/work/Orca-iOS-ipa/Orca-iOS-ipa/orca/src/slic3r/Utils -I/Users/runner/work/Orca-iOS-ipa/Orca-iOS-ipa/orca/build/src/slic3r -I/Users/runner/work/Orca-iOS-ipa/Orca-iOS-ipa/orca/build/src/libslic3r -I/Users/runner/work/Orca-iOS-ipa/Orca-iOS-ipa/orca/src/libvgcode/glad/include -I/Users/runner/work/Orca-iOS-ipa/Orca-iOS-ipa/orca/src/glad/include -isystem /Users/runner/work/Orca-iOS-ipa/Orca-iOS-ipa/orca/src -isystem /Users/runner/work/Orca-iOS-ipa/Orca-iOS-ipa/orca/build/src/dev-utils/platform -isystem /Users/runner/work/Orca-iOS-ipa/Orca-iOS-ipa/orca/src/libigl -isystem /Users/runner/work/Orca-iOS-ipa/Orca-iOS-ipa/ios-prefix/usr/local/include/opencascade -isystem /Users/runner/work/Orca-iOS-ipa/Orca-iOS-ipa/ios-prefix/usr/local/include/eigen3 -isystem /Users/runner/work/Orca-iOS-ipa/Orca-iOS-ipa/orca/deps_src/admesh -isystem /Users/runner/work/Orca-iOS-ipa/Orca-iOS-ipa/orca/deps_src/admesh/.. -isystem /Users/runner/work/Orca-iOS-ipa/Orca-iOS-ipa/orca/deps_src/libigl -isystem /Users/runner/work/Orca-iOS-ipa/Orca-iOS-ipa/orca/deps_src/libnest2d/include -isystem /Users/runner/work/Orca-iOS-ipa/Orca-iOS-ipa/ios-prefix/usr/local/include -isystem /Users/runner/work/Orca-iOS-ipa/Orca-iOS-ipa/orca/deps_src/miniz -isystem /Users/runner/work/Orca-iOS-ipa/Orca-iOS-ipa/ios-prefix/usr/local/include/opencv4 -isystem /Users/runner/work/Orca-iOS-ipa/Orca-iOS-ipa/orca/deps_src/imgui -isystem /Users/runner/work/Orca-iOS-ipa/Orca-iOS-ipa/orca/deps_src/imguizmo -isystem /Users/runner/work/Orca-iOS-ipa/Orca-iOS-ipa/orca/deps_src/minilzo -isystem /Users/runner/work/Orca-iOS-ipa/Orca-iOS-ipa/orca/deps_src/hidapi/include -isystem /Users/runner/work/Orca-iOS-ipa/Orca-iOS-ipa/orca/deps_src/mdns -isystem /Users/runner/work/Orca-iOS-ipa/Orca-iOS-ipa/wx-prefix/lib/wx/include/osx_iphone-unicode-static-3.3 -isystem /Users/runner/work/Orca-iOS-ipa/Orca-iOS-ipa/wx-prefix/include/wx-3.3 -Wall -Wno-reorder -Werror=partial-availability -Werror=unguarded-availability -Werror=unguarded-availability-new -O3 -DNDEBUG -std=gnu++17 -arch arm64 -isysroot /Applications/Xcode_26.3.app/Contents/Developer/Platforms/iPhoneOS.platform/Developer/SDKs/iPhoneOS26.2.sdk -miphoneos-version-min=26.0 -fPIC -fsigned-char -Werror=return-type -Wno-unused-function -Wno-unused-variable -Wno-unused-but-set-variable -Wno-unused-label -Wno-unused-local-typedefs -Wno-sign-compare -Wno-misleading-indentation -Wno-switch -Wno-ignored-attributes -Wno-deprecated-declarations -Wno-error=enum-constexpr-conversion -MD -MT src/slic3r/CMakeFiles/libslic3r_gui.dir/GUI/ios_native_notifications.mm.o -MF src/slic3r/CMakeFiles/libslic3r_gui.dir/GUI/ios_native_notifications.mm.o.d -o src/slic3r/CMakeFiles/libslic3r_gui.dir/GUI/ios_native_notifications.mm.o -c /Users/runner/work/Orca-iOS-ipa/Orca-iOS-ipa/orca/src/slic3r/GUI/ios_native_notifications.mm
../src/slic3r/GUI/ios_native_notifications.mm:478:38: error: non-pointer operand type 'void (^)()' incompatible with nullptr
  478 |     void (^closer)(void) = tell_orca ? banner.onClose : nil;
      |                                      ^ ~~~~~~~~~~~~~~
1 error generated.
[652/663] Building CXX object src/slic3r/CMakeFiles/libslic3r_gui.dir/GUI/ios_native_ui.mm.o
[653/663] Building CXX object src/slic3r/CMakeFiles/libslic3r_gui.dir/Utils/BambuLanMqtt.cpp.o
[654/663] Building CXX object src/slic3r/CMakeFiles/libslic3r_gui.dir/Utils/BambuLanFtps.cpp.o
[655/663] Building CXX object src/slic3r/CMakeFiles/libslic3r_gui.dir/Utils/BambuLanDiscovery.cpp.o
[656/663] Building CXX object src/slic3r/CMakeFiles/libslic3r_gui.dir/Utils/BambuLanPrintCommand.cpp.o
[657/663] Building CXX object src/slic3r/CMakeFiles/libslic3r_gui.dir/Utils/BambuLanCamera.cpp.o
[658/663] Building CXX object src/slic3r/CMakeFiles/libslic3r_gui.dir/Utils/BambuLanPrinterAgent.cpp.o
[659/663] Building CXX object src/slic3r/CMakeFiles/libslic3r_gui.dir/GUI/ios_native_progress.mm.o
[660/663] Building CXX object src/slic3r/CMakeFiles/libslic3r_gui.dir/GUI/ios_native_picker.mm.o
[661/663] Building CXX object src/slic3r/CMakeFiles/libslic3r_gui.dir/GUI/DeviceCore/DevManager.cpp.o
../src/slic3r/GUI/DeviceCore/DevManager.cpp:777:86: warning: loop variable 'pair' of type 'const std::pair<std::string, std::vector<std::string>> &' (aka 'const pair<basic_string<char>, vector<basic_string<char>>> &') binds to a temporary constructed from type 'reference' (aka 'pair<const std::string, std::vector<std::string, std::allocator<std::string>>> &') [-Wrange-loop-construct]
  777 |                         for (const std::pair<std::string, std::vector<std::string>> &pair : device_subseries) {
      |                                                                                      ^
../src/slic3r/GUI/DeviceCore/DevManager.cpp:777:30: note: use non-reference type 'std::pair<std::string, std::vector<std::string>>' (aka 'pair<basic_string<char>, vector<basic_string<char>>>') to make construction explicit or type 'const value_type &' (aka 'const pair<const std::string, std::vector<std::string, std::allocator<std::string>>> &') to prevent copying
  777 |                         for (const std::pair<std::string, std::vector<std::string>> &pair : device_subseries) {
      |                              ^~~~~~~~~~~~~~~~~~~~~~~~~~~~~~~~~~~~~~~~~~~~~~~~~~~~~~~~~~~~~~
1 warning generated.
[662/663] Building CXX object src/slic3r/CMakeFiles/libslic3r_gui.dir/GUI/DeviceTab/uiAmsHumidityPopup.cpp.o
../src/slic3r/GUI/DeviceTab/uiAmsHumidityPopup.cpp:6:2: warning: '/*' within block comment [-Wcomment]
    6 | //**********************************************************/
      |  ^
In file included from ../src/slic3r/GUI/DeviceTab/uiAmsHumidityPopup.cpp:8:
../src/slic3r/GUI/DeviceTab/uiAmsHumidityPopup.h:6:2: warning: '/*' within block comment [-Wcomment]
    6 | //**********************************************************/
      |  ^
../src/slic3r/GUI/DeviceTab/uiAmsHumidityPopup.h:41:10: warning: 'Slic3r::GUI::uiAmsPercentHumidityDryPopup::Update' hides overloaded virtual function [-Woverloaded-virtual]
   41 |     void Update(uiAmsHumidityInfo *info) { m_ams_id = info->ams_id; Update(info->humidity_display_idx, info->humidity_percent, info->left_dry_time, info->current_temperature); };
      |          ^
../../wx-prefix/include/wx-3.3/wx/osx/nonownedwnd.h:74:18: note: hidden overloaded virtual function 'wxNonOwnedWindow::Update' declared here: different number of parameters (0 vs 1)
   74 |     virtual void Update() override;
      |                  ^
In file included from ../src/slic3r/GUI/DeviceTab/uiAmsHumidityPopup.cpp:8:
../src/slic3r/GUI/DeviceTab/uiAmsHumidityPopup.h:48:10: warning: 'Slic3r::GUI::uiAmsPercentHumidityDryPopup::Update' hides overloaded virtual function [-Woverloaded-virtual]
   48 |     void Update(int humidiy_level, int humidity_percent, int left_dry_time, float current_temperature);
      |          ^
../../wx-prefix/include/wx-3.3/wx/osx/nonownedwnd.h:74:18: note: hidden overloaded virtual function 'wxNonOwnedWindow::Update' declared here: different number of parameters (0 vs 4)
   74 |     virtual void Update() override;
      |                  ^
4 warnings generated.
ninja: build stopped: cannot make progress due to previous errors.
