   34 |     void SetLabel(const wxString& label);
      |          ^
/Users/runner/work/Orca-iOS-ipa/Orca-iOS-ipa/wx-prefix/include/wx-3.3/wx/osx/window.h:56:18: note: overridden virtual function is here
   56 |     virtual void SetLabel( const wxString& label ) override;
      |                  ^
In file included from /Users/runner/work/Orca-iOS-ipa/Orca-iOS-ipa/orca/src/slic3r/Utils/PrintHost.cpp:25:
In file included from /Users/runner/work/Orca-iOS-ipa/Orca-iOS-ipa/orca/src/slic3r/Utils/../GUI/MainFrame.hpp:26:
/Users/runner/work/Orca-iOS-ipa/Orca-iOS-ipa/orca/src/slic3r/Utils/../GUI/Widgets/SideButton.hpp:50:10: warning: 'Enable' overrides a member function but is not marked 'override' [-Winconsistent-missing-override]
   50 |     bool Enable(bool enable = true);
      |          ^
/Users/runner/work/Orca-iOS-ipa/Orca-iOS-ipa/wx-prefix/include/wx-3.3/wx/window.h:646:18: note: overridden virtual function is here
  646 |     virtual bool Enable( bool enable = true );
      |                  ^
In file included from /Users/runner/work/Orca-iOS-ipa/Orca-iOS-ipa/orca/src/slic3r/Utils/PrintHost.cpp:25:
In file included from /Users/runner/work/Orca-iOS-ipa/Orca-iOS-ipa/orca/src/slic3r/Utils/../GUI/MainFrame.hpp:36:
In file included from /Users/runner/work/Orca-iOS-ipa/Orca-iOS-ipa/orca/src/slic3r/Utils/../GUI/calib_dlg.hpp:12:
/Users/runner/work/Orca-iOS-ipa/Orca-iOS-ipa/orca/src/slic3r/Utils/../GUI/Widgets/LabeledStaticBox.hpp:45:10: warning: 'LabeledStaticBox::SetFont' hides overloaded virtual function [-Woverloaded-virtual]
   45 |     void SetFont(wxFont set_font);
      |          ^
/Users/runner/work/Orca-iOS-ipa/Orca-iOS-ipa/wx-prefix/include/wx-3.3/wx/osx/statbox.h:44:18: note: hidden overloaded virtual function 'wxStaticBox::SetFont' declared here: type mismatch at 1st parameter ('const wxFont &' vs 'wxFont')
   44 |     virtual bool SetFont( const wxFont &font ) override;
      |                  ^
In file included from /Users/runner/work/Orca-iOS-ipa/Orca-iOS-ipa/orca/src/slic3r/Utils/PrintHost.cpp:26:
/Users/runner/work/Orca-iOS-ipa/Orca-iOS-ipa/orca/src/slic3r/Utils/Obico.hpp:23:18: warning: 'can_test' overrides a member function but is not marked 'override' [-Winconsistent-missing-override]
   23 |     virtual bool can_test() const { return true; };
      |                  ^
/Users/runner/work/Orca-iOS-ipa/Orca-iOS-ipa/orca/src/slic3r/Utils/PrintHost.hpp:68:18: note: overridden virtual function is here
   68 |     virtual bool can_test() const = 0;
      |                  ^
In file included from /Users/runner/work/Orca-iOS-ipa/Orca-iOS-ipa/orca/src/slic3r/Utils/PrintHost.cpp:26:
/Users/runner/work/Orca-iOS-ipa/Orca-iOS-ipa/orca/src/slic3r/Utils/Obico.hpp:33:40: warning: 'get_post_upload_actions' overrides a member function but is not marked 'override' [-Winconsistent-missing-override]
   33 |     PrintHostPostUploadActions         get_post_upload_actions() const;
      |                                        ^
/Users/runner/work/Orca-iOS-ipa/Orca-iOS-ipa/orca/src/slic3r/Utils/PrintHost.hpp:69:40: note: overridden virtual function is here
   69 |     virtual PrintHostPostUploadActions get_post_upload_actions() const = 0;
      |                                        ^
In file included from /Users/runner/work/Orca-iOS-ipa/Orca-iOS-ipa/orca/src/slic3r/Utils/PrintHost.cpp:29:
/Users/runner/work/Orca-iOS-ipa/Orca-iOS-ipa/orca/src/slic3r/Utils/ElegooLink.hpp:37:18: warning: 'validate_version_text' overrides a member function but is not marked 'override' [-Winconsistent-missing-override]
   37 |     virtual bool validate_version_text(const boost::optional<std::string> &version_text) const;
      |                  ^
/Users/runner/work/Orca-iOS-ipa/Orca-iOS-ipa/orca/src/slic3r/Utils/OctoPrint.hpp:41:18: note: overridden virtual function is here
   41 |     virtual bool validate_version_text(const boost::optional<std::string> &version_text) const;
      |                  ^
In file included from /Users/runner/work/Orca-iOS-ipa/Orca-iOS-ipa/orca/src/slic3r/Utils/PrintHost.cpp:29:
/Users/runner/work/Orca-iOS-ipa/Orca-iOS-ipa/orca/src/slic3r/Utils/ElegooLink.hpp:38:18: warning: 'upload_inner_with_host' overrides a member function but is not marked 'override' [-Winconsistent-missing-override]
   38 |     virtual bool upload_inner_with_host(PrintHostUpload upload_data, ProgressFn prorgess_fn, ErrorFn error_fn, InfoFn info_fn) const;
      |                  ^
/Users/runner/work/Orca-iOS-ipa/Orca-iOS-ipa/orca/src/slic3r/Utils/OctoPrint.hpp:42:18: note: overridden virtual function is here
   42 |     virtual bool upload_inner_with_host(PrintHostUpload upload_data, ProgressFn prorgess_fn, ErrorFn error_fn, InfoFn info_fn) const;
      |                  ^
In file included from /Users/runner/work/Orca-iOS-ipa/Orca-iOS-ipa/orca/src/slic3r/Utils/PrintHost.cpp:25:
In file included from /Users/runner/work/Orca-iOS-ipa/Orca-iOS-ipa/orca/src/slic3r/Utils/../GUI/MainFrame.hpp:21:
In file included from /Users/runner/work/Orca-iOS-ipa/Orca-iOS-ipa/orca/src/slic3r/Utils/../GUI/Monitor.hpp:4:
/Users/runner/work/Orca-iOS-ipa/Orca-iOS-ipa/orca/src/slic3r/Utils/../GUI/Tabbook.hpp:421:25: warning: private field 'm_ctrl' is not used [-Wunused-private-field]
  421 |     TabButtonsListCtrl *m_ctrl{nullptr};
      |                         ^
23 warnings generated.
[613/659] Building CXX object src/slic3r/CMakeFiles/libslic3r_gui.dir/Utils/RaycastManager.cpp.o
[614/659] Building CXX object src/slic3r/CMakeFiles/libslic3r_gui.dir/Utils/PresetUpdater.cpp.o
/Users/runner/work/Orca-iOS-ipa/Orca-iOS-ipa/orca/src/slic3r/Utils/PresetUpdater.cpp:514:23: warning: lambda capture 'this' is not used [-Wunused-lambda-capture]
  514 |         .on_complete([this, &resource_list, resources](std::string body, unsigned) {
      |                       ^~~~~
1 warning generated.
[615/659] Building CXX object src/slic3r/CMakeFiles/libslic3r_gui.dir/Utils/Repetier.cpp.o
/Users/runner/work/Orca-iOS-ipa/Orca-iOS-ipa/orca/src/slic3r/Utils/Repetier.cpp:76:26: warning: lambda capture 'this' is not used [-Wunused-lambda-capture]
   76 |         .on_complete([&, this](std::string body, unsigned) {
      |                        ~~^~~~
1 warning generated.
[616/659] Building CXX object src/slic3r/CMakeFiles/libslic3r_gui.dir/Utils/Serial.cpp.o
[617/659] Building CXX object src/slic3r/CMakeFiles/libslic3r_gui.dir/Utils/TCPConsole.cpp.o
[618/659] Building CXX object src/slic3r/CMakeFiles/libslic3r_gui.dir/Utils/WxFontUtils.cpp.o
[619/659] Building CXX object src/slic3r/CMakeFiles/libslic3r_gui.dir/Utils/3DPrinterOS.cpp.o
/Users/runner/work/Orca-iOS-ipa/Orca-iOS-ipa/orca/src/slic3r/Utils/3DPrinterOS.cpp:630:26: warning: lambda capture 'this' is not used [-Wunused-lambda-capture]
  630 |         .on_complete([&, this](std::string body, unsigned) {
      |                        ~~^~~~
1 warning generated.
[620/659] Building CXX object src/slic3r/CMakeFiles/libslic3r_gui.dir/Utils/SimplyPrint.cpp.o
/Users/runner/work/Orca-iOS-ipa/Orca-iOS-ipa/orca/src/slic3r/Utils/SimplyPrint.cpp:195:34: warning: lambda capture 'this' is not used [-Wunused-lambda-capture]
  195 |     const auto create_request = [this, &build_request, &res, &on_complete](const std::string& access_token, bool is_retry) {
      |                                  ^~~~~
/Users/runner/work/Orca-iOS-ipa/Orca-iOS-ipa/orca/src/slic3r/Utils/SimplyPrint.cpp:303:32: warning: lambda capture 'this' is not used [-Wunused-lambda-capture]
  303 |         [&error_fn, &filename, this](std::string body, unsigned status) {
      |                              ~~^~~~
/Users/runner/work/Orca-iOS-ipa/Orca-iOS-ipa/orca/src/slic3r/Utils/SimplyPrint.cpp:426:42: warning: lambda capture 'this' is not used [-Wunused-lambda-capture]
  426 |             [&error_fn, i, chunk_amount, this, &chunk_id, &delete_token](std::string body, unsigned status) {
      |                                        ~~^~~~
3 warnings generated.
[621/659] Building CXX object src/slic3r/CMakeFiles/libslic3r_gui.dir/Utils/FileTransferUtils.cpp.o
[622/659] Building CXX object src/slic3r/CMakeFiles/libslic3r_gui.dir/GUI/DeviceCore/DevBed.cpp.o
[623/659] Building CXX object src/slic3r/CMakeFiles/libslic3r_gui.dir/GUI/DeviceCore/DevConfig.cpp.o
In file included from /Users/runner/work/Orca-iOS-ipa/Orca-iOS-ipa/orca/src/slic3r/GUI/DeviceCore/DevConfig.cpp:3:
/Users/runner/work/Orca-iOS-ipa/Orca-iOS-ipa/orca/src/slic3r/GUI/DeviceCore/DevConfig.h:55:20: warning: private field 'm_obj' is not used [-Wunused-private-field]
   55 |     MachineObject* m_obj;
      |                    ^
1 warning generated.
[624/659] Building CXX object src/slic3r/CMakeFiles/libslic3r_gui.dir/GUI/DeviceCore/DevConfigUtil.cpp.o
[625/659] Building CXX object src/slic3r/CMakeFiles/libslic3r_gui.dir/GUI/DeviceCore/DevCtrl.cpp.o
[626/659] Building CXX object src/slic3r/CMakeFiles/libslic3r_gui.dir/GUI/DeviceCore/DevExtensionTool.cpp.o
In file included from /Users/runner/work/Orca-iOS-ipa/Orca-iOS-ipa/orca/src/slic3r/GUI/DeviceCore/DevExtensionTool.cpp:1:
/Users/runner/work/Orca-iOS-ipa/Orca-iOS-ipa/orca/src/slic3r/GUI/DeviceCore/DevExtensionTool.h:34:20: warning: private field 'm_owner' is not used [-Wunused-private-field]
   34 |     MachineObject* m_owner = nullptr;
      |                    ^
1 warning generated.
[627/659] Building CXX object src/slic3r/CMakeFiles/libslic3r_gui.dir/Utils/UndoRedo.cpp.o
[628/659] Building CXX object src/slic3r/CMakeFiles/libslic3r_gui.dir/GUI/DeviceCore/DevExtruderSystem.cpp.o
[629/659] Building CXX object src/slic3r/CMakeFiles/libslic3r_gui.dir/GUI/DeviceCore/DevExtruderSystemCtrl.cpp.o
[630/659] Building CXX object src/slic3r/CMakeFiles/libslic3r_gui.dir/GUI/DeviceCore/DevFilaAmsSetting.cpp.o
In file included from /Users/runner/work/Orca-iOS-ipa/Orca-iOS-ipa/orca/src/slic3r/GUI/DeviceCore/DevFilaAmsSetting.cpp:1:
/Users/runner/work/Orca-iOS-ipa/Orca-iOS-ipa/orca/src/slic3r/GUI/DeviceCore/DevFilaAmsSetting.h:30:20: warning: private field 'm_owner' is not used [-Wunused-private-field]
   30 |     DevFilaSystem* m_owner = nullptr;
      |                    ^
1 warning generated.
[631/659] Building CXX object src/slic3r/CMakeFiles/libslic3r_gui.dir/GUI/DeviceCore/DevFilaAmsSettingCtrl.cpp.o
[632/659] Building CXX object src/slic3r/CMakeFiles/libslic3r_gui.dir/GUI/DeviceCore/DevFan.cpp.o
[633/659] Building CXX object src/slic3r/CMakeFiles/libslic3r_gui.dir/GUI/DeviceCore/DevFilaSystemCtrl.cpp.o
[634/659] Building CXX object src/slic3r/CMakeFiles/libslic3r_gui.dir/GUI/DeviceCore/DevFilaSystem.cpp.o
[635/659] Building CXX object src/slic3r/CMakeFiles/libslic3r_gui.dir/GUI/DeviceCore/DevFirmware.cpp.o
In file included from /Users/runner/work/Orca-iOS-ipa/Orca-iOS-ipa/orca/src/slic3r/GUI/DeviceCore/DevFirmware.cpp:1:
/Users/runner/work/Orca-iOS-ipa/Orca-iOS-ipa/orca/src/slic3r/GUI/DeviceCore/DevFirmware.h:56:20: warning: private field 'm_owner' is not used [-Wunused-private-field]
   56 |     MachineObject* m_owner = nullptr;
      |                    ^
1 warning generated.
[636/659] Building CXX object src/slic3r/CMakeFiles/libslic3r_gui.dir/GUI/DeviceCore/DevFilaBlackList.cpp.o
[637/659] Building CXX object src/slic3r/CMakeFiles/libslic3r_gui.dir/GUI/DeviceCore/DevPrintOptions.cpp.o
[638/659] Building CXX object src/slic3r/CMakeFiles/libslic3r_gui.dir/GUI/DeviceCore/DevPrintTaskInfo.cpp.o
[639/659] Building CXX object src/slic3r/CMakeFiles/libslic3r_gui.dir/GUI/DeviceCore/DevHMS.cpp.o
In file included from /Users/runner/work/Orca-iOS-ipa/Orca-iOS-ipa/orca/src/slic3r/GUI/DeviceCore/DevHMS.cpp:2:
/Users/runner/work/Orca-iOS-ipa/Orca-iOS-ipa/orca/src/slic3r/GUI/DeviceCore/DevHMS.h:24:20: warning: private field 'm_object' is not used [-Wunused-private-field]
   24 |     MachineObject* m_object = nullptr;
      |                    ^
1 warning generated.
[640/659] Building CXX object src/slic3r/CMakeFiles/libslic3r_gui.dir/GUI/DeviceCore/DevLamp.cpp.o
[641/659] Building CXX object src/slic3r/CMakeFiles/libslic3r_gui.dir/GUI/DeviceCore/DevStorage.cpp.o
In file included from /Users/runner/work/Orca-iOS-ipa/Orca-iOS-ipa/orca/src/slic3r/GUI/DeviceCore/DevStorage.cpp:1:
/Users/runner/work/Orca-iOS-ipa/Orca-iOS-ipa/orca/src/slic3r/GUI/DeviceCore/DevStorage.h:32:20: warning: private field 'm_owner' is not used [-Wunused-private-field]
   32 |     MachineObject *m_owner;
      |                    ^
1 warning generated.
[642/659] Building CXX object src/slic3r/CMakeFiles/libslic3r_gui.dir/GUI/DeviceCore/DevInfo.cpp.o
In file included from /Users/runner/work/Orca-iOS-ipa/Orca-iOS-ipa/orca/src/slic3r/GUI/DeviceCore/DevInfo.cpp:1:
/Users/runner/work/Orca-iOS-ipa/Orca-iOS-ipa/orca/src/slic3r/GUI/DeviceCore/DevInfo.h:34:20: warning: private field 'm_owner' is not used [-Wunused-private-field]
   34 |     MachineObject* m_owner = nullptr;
      |                    ^
1 warning generated.
[643/659] Building CXX object src/slic3r/CMakeFiles/libslic3r_gui.dir/GUI/DeviceCore/DevLampCtrl.cpp.o
[644/659] Building CXX object src/slic3r/CMakeFiles/libslic3r_gui.dir/GUI/DeviceCore/DevUtil.cpp.o
[645/659] Building CXX object src/slic3r/CMakeFiles/libslic3r_gui.dir/GUI/DeviceCore/DevNozzleSystem.cpp.o
In file included from /Users/runner/work/Orca-iOS-ipa/Orca-iOS-ipa/orca/src/slic3r/GUI/DeviceCore/DevNozzleSystem.cpp:2:
/Users/runner/work/Orca-iOS-ipa/Orca-iOS-ipa/orca/src/slic3r/GUI/DeviceCore/DevNozzleSystem.h:43:23: warning: private field 'm_owner' is not used [-Wunused-private-field]
   43 |        MachineObject* m_owner = nullptr;
      |                       ^
1 warning generated.
[646/659] Building CXX object src/slic3r/CMakeFiles/libslic3r_gui.dir/GUI/DeviceCore/DevMapping.cpp.o
[647/659] Building CXX object src/slic3r/CMakeFiles/libslic3r_gui.dir/GUI/DeviceCore/DevManager.cpp.o
/Users/runner/work/Orca-iOS-ipa/Orca-iOS-ipa/orca/src/slic3r/GUI/DeviceCore/DevManager.cpp:777:86: warning: loop variable 'pair' of type 'const std::pair<std::string, std::vector<std::string>> &' (aka 'const pair<basic_string<char>, vector<basic_string<char>>> &') binds to a temporary constructed from type 'reference' (aka 'pair<const std::string, std::vector<std::string, std::allocator<std::string>>> &') [-Wrange-loop-construct]
  777 |                         for (const std::pair<std::string, std::vector<std::string>> &pair : device_subseries) {
      |                                                                                      ^
/Users/runner/work/Orca-iOS-ipa/Orca-iOS-ipa/orca/src/slic3r/GUI/DeviceCore/DevManager.cpp:777:30: note: use non-reference type 'std::pair<std::string, std::vector<std::string>>' (aka 'pair<basic_string<char>, vector<basic_string<char>>>') to make construction explicit or type 'const value_type &' (aka 'const pair<const std::string, std::vector<std::string, std::allocator<std::string>>> &') to prevent copying
  777 |                         for (const std::pair<std::string, std::vector<std::string>> &pair : device_subseries) {
      |                              ^~~~~~~~~~~~~~~~~~~~~~~~~~~~~~~~~~~~~~~~~~~~~~~~~~~~~~~~~~~~~~
1 warning generated.
[648/659] Building CXX object src/slic3r/CMakeFiles/libslic3r_gui.dir/GUI/ios_gl_compat.cpp.o
[649/659] Building CXX object src/slic3r/CMakeFiles/libslic3r_gui.dir/GUI/ios_platform_stubs.cpp.o
[650/659] Building CXX object src/slic3r/CMakeFiles/libslic3r_gui.dir/GUI/DeviceTab/uiDeviceUpdateVersion.cpp.o
/Users/runner/work/Orca-iOS-ipa/Orca-iOS-ipa/orca/src/slic3r/GUI/DeviceTab/uiDeviceUpdateVersion.cpp:6:2: warning: '/*' within block comment [-Wcomment]
    6 | //**********************************************************/
      |  ^
In file included from /Users/runner/work/Orca-iOS-ipa/Orca-iOS-ipa/orca/src/slic3r/GUI/DeviceTab/uiDeviceUpdateVersion.cpp:8:
/Users/runner/work/Orca-iOS-ipa/Orca-iOS-ipa/orca/src/slic3r/GUI/DeviceTab/uiDeviceUpdateVersion.h:6:2: warning: '/*' within block comment [-Wcomment]
    6 | //**********************************************************/
      |  ^
2 warnings generated.
[651/659] Building CXX object src/slic3r/CMakeFiles/libslic3r_gui.dir/GUI/DeviceTab/uiAmsHumidityPopup.cpp.o
/Users/runner/work/Orca-iOS-ipa/Orca-iOS-ipa/orca/src/slic3r/GUI/DeviceTab/uiAmsHumidityPopup.cpp:6:2: warning: '/*' within block comment [-Wcomment]
    6 | //**********************************************************/
      |  ^
In file included from /Users/runner/work/Orca-iOS-ipa/Orca-iOS-ipa/orca/src/slic3r/GUI/DeviceTab/uiAmsHumidityPopup.cpp:8:
/Users/runner/work/Orca-iOS-ipa/Orca-iOS-ipa/orca/src/slic3r/GUI/DeviceTab/uiAmsHumidityPopup.h:6:2: warning: '/*' within block comment [-Wcomment]
    6 | //**********************************************************/
      |  ^
/Users/runner/work/Orca-iOS-ipa/Orca-iOS-ipa/orca/src/slic3r/GUI/DeviceTab/uiAmsHumidityPopup.h:41:10: warning: 'Slic3r::GUI::uiAmsPercentHumidityDryPopup::Update' hides overloaded virtual function [-Woverloaded-virtual]
   41 |     void Update(uiAmsHumidityInfo *info) { m_ams_id = info->ams_id; Update(info->humidity_display_idx, info->humidity_percent, info->left_dry_time, info->current_temperature); };
      |          ^
/Users/runner/work/Orca-iOS-ipa/Orca-iOS-ipa/wx-prefix/include/wx-3.3/wx/osx/nonownedwnd.h:74:18: note: hidden overloaded virtual function 'wxNonOwnedWindow::Update' declared here: different number of parameters (0 vs 1)
   74 |     virtual void Update() override;
      |                  ^
In file included from /Users/runner/work/Orca-iOS-ipa/Orca-iOS-ipa/orca/src/slic3r/GUI/DeviceTab/uiAmsHumidityPopup.cpp:8:
/Users/runner/work/Orca-iOS-ipa/Orca-iOS-ipa/orca/src/slic3r/GUI/DeviceTab/uiAmsHumidityPopup.h:48:10: warning: 'Slic3r::GUI::uiAmsPercentHumidityDryPopup::Update' hides overloaded virtual function [-Woverloaded-virtual]
   48 |     void Update(int humidiy_level, int humidity_percent, int left_dry_time, float current_temperature);
      |          ^
/Users/runner/work/Orca-iOS-ipa/Orca-iOS-ipa/wx-prefix/include/wx-3.3/wx/osx/nonownedwnd.h:74:18: note: hidden overloaded virtual function 'wxNonOwnedWindow::Update' declared here: different number of parameters (0 vs 4)
   74 |     virtual void Update() override;
      |                  ^
4 warnings generated.
[652/659] Building CXX object src/slic3r/CMakeFiles/libslic3r_gui.dir/Utils/BambuLanMqtt.cpp.o
[653/659] Building CXX object src/slic3r/CMakeFiles/libslic3r_gui.dir/Utils/BambuLanFtps.cpp.o
[654/659] Building CXX object src/slic3r/CMakeFiles/libslic3r_gui.dir/Utils/BambuLanDiscovery.cpp.o
[655/659] Building CXX object src/slic3r/CMakeFiles/libslic3r_gui.dir/Utils/BambuLanPrintCommand.cpp.o
[656/659] Building CXX object src/slic3r/CMakeFiles/libslic3r_gui.dir/Utils/BambuLanPrinterAgent.cpp.o
ninja: build stopped: cannot make progress due to previous errors.
