1142-[235/659] Building CXX object src/libslic3r/CMakeFiles/libslic3r.dir/Polyline.cpp.o
1143-[236/659] Building CXX object src/libslic3r/CMakeFiles/libslic3r.dir/PrincipalComponents2D.cpp.o
1144-[237/659] Building CXX object src/libslic3r/CMakeFiles/libslic3r.dir/Preset.cpp.o
1145:FAILED: [code=1] src/libslic3r/CMakeFiles/libslic3r.dir/Preset.cpp.o 
1146-ccache /usr/bin/c++ -DBBL_RELEASE_TO_PUBLIC=1 -DBOOST_ASIO_DISABLE_KQUEUE -DBOOST_ATOMIC_NO_LIB -DBOOST_ATOMIC_STATIC_LINK -DBOOST_CHRONO_NO_LIB -DBOOST_CHRONO_STATIC_LINK -DBOOST_CONTAINER_NO_LIB -DBOOST_CONTAINER_STATIC_LINK -DBOOST_DATE_TIME_NO_LIB -DBOOST_DATE_TIME_STATIC_LINK -DBOOST_FILESYSTEM_NO_LIB -DBOOST_FILESYSTEM_STATIC_LINK=1 -DBOOST_IOSTREAMS_NO_LIB -DBOOST_IOSTREAMS_STATIC_LINK -DBOOST_LOCALE_NO_LIB -DBOOST_LOCALE_STATIC_LINK -DBOOST_LOG_NO_LIB -DBOOST_LOG_STATIC_LINK -DBOOST_NOWIDE_NO_LIB -DBOOST_NO_CXX98_FUNCTION_BASE -DBOOST_PROGRAM_OPTIONS_NO_LIB -DBOOST_PROGRAM_OPTIONS_STATIC_LINK -DBOOST_RANDOM_NO_LIB -DBOOST_RANDOM_STATIC_LINK -DBOOST_SERIALIZATION_NO_LIB -DBOOST_SERIALIZATION_STATIC_LINK -DBOOST_THREAD_NO_LIB -DBOOST_THREAD_STATIC_LINK -DBOOST_THREAD_USE_LIB -DGIT_COMMIT_HASH=\"395e070a0e\" -DHAVE_FREETYPE -DHAVE_OPENGL_EXT -DLIBNEST2D_GEOMETRIES_libslic3r -DLIBNEST2D_OPTIMIZER_nlopt -DLIBNEST2D_STATIC -DLIBNEST2D_THREADING_tbb -DNDEBUG -DOCC_CONVERT_SIGNALS -DOPENVDB_OPENEXR_STATICLIB -DOPENVDB_STATICLIB -DSLIC3R_DESKTOP_INTEGRATION -DSLIC3R_GUI -DTBB_USE_CAPTURED_EXCEPTION=0 -DUNICODE -DUSE_TBB -DWXINTL_NO_GETTEXT_MACRO -D_HAS_AUTO_PTR_ETC=0 -D_UNICODE -DwxNO_UNSAFE_WXSTRING_CONV -DwxUSE_UNICODE -I/Users/runner/work/Orca-iOS-ipa/Orca-iOS-ipa/orca/src/libslic3r -I/Users/runner/work/Orca-iOS-ipa/Orca-iOS-ipa/orca/build/src/libslic3r -I/Users/runner/work/Orca-iOS-ipa/Orca-iOS-ipa/orca/deps_src/clipper2/Clipper2Lib/include -F/Applications/Xcode_16.4.app/Contents/Developer/Platforms/iPhoneOS.platform/Developer/SDKs/iPhoneOS18.5.sdk/System/Library/Frameworks -isystem /Users/runner/work/Orca-iOS-ipa/Orca-iOS-ipa/orca/src -isystem /Users/runner/work/Orca-iOS-ipa/Orca-iOS-ipa/orca/build/src/dev-utils/platform -isystem /Users/runner/work/Orca-iOS-ipa/Orca-iOS-ipa/orca/src/libigl -isystem /Users/runner/work/Orca-iOS-ipa/Orca-iOS-ipa/ios-prefix/usr/local/include/opencascade -isystem /Users/runner/work/Orca-iOS-ipa/Orca-iOS-ipa/ios-prefix/usr/local/include/eigen3 -isystem /Users/runner/work/Orca-iOS-ipa/Orca-iOS-ipa/orca/deps_src/admesh -isystem /Users/runner/work/Orca-iOS-ipa/Orca-iOS-ipa/orca/deps_src/admesh/.. -isystem /Users/runner/work/Orca-iOS-ipa/Orca-iOS-ipa/orca/deps_src/libigl -isystem /Users/runner/work/Orca-iOS-ipa/Orca-iOS-ipa/orca/deps_src/libnest2d/include -isystem /Users/runner/work/Orca-iOS-ipa/Orca-iOS-ipa/ios-prefix/usr/local/include -isystem /Users/runner/work/Orca-iOS-ipa/Orca-iOS-ipa/orca/deps_src/miniz -isystem /Users/runner/work/Orca-iOS-ipa/Orca-iOS-ipa/ios-prefix/usr/local/include/opencv4 -isystem /Users/runner/work/Orca-iOS-ipa/Orca-iOS-ipa/orca/deps_src/clipper -isystem /Users/runner/work/Orca-iOS-ipa/Orca-iOS-ipa/orca/deps_src/glu-libtess/include -isystem /Users/runner/work/Orca-iOS-ipa/Orca-iOS-ipa/orca/deps_src/semver -isystem /Users/runner/work/Orca-iOS-ipa/Orca-iOS-ipa/ios-prefix/usr/local/include/OpenEXR -Wall -Wno-reorder -Werror=partial-availability -Werror=unguarded-availability -Werror=unguarded-availability-new -O3 -DNDEBUG -std=gnu++17 -arch arm64 -isysroot /Applications/Xcode_16.4.app/Contents/Developer/Platforms/iPhoneOS.platform/Developer/SDKs/iPhoneOS18.5.sdk -miphoneos-version-min=17.0 -fPIC -fsigned-char -Werror=return-type -Wno-unused-function -Wno-unused-variable -Wno-unused-but-set-variable -Wno-unused-label -Wno-unused-local-typedefs -Wno-sign-compare -Wno-misleading-indentation -Wno-switch -Wno-ignored-attributes -Wno-deprecated-declarations -Wno-error=enum-constexpr-conversion -Winvalid-pch -Xclang -include-pch -Xclang /Users/runner/work/Orca-iOS-ipa/Orca-iOS-ipa/orca/build/src/libslic3r/CMakeFiles/libslic3r.dir/cmake_pch.hxx.pch -Xclang -include -Xclang /Users/runner/work/Orca-iOS-ipa/Orca-iOS-ipa/orca/build/src/libslic3r/CMakeFiles/libslic3r.dir/cmake_pch.hxx -MD -MT src/libslic3r/CMakeFiles/libslic3r.dir/Preset.cpp.o -MF src/libslic3r/CMakeFiles/libslic3r.dir/Preset.cpp.o.d -o src/libslic3r/CMakeFiles/libslic3r.dir/Preset.cpp.o -c /Users/runner/work/Orca-iOS-ipa/Orca-iOS-ipa/orca/src/libslic3r/Preset.cpp
1147-In file included from /Users/runner/work/Orca-iOS-ipa/Orca-iOS-ipa/orca/src/libslic3r/Preset.cpp:5:
1148-/Users/runner/work/Orca-iOS-ipa/Orca-iOS-ipa/orca/src/libslic3r/Preset.hpp:812:5: warning: explicitly defaulted copy constructor is implicitly deleted [-Wdefaulted-function-deleted]
1149-  812 |     PresetCollection(const PresetCollection &other) = default;
1150-      |     ^
1151-/Users/runner/work/Orca-iOS-ipa/Orca-iOS-ipa/orca/src/libslic3r/Preset.hpp:932:35: note: copy constructor of 'PresetCollection' is implicitly deleted because field 'm_mutex' has a deleted copy constructor
1152-  932 |     std::recursive_mutex          m_mutex;
1153-      |                                   ^
1154-/Applications/Xcode_16.4.app/Contents/Developer/Platforms/iPhoneOS.platform/Developer/SDKs/iPhoneOS18.5.sdk/usr/include/c++/v1/mutex:227:3: note: 'recursive_mutex' has been explicitly marked deleted here
1155-  227 |   recursive_mutex(const recursive_mutex&)            = delete;
1156-      |   ^
1157-/Users/runner/work/Orca-iOS-ipa/Orca-iOS-ipa/orca/src/libslic3r/Preset.hpp:812:55: note: replace 'default' with 'delete'
1158-  812 |     PresetCollection(const PresetCollection &other) = default;
1159-      |                                                       ^~~~~~~
1160-      |                                                       delete
1161-/Users/runner/work/Orca-iOS-ipa/Orca-iOS-ipa/orca/src/libslic3r/Preset.hpp:954:5: warning: explicitly defaulted copy constructor is implicitly deleted [-Wdefaulted-function-deleted]
1162-  954 |     PrinterPresetCollection(const PrinterPresetCollection &other) = default;
1163-      |     ^
1164-/Users/runner/work/Orca-iOS-ipa/Orca-iOS-ipa/orca/src/libslic3r/Preset.hpp:940:33: note: copy constructor of 'PrinterPresetCollection' is implicitly deleted because base class 'PresetCollection' has a deleted copy constructor
1165-  940 | class PrinterPresetCollection : public PresetCollection
1166-      |                                 ^
1167-/Users/runner/work/Orca-iOS-ipa/Orca-iOS-ipa/orca/src/libslic3r/Preset.hpp:812:5: note: explicitly defaulted function was implicitly deleted here
1168-  812 |     PresetCollection(const PresetCollection &other) = default;
1169-      |     ^
1170-/Users/runner/work/Orca-iOS-ipa/Orca-iOS-ipa/orca/src/libslic3r/Preset.hpp:932:35: note: copy constructor of 'PresetCollection' is implicitly deleted because field 'm_mutex' has a deleted copy constructor
1171-  932 |     std::recursive_mutex          m_mutex;
1172-      |                                   ^
1173-/Applications/Xcode_16.4.app/Contents/Developer/Platforms/iPhoneOS.platform/Developer/SDKs/iPhoneOS18.5.sdk/usr/include/c++/v1/mutex:227:3: note: 'recursive_mutex' has been explicitly marked deleted here
1174-  227 |   recursive_mutex(const recursive_mutex&)            = delete;
1175-      |   ^
1176-/Users/runner/work/Orca-iOS-ipa/Orca-iOS-ipa/orca/src/libslic3r/Preset.hpp:954:69: note: replace 'default' with 'delete'
1177-  954 |     PrinterPresetCollection(const PrinterPresetCollection &other) = default;
1178-      |                                                                     ^~~~~~~
1179-      |                                                                     delete
1180:/Users/runner/work/Orca-iOS-ipa/Orca-iOS-ipa/orca/src/libslic3r/Preset.cpp:1580:35: error: use of undeclared identifier 'orca_absolute_no_cwd'
1181- 1580 |     boost::filesystem::path dir = orca_absolute_no_cwd(boost::filesystem::path(dir_path) / subdir).make_preferred();
1182-      |                                   ^
1183-2 warnings and 1 error generated.
1184-[238/659] Building CXX object src/libslic3r/CMakeFiles/libslic3r.dir/PlaceholderParser.cpp.o
1185-[239/659] Building CXX object src/libslic3r/CMakeFiles/libslic3r.dir/MaterialType.cpp.o
1186-[240/659] Building CXX object src/libslic3r/CMakeFiles/libslic3r.dir/PrintBase.cpp.o
1187-[241/659] Building CXX object src/libslic3r/CMakeFiles/libslic3r.dir/PrintApply.cpp.o
1188-In file included from /Users/runner/work/Orca-iOS-ipa/Orca-iOS-ipa/orca/src/libslic3r/PrintApply.cpp:3:
1189-/Users/runner/work/Orca-iOS-ipa/Orca-iOS-ipa/orca/src/libslic3r/Print.hpp:916:25: warning: 'export_cached_data' overrides a member function but is not marked 'override' [-Winconsistent-missing-override]
1190-  916 |     int                 export_cached_data(const std::string& dir_path, bool with_space=false);
1191-      |                         ^
1192-/Users/runner/work/Orca-iOS-ipa/Orca-iOS-ipa/orca/src/libslic3r/PrintBase.hpp:428:29: note: overridden virtual function is here
1193-  428 |     virtual int             export_cached_data(const std::string& dir_path, bool with_space=false) { return 0;}
1194-      |                             ^
1195-In file included from /Users/runner/work/Orca-iOS-ipa/Orca-iOS-ipa/orca/src/libslic3r/PrintApply.cpp:3:
1196-/Users/runner/work/Orca-iOS-ipa/Orca-iOS-ipa/orca/src/libslic3r/Print.hpp:917:25: warning: 'load_cached_data' overrides a member function but is not marked 'override' [-Winconsistent-missing-override]
1197-  917 |     int                 load_cached_data(const std::string& directory);
1198-      |                         ^
1199-/Users/runner/work/Orca-iOS-ipa/Orca-iOS-ipa/orca/src/libslic3r/PrintBase.hpp:429:28: note: overridden virtual function is here
1200-  429 |     virtual int            load_cached_data(const std::string& directory) { return 0;}
1201-      |                            ^
1202-2 warnings generated.
1203-[242/659] Building CXX object src/libslic3r/CMakeFiles/libslic3r.dir/PresetBundle.cpp.o
1204-In file included from /Users/runner/work/Orca-iOS-ipa/Orca-iOS-ipa/orca/src/libslic3r/PresetBundle.cpp:4:
1205-In file included from /Users/runner/work/Orca-iOS-ipa/Orca-iOS-ipa/orca/src/libslic3r/PresetBundle.hpp:4:
1206-/Users/runner/work/Orca-iOS-ipa/Orca-iOS-ipa/orca/src/libslic3r/Preset.hpp:812:5: warning: explicitly defaulted copy constructor is implicitly deleted [-Wdefaulted-function-deleted]
1207-  812 |     PresetCollection(const PresetCollection &other) = default;
1208-      |     ^
1209-/Users/runner/work/Orca-iOS-ipa/Orca-iOS-ipa/orca/src/libslic3r/Preset.hpp:932:35: note: copy constructor of 'PresetCollection' is implicitly deleted because field 'm_mutex' has a deleted copy constructor
1210-  932 |     std::recursive_mutex          m_mutex;
1211-      |                                   ^
1212-/Applications/Xcode_16.4.app/Contents/Developer/Platforms/iPhoneOS.platform/Developer/SDKs/iPhoneOS18.5.sdk/usr/include/c++/v1/mutex:227:3: note: 'recursive_mutex' has been explicitly marked deleted here
1213-  227 |   recursive_mutex(const recursive_mutex&)            = delete;
1214-      |   ^
1215-/Users/runner/work/Orca-iOS-ipa/Orca-iOS-ipa/orca/src/libslic3r/Preset.hpp:812:55: note: replace 'default' with 'delete'
1216-  812 |     PresetCollection(const PresetCollection &other) = default;
1217-      |                                                       ^~~~~~~
1218-      |                                                       delete
1219-/Users/runner/work/Orca-iOS-ipa/Orca-iOS-ipa/orca/src/libslic3r/Preset.hpp:954:5: warning: explicitly defaulted copy constructor is implicitly deleted [-Wdefaulted-function-deleted]
1220-  954 |     PrinterPresetCollection(const PrinterPresetCollection &other) = default;
1221-      |     ^
1222-/Users/runner/work/Orca-iOS-ipa/Orca-iOS-ipa/orca/src/libslic3r/Preset.hpp:940:33: note: copy constructor of 'PrinterPresetCollection' is implicitly deleted because base class 'PresetCollection' has a deleted copy constructor
1223-  940 | class PrinterPresetCollection : public PresetCollection
1224-      |                                 ^
1225-/Users/runner/work/Orca-iOS-ipa/Orca-iOS-ipa/orca/src/libslic3r/Preset.hpp:812:5: note: explicitly defaulted function was implicitly deleted here
1226-  812 |     PresetCollection(const PresetCollection &other) = default;
1227-      |     ^
1228-/Users/runner/work/Orca-iOS-ipa/Orca-iOS-ipa/orca/src/libslic3r/Preset.hpp:932:35: note: copy constructor of 'PresetCollection' is implicitly deleted because field 'm_mutex' has a deleted copy constructor
1229-  932 |     std::recursive_mutex          m_mutex;
1230-      |                                   ^
1231-/Applications/Xcode_16.4.app/Contents/Developer/Platforms/iPhoneOS.platform/Developer/SDKs/iPhoneOS18.5.sdk/usr/include/c++/v1/mutex:227:3: note: 'recursive_mutex' has been explicitly marked deleted here
1232-  227 |   recursive_mutex(const recursive_mutex&)            = delete;
1233-      |   ^
1234-/Users/runner/work/Orca-iOS-ipa/Orca-iOS-ipa/orca/src/libslic3r/Preset.hpp:954:69: note: replace 'default' with 'delete'
1235-  954 |     PrinterPresetCollection(const PrinterPresetCollection &other) = default;
1236-      |                                                                     ^~~~~~~
1237-      |                                                                     delete
1238-/Users/runner/work/Orca-iOS-ipa/Orca-iOS-ipa/orca/src/libslic3r/PresetBundle.cpp:2084:39: warning: lambda capture 'this' is not used [-Wunused-lambda-capture]
1239- 2084 |     auto check_removed = [my_presets, this](Preset &preset) -> bool {
1240-      |                                     ~~^~~~
