7010-      |                        ^~~~
7011-2 warnings generated.
7012-[370/653] Building CXX object src/slic3r/CMakeFiles/libslic3r_gui.dir/GUI/Gizmos/GLGizmoMeasure.cpp.o
7013:FAILED: [code=1] src/slic3r/CMakeFiles/libslic3r_gui.dir/GUI/Gizmos/GLGizmoMeasure.cpp.o 
7014-ccache /usr/bin/c++ -DBBL_RELEASE_TO_PUBLIC=1 -DBOOST_NO_CXX98_FUNCTION_BASE -DGIT_COMMIT_HASH=\"395e070a0e\" -DLIBNEST2D_GEOMETRIES_libslic3r -DLIBNEST2D_OPTIMIZER_nlopt -DLIBNEST2D_STATIC -DLIBNEST2D_THREADING_tbb -DNDEBUG -DSLIC3R_CURRENTLY_COMPILING_GUI_MODULE -DSLIC3R_DESKTOP_INTEGRATION -DSLIC3R_GUI -DSLIC3R_OPENGL_ES=1 -DTBB_USE_CAPTURED_EXCEPTION=0 -DUNICODE -DUSE_TBB -DWXINTL_NO_GETTEXT_MACRO -D_FILE_OFFSET_BITS=64 -D_HAS_AUTO_PTR_ETC=0 -D_UNICODE -D__WXOSX_IPHONE__ -DwxDEBUG_LEVEL=0 -DwxNO_UNSAFE_WXSTRING_CONV -DwxUSE_UNICODE -I/Users/runner/work/Orca-iOS-ipa/Orca-iOS-ipa/orca/src/slic3r/Utils -I/Users/runner/work/Orca-iOS-ipa/Orca-iOS-ipa/orca/build/src/slic3r -I/Users/runner/work/Orca-iOS-ipa/Orca-iOS-ipa/orca/build/src/libslic3r -I/Users/runner/work/Orca-iOS-ipa/Orca-iOS-ipa/orca/src/libvgcode/glad/include -I/Users/runner/work/Orca-iOS-ipa/Orca-iOS-ipa/orca/src/glad/include -isystem /Users/runner/work/Orca-iOS-ipa/Orca-iOS-ipa/orca/src -isystem /Users/runner/work/Orca-iOS-ipa/Orca-iOS-ipa/orca/build/src/dev-utils/platform -isystem /Users/runner/work/Orca-iOS-ipa/Orca-iOS-ipa/orca/src/libigl -isystem /Users/runner/work/Orca-iOS-ipa/Orca-iOS-ipa/ios-prefix/usr/local/include/opencascade -isystem /Users/runner/work/Orca-iOS-ipa/Orca-iOS-ipa/ios-prefix/usr/local/include/eigen3 -isystem /Users/runner/work/Orca-iOS-ipa/Orca-iOS-ipa/orca/deps_src/admesh -isystem /Users/runner/work/Orca-iOS-ipa/Orca-iOS-ipa/orca/deps_src/admesh/.. -isystem /Users/runner/work/Orca-iOS-ipa/Orca-iOS-ipa/orca/deps_src/libigl -isystem /Users/runner/work/Orca-iOS-ipa/Orca-iOS-ipa/orca/deps_src/libnest2d/include -isystem /Users/runner/work/Orca-iOS-ipa/Orca-iOS-ipa/ios-prefix/usr/local/include -isystem /Users/runner/work/Orca-iOS-ipa/Orca-iOS-ipa/orca/deps_src/miniz -isystem /Users/runner/work/Orca-iOS-ipa/Orca-iOS-ipa/ios-prefix/usr/local/include/opencv4 -isystem /Users/runner/work/Orca-iOS-ipa/Orca-iOS-ipa/orca/deps_src/imgui -isystem /Users/runner/work/Orca-iOS-ipa/Orca-iOS-ipa/orca/deps_src/imguizmo -isystem /Users/runner/work/Orca-iOS-ipa/Orca-iOS-ipa/orca/deps_src/minilzo -isystem /Users/runner/work/Orca-iOS-ipa/Orca-iOS-ipa/orca/deps_src/hidapi/include -isystem /Users/runner/work/Orca-iOS-ipa/Orca-iOS-ipa/orca/deps_src/mdns -isystem /Users/runner/work/Orca-iOS-ipa/Orca-iOS-ipa/wx-prefix/lib/wx/include/osx_iphone-unicode-static-3.3 -isystem /Users/runner/work/Orca-iOS-ipa/Orca-iOS-ipa/wx-prefix/include/wx-3.3 -Wall -Wno-reorder -Werror=partial-availability -Werror=unguarded-availability -Werror=unguarded-availability-new -O3 -DNDEBUG -std=gnu++17 -arch arm64 -isysroot /Applications/Xcode_16.4.app/Contents/Developer/Platforms/iPhoneOS.platform/Developer/SDKs/iPhoneOS18.5.sdk -miphoneos-version-min=17.0 -fPIC -fsigned-char -Werror=return-type -Wno-unused-function -Wno-unused-variable -Wno-unused-but-set-variable -Wno-unused-label -Wno-unused-local-typedefs -Wno-sign-compare -Wno-misleading-indentation -Wno-switch -Wno-ignored-attributes -Wno-deprecated-declarations -Wno-error=enum-constexpr-conversion -Winvalid-pch -Xclang -include-pch -Xclang /Users/runner/work/Orca-iOS-ipa/Orca-iOS-ipa/orca/build/src/slic3r/CMakeFiles/libslic3r_gui.dir/cmake_pch.hxx.pch -Xclang -include -Xclang /Users/runner/work/Orca-iOS-ipa/Orca-iOS-ipa/orca/build/src/slic3r/CMakeFiles/libslic3r_gui.dir/cmake_pch.hxx -MD -MT src/slic3r/CMakeFiles/libslic3r_gui.dir/GUI/Gizmos/GLGizmoMeasure.cpp.o -MF src/slic3r/CMakeFiles/libslic3r_gui.dir/GUI/Gizmos/GLGizmoMeasure.cpp.o.d -o src/slic3r/CMakeFiles/libslic3r_gui.dir/GUI/Gizmos/GLGizmoMeasure.cpp.o -c /Users/runner/work/Orca-iOS-ipa/Orca-iOS-ipa/orca/src/slic3r/GUI/Gizmos/GLGizmoMeasure.cpp
7015:/Users/runner/work/Orca-iOS-ipa/Orca-iOS-ipa/orca/src/slic3r/GUI/Gizmos/GLGizmoMeasure.cpp:1545:35: error: redefinition of 'viewport'
7016- 1545 |         const std::array<int, 4>& viewport = camera.get_viewport();
7017-      |                                   ^
7018-/Users/runner/work/Orca-iOS-ipa/Orca-iOS-ipa/orca/src/slic3r/GUI/Gizmos/GLGizmoMeasure.cpp:1467:39: note: previous definition is here
7019- 1467 |             const std::array<int, 4>& viewport = camera.get_viewport();
7020-      |                                       ^
7021-1 error generated.
7022-[371/653] Building CXX object src/slic3r/CMakeFiles/libslic3r_gui.dir/GUI/Gizmos/GLGizmoMmuSegmentation.cpp.o
7023-[372/653] Building CXX object src/slic3r/CMakeFiles/libslic3r_gui.dir/GUI/Gizmos/GLGizmoMove.cpp.o
7024-In file included from /Users/runner/work/Orca-iOS-ipa/Orca-iOS-ipa/orca/src/slic3r/GUI/Gizmos/GLGizmoMove.cpp:1:
7025-/Users/runner/work/Orca-iOS-ipa/Orca-iOS-ipa/orca/src/slic3r/GUI/Gizmos/GLGizmoMove.hpp:70:18: warning: 'on_render_input_window' overrides a member function but is not marked 'override' [-Winconsistent-missing-override]
7026-   70 |     virtual void on_render_input_window(float x, float y, float bottom_limit);
7027-      |                  ^
7028-/Users/runner/work/Orca-iOS-ipa/Orca-iOS-ipa/orca/src/slic3r/GUI/Gizmos/GLGizmoBase.hpp:250:18: note: overridden virtual function is here
7029-  250 |     virtual void on_render_input_window(float x, float y, float bottom_limit) {}
7030-      |                  ^
7031-1 warning generated.
7032-[373/653] Building CXX object src/slic3r/CMakeFiles/libslic3r_gui.dir/GUI/Gizmos/GLGizmoPainterBase.cpp.o
7033-/Users/runner/work/Orca-iOS-ipa/Orca-iOS-ipa/orca/src/slic3r/GUI/Gizmos/GLGizmoPainterBase.cpp:1459:32: warning: lambda capture 'this' is not used [-Wunused-lambda-capture]
7034- 1459 |     auto calc_fragment_area = [this](const TrianglePatch& patch, float max_limit_area, int stride) {
7035-      |                                ^~~~
7036-1 warning generated.
7037-[374/653] Building CXX object src/slic3r/CMakeFiles/libslic3r_gui.dir/GUI/Gizmos/GLGizmoRotate.cpp.o
7038-[375/653] Building CXX object src/slic3r/CMakeFiles/libslic3r_gui.dir/GUI/Gizmos/GLGizmoScale.cpp.o
7039-In file included from /Users/runner/work/Orca-iOS-ipa/Orca-iOS-ipa/orca/src/slic3r/GUI/Gizmos/GLGizmoScale.cpp:1:
7040-/Users/runner/work/Orca-iOS-ipa/Orca-iOS-ipa/orca/src/slic3r/GUI/Gizmos/GLGizmoScale.hpp:92:18: warning: 'on_render_input_window' overrides a member function but is not marked 'override' [-Winconsistent-missing-override]
7041-   92 |     virtual void on_render_input_window(float x, float y, float bottom_limit);
7042-      |                  ^
7043-/Users/runner/work/Orca-iOS-ipa/Orca-iOS-ipa/orca/src/slic3r/GUI/Gizmos/GLGizmoBase.hpp:250:18: note: overridden virtual function is here
7044-  250 |     virtual void on_render_input_window(float x, float y, float bottom_limit) {}
7045-      |                  ^
7046-1 warning generated.
7047-[376/653] Building CXX object src/slic3r/CMakeFiles/libslic3r_gui.dir/GUI/Gizmos/GLGizmosCommon.cpp.o
7048-[377/653] Building CXX object src/slic3r/CMakeFiles/libslic3r_gui.dir/GUI/Gizmos/GLGizmoSeam.cpp.o
7049-[378/653] Building CXX object src/slic3r/CMakeFiles/libslic3r_gui.dir/GUI/Gizmos/GLGizmosManager.cpp.o
7050-[379/653] Building CXX object src/slic3r/CMakeFiles/libslic3r_gui.dir/GUI/Gizmos/GLGizmoSimplify.cpp.o
7051-/Users/runner/work/Orca-iOS-ipa/Orca-iOS-ipa/orca/src/slic3r/GUI/Gizmos/GLGizmoSimplify.cpp:351:64: warning: format string is not a string literal (potentially insecure) [-Wformat-security]
7052-  351 |         ImGui::TextColored(ImVec4(0.42f, 0.42f, 0.42f, 1.00f), progress_text.c_str());
7053-      |                                                                ^~~~~~~~~~~~~~~~~~~~~
7054-/Users/runner/work/Orca-iOS-ipa/Orca-iOS-ipa/orca/src/slic3r/GUI/Gizmos/GLGizmoSimplify.cpp:351:64: note: treat the string as an argument to avoid this
7055-  351 |         ImGui::TextColored(ImVec4(0.42f, 0.42f, 0.42f, 1.00f), progress_text.c_str());
7056-      |                                                                ^
7057-      |                                                                "%s", 
7058-1 warning generated.
7059-[380/653] Building CXX object src/slic3r/CMakeFiles/libslic3r_gui.dir/GUI/Gizmos/GLGizmoUtils.cpp.o
7060-[381/653] Building CXX object src/slic3r/CMakeFiles/libslic3r_gui.dir/GUI/Gizmos/GLGizmoSVG.cpp.o
7061-[382/653] Building CXX object src/slic3r/CMakeFiles/libslic3r_gui.dir/GUI/GLShader.cpp.o
7062-[383/653] Building CXX object src/slic3r/CMakeFiles/libslic3r_gui.dir/GUI/GLShadersManager.cpp.o
7063-[384/653] Building CXX object src/slic3r/CMakeFiles/libslic3r_gui.dir/GUI/GLSelectionRectangle.cpp.o
7064-In file included from /Users/runner/work/Orca-iOS-ipa/Orca-iOS-ipa/orca/src/slic3r/GUI/GLSelectionRectangle.cpp:5:
7065-/Users/runner/work/Orca-iOS-ipa/Orca-iOS-ipa/orca/src/slic3r/GUI/GLCanvas3D.hpp:1153:50: warning: all paths through this function will call itself [-Winfinite-recursion]
7066- 1153 |     ArrangeSettings get_arrange_settings() const {
7067-      |                                                  ^
7068-In file included from /Users/runner/work/Orca-iOS-ipa/Orca-iOS-ipa/orca/src/slic3r/GUI/GLSelectionRectangle.cpp:7:
7069-In file included from /Users/runner/work/Orca-iOS-ipa/Orca-iOS-ipa/orca/src/slic3r/GUI/Plater.hpp:20:
7070-In file included from /Users/runner/work/Orca-iOS-ipa/Orca-iOS-ipa/orca/src/slic3r/GUI/Search.hpp:22:
7071-/Users/runner/work/Orca-iOS-ipa/Orca-iOS-ipa/orca/src/slic3r/GUI/Widgets/ScrolledWindow.hpp:18:10: warning: 'ScrolledWindow::Refresh' hides overloaded virtual function [-Woverloaded-virtual]
7072-   18 |     void Refresh();
7073-      |          ^
7074-/Users/runner/work/Orca-iOS-ipa/Orca-iOS-ipa/wx-prefix/include/wx-3.3/wx/osx/window.h:79:18: note: hidden overloaded virtual function 'wxWindow::Refresh' declared here: different number of parameters (2 vs 0)
7075-   79 |     virtual void Refresh( bool eraseBackground = true,
