32127-[656/659] Building CXX object src/slic3r/CMakeFiles/libslic3r_gui.dir/Utils/BambuLanCamera.cpp.o
32128-[657/659] Building CXX object src/slic3r/CMakeFiles/libslic3r_gui.dir/GUI/ios_camera_view.cpp.o
32129-[658/659] Building CXX object src/slic3r/CMakeFiles/libslic3r_gui.dir/GUI/MainFrame.cpp.o
32130:FAILED: [code=1] src/slic3r/CMakeFiles/libslic3r_gui.dir/GUI/MainFrame.cpp.o 
32131-ccache /usr/bin/c++ -DBBL_RELEASE_TO_PUBLIC=1 -DBOOST_NO_CXX98_FUNCTION_BASE -DGIT_COMMIT_HASH=\"395e070a0e\" -DLIBNEST2D_GEOMETRIES_libslic3r -DLIBNEST2D_OPTIMIZER_nlopt -DLIBNEST2D_STATIC -DLIBNEST2D_THREADING_tbb -DNDEBUG -DORCA_BAMBU_LAN_AGENT -DSLIC3R_CURRENTLY_COMPILING_GUI_MODULE -DSLIC3R_DESKTOP_INTEGRATION -DSLIC3R_GUI -DSLIC3R_OPENGL_ES=1 -DTBB_USE_CAPTURED_EXCEPTION=0 -DUNICODE -DUSE_TBB -DWXINTL_NO_GETTEXT_MACRO -D_FILE_OFFSET_BITS=64 -D_HAS_AUTO_PTR_ETC=0 -D_UNICODE -D__WXOSX_IPHONE__ -DwxDEBUG_LEVEL=0 -DwxNO_UNSAFE_WXSTRING_CONV -DwxUSE_UNICODE -I/Users/runner/work/Orca-iOS-ipa/Orca-iOS-ipa/orca/src/slic3r/Utils -I/Users/runner/work/Orca-iOS-ipa/Orca-iOS-ipa/orca/build/src/slic3r -I/Users/runner/work/Orca-iOS-ipa/Orca-iOS-ipa/orca/build/src/libslic3r -I/Users/runner/work/Orca-iOS-ipa/Orca-iOS-ipa/orca/src/libvgcode/glad/include -I/Users/runner/work/Orca-iOS-ipa/Orca-iOS-ipa/orca/src/glad/include -isystem /Users/runner/work/Orca-iOS-ipa/Orca-iOS-ipa/orca/src -isystem /Users/runner/work/Orca-iOS-ipa/Orca-iOS-ipa/orca/build/src/dev-utils/platform -isystem /Users/runner/work/Orca-iOS-ipa/Orca-iOS-ipa/orca/src/libigl -isystem /Users/runner/work/Orca-iOS-ipa/Orca-iOS-ipa/ios-prefix/usr/local/include/opencascade -isystem /Users/runner/work/Orca-iOS-ipa/Orca-iOS-ipa/ios-prefix/usr/local/include/eigen3 -isystem /Users/runner/work/Orca-iOS-ipa/Orca-iOS-ipa/orca/deps_src/admesh -isystem /Users/runner/work/Orca-iOS-ipa/Orca-iOS-ipa/orca/deps_src/admesh/.. -isystem /Users/runner/work/Orca-iOS-ipa/Orca-iOS-ipa/orca/deps_src/libigl -isystem /Users/runner/work/Orca-iOS-ipa/Orca-iOS-ipa/orca/deps_src/libnest2d/include -isystem /Users/runner/work/Orca-iOS-ipa/Orca-iOS-ipa/ios-prefix/usr/local/include -isystem /Users/runner/work/Orca-iOS-ipa/Orca-iOS-ipa/orca/deps_src/miniz -isystem /Users/runner/work/Orca-iOS-ipa/Orca-iOS-ipa/ios-prefix/usr/local/include/opencv4 -isystem /Users/runner/work/Orca-iOS-ipa/Orca-iOS-ipa/orca/deps_src/imgui -isystem /Users/runner/work/Orca-iOS-ipa/Orca-iOS-ipa/orca/deps_src/imguizmo -isystem /Users/runner/work/Orca-iOS-ipa/Orca-iOS-ipa/orca/deps_src/minilzo -isystem /Users/runner/work/Orca-iOS-ipa/Orca-iOS-ipa/orca/deps_src/hidapi/include -isystem /Users/runner/work/Orca-iOS-ipa/Orca-iOS-ipa/orca/deps_src/mdns -isystem /Users/runner/work/Orca-iOS-ipa/Orca-iOS-ipa/wx-prefix/lib/wx/include/osx_iphone-unicode-static-3.3 -isystem /Users/runner/work/Orca-iOS-ipa/Orca-iOS-ipa/wx-prefix/include/wx-3.3 -Wall -Wno-reorder -Werror=partial-availability -Werror=unguarded-availability -Werror=unguarded-availability-new -O3 -DNDEBUG -std=gnu++17 -arch arm64 -isysroot /Applications/Xcode_16.4.app/Contents/Developer/Platforms/iPhoneOS.platform/Developer/SDKs/iPhoneOS18.5.sdk -miphoneos-version-min=17.0 -fPIC -fsigned-char -Werror=return-type -Wno-unused-function -Wno-unused-variable -Wno-unused-but-set-variable -Wno-unused-label -Wno-unused-local-typedefs -Wno-sign-compare -Wno-misleading-indentation -Wno-switch -Wno-ignored-attributes -Wno-deprecated-declarations -Wno-error=enum-constexpr-conversion -MD -MT src/slic3r/CMakeFiles/libslic3r_gui.dir/GUI/MainFrame.cpp.o -MF src/slic3r/CMakeFiles/libslic3r_gui.dir/GUI/MainFrame.cpp.o.d -o src/slic3r/CMakeFiles/libslic3r_gui.dir/GUI/MainFrame.cpp.o -c /Users/runner/work/Orca-iOS-ipa/Orca-iOS-ipa/orca/src/slic3r/GUI/MainFrame.cpp
32132-In file included from ../src/slic3r/GUI/MainFrame.cpp:1:
32133-In file included from ../src/slic3r/GUI/MainFrame.hpp:21:
32134-In file included from ../src/slic3r/GUI/Monitor.hpp:4:
32135-../src/slic3r/GUI/Tabbook.hpp:143:10: warning: 'Tabbook::AddPage' hides overloaded virtual function [-Woverloaded-virtual]
32136-  143 |     bool AddPage(wxWindow* page,
32137-      |          ^
32138-../../wx-prefix/include/wx-3.3/wx/bookctrl.h:177:18: note: hidden overloaded virtual function 'wxBookCtrlBase::AddPage' declared here: type mismatch at 3rd parameter ('bool' vs 'const std::string &' (aka 'const basic_string<char> &'))
32139-  177 |     virtual bool AddPage(wxWindow *page,
32140-      |                  ^
32141-In file included from ../src/slic3r/GUI/MainFrame.cpp:1:
32142-In file included from ../src/slic3r/GUI/MainFrame.hpp:21:
32143-In file included from ../src/slic3r/GUI/Monitor.hpp:4:
32144-../src/slic3r/GUI/Tabbook.hpp:187:10: warning: 'RemovePage' overrides a member function but is not marked 'override' [-Winconsistent-missing-override]
32145-  187 |     bool RemovePage(size_t n)
32146-      |          ^
32147-../../wx-prefix/include/wx-3.3/wx/bookctrl.h:161:18: note: overridden virtual function is here
32148-  161 |     virtual bool RemovePage(size_t n)
32149-      |                  ^
32150-In file included from ../src/slic3r/GUI/MainFrame.cpp:1:
32151-In file included from ../src/slic3r/GUI/MainFrame.hpp:24:
32152-In file included from ../src/slic3r/GUI/CalibrationPanel.hpp:4:
32153-In file included from ../src/slic3r/GUI/CalibrationWizard.hpp:8:
32154-../src/slic3r/GUI/CalibrationWizardStartPage.hpp:51:10: warning: 'on_reset_page' overrides a member function but is not marked 'override' [-Winconsistent-missing-override]
32155-   51 |     void on_reset_page();
32156-      |          ^
32157-../src/slic3r/GUI/CalibrationWizardPage.hpp:310:18: note: overridden virtual function is here
32158-  310 |     virtual void on_reset_page() {}
32159-      |                  ^
32160-In file included from ../src/slic3r/GUI/MainFrame.cpp:1:
32161-In file included from ../src/slic3r/GUI/MainFrame.hpp:24:
32162-In file included from ../src/slic3r/GUI/CalibrationPanel.hpp:4:
32163-In file included from ../src/slic3r/GUI/CalibrationWizard.hpp:8:
32164-../src/slic3r/GUI/CalibrationWizardStartPage.hpp:52:10: warning: 'on_device_connected' overrides a member function but is not marked 'override' [-Winconsistent-missing-override]
32165-   52 |     void on_device_connected(MachineObject* obj);
32166-      |          ^
32167-../src/slic3r/GUI/CalibrationWizardPage.hpp:308:18: note: overridden virtual function is here
32168-  308 |     virtual void on_device_connected(MachineObject* obj) { curr_obj = obj; }
32169-      |                  ^
32170-In file included from ../src/slic3r/GUI/MainFrame.cpp:1:
32171-In file included from ../src/slic3r/GUI/MainFrame.hpp:24:
32172-In file included from ../src/slic3r/GUI/CalibrationPanel.hpp:4:
32173-In file included from ../src/slic3r/GUI/CalibrationWizard.hpp:8:
32174-../src/slic3r/GUI/CalibrationWizardStartPage.hpp:66:10: warning: 'on_reset_page' overrides a member function but is not marked 'override' [-Winconsistent-missing-override]
32175-   66 |     void on_reset_page();
32176-      |          ^
32177-../src/slic3r/GUI/CalibrationWizardPage.hpp:310:18: note: overridden virtual function is here
32178-  310 |     virtual void on_reset_page() {}
32179-      |                  ^
32180-In file included from ../src/slic3r/GUI/MainFrame.cpp:1:
32181-In file included from ../src/slic3r/GUI/MainFrame.hpp:24:
32182-In file included from ../src/slic3r/GUI/CalibrationPanel.hpp:4:
32183-In file included from ../src/slic3r/GUI/CalibrationWizard.hpp:8:
32184-../src/slic3r/GUI/CalibrationWizardStartPage.hpp:67:10: warning: 'on_device_connected' overrides a member function but is not marked 'override' [-Winconsistent-missing-override]
32185-   67 |     void on_device_connected(MachineObject* obj);
32186-      |          ^
32187-../src/slic3r/GUI/CalibrationWizardPage.hpp:308:18: note: overridden virtual function is here
32188-  308 |     virtual void on_device_connected(MachineObject* obj) { curr_obj = obj; }
32189-      |                  ^
32190-In file included from ../src/slic3r/GUI/MainFrame.cpp:1:
--
32328-../src/slic3r/GUI/MainFrame.cpp:1052:23: warning: lambda capture 'this' is not used [-Wunused-lambda-capture]
32329- 1052 |     Bind(wxEVT_SHOW, [this](wxShowEvent &evt) {
32330-      |                       ^~~~
32331:../src/slic3r/GUI/MainFrame.cpp:1165:66: error: 'this' cannot be implicitly captured in this context
32332- 1165 |             if (r == last_r && wxGetApp().plater() != nullptr && m_tabpanel != nullptr) {
32333-      |                                                                  ^
32334-../src/slic3r/GUI/MainFrame.cpp:1138:42: note: explicitly capture 'this'
32335- 1138 |         this->Bind(wxEVT_TIMER, [counters](wxTimerEvent &) {
32336-      |                                          ^
32337-      |                                          , this
32338:../src/slic3r/GUI/MainFrame.cpp:1168:33: error: 'this' cannot be implicitly captured in this context
32339- 1168 |                 const int sel = m_tabpanel->GetSelection();
32340-      |                                 ^
32341-../src/slic3r/GUI/MainFrame.cpp:1138:42: note: explicitly capture 'this'
32342- 1138 |         this->Bind(wxEVT_TIMER, [counters](wxTimerEvent &) {
32343-      |                                          ^
32344-      |                                          , this
32345:../src/slic3r/GUI/MainFrame.cpp:1169:69: error: 'this' cannot be implicitly captured in this context
32346- 1169 |                 wxWindow *const sel_page = (sel >= 0 && sel < (int) m_tabpanel->GetPageCount())
32347-      |                                                                     ^
32348-../src/slic3r/GUI/MainFrame.cpp:1138:42: note: explicitly capture 'this'
32349- 1138 |         this->Bind(wxEVT_TIMER, [counters](wxTimerEvent &) {
32350-      |                                          ^
32351-      |                                          , this
32352:../src/slic3r/GUI/MainFrame.cpp:1170:44: error: 'this' cannot be implicitly captured in this context
32353- 1170 |                                          ? m_tabpanel->GetPage(sel) : nullptr;
32354-      |                                            ^
32355-../src/slic3r/GUI/MainFrame.cpp:1138:42: note: explicitly capture 'this'
32356- 1138 |         this->Bind(wxEVT_TIMER, [counters](wxTimerEvent &) {
32357-      |                                          ^
32358-      |                                          , this
32359:../src/slic3r/GUI/MainFrame.cpp:1182:47: error: 'this' cannot be implicitly captured in this context
32360- 1182 |                     << " plater " << (void *) m_plater
32361-      |                                               ^
32362-../src/slic3r/GUI/MainFrame.cpp:1138:42: note: explicitly capture 'this'
32363- 1138 |         this->Bind(wxEVT_TIMER, [counters](wxTimerEvent &) {
32364-      |                                          ^
32365-      |                                          , this
32366:../src/slic3r/GUI/MainFrame.cpp:1183:37: error: 'this' cannot be implicitly captured in this context
32367- 1183 |                     << (sel_page == m_plater ? " (plater selected: not rendering is WRONG)"
32368-      |                                     ^
32369-../src/slic3r/GUI/MainFrame.cpp:1138:42: note: explicitly capture 'this'
32370- 1138 |         this->Bind(wxEVT_TIMER, [counters](wxTimerEvent &) {
32371-      |                                          ^
32372-      |                                          , this
32373-../src/slic3r/GUI/MainFrame.cpp:1138:34: warning: lambda capture 'counters' is not used [-Wunused-lambda-capture]
32374- 1138 |         this->Bind(wxEVT_TIMER, [counters](wxTimerEvent &) {
32375-      |                                  ^~~~~~~~
32376-../src/slic3r/GUI/MainFrame.cpp:3191:14: warning: lambda capture 'this' is not used [-Wunused-lambda-capture]
32377- 3191 |             [this](){return true; }, this);
32378-      |              ^~~~
32379-../src/slic3r/GUI/MainFrame.cpp:3249:14: warning: lambda capture 'this' is not used [-Wunused-lambda-capture]
32380- 3249 |             [this]() {
32381-      |              ^~~~
32382-../src/slic3r/GUI/MainFrame.cpp:3419:54: warning: lambda capture 'handle_key_event' is not used [-Wunused-lambda-capture]
32383- 3419 |             _L("Duplicate the current plate"),[this, handle_key_event](wxCommandEvent&) {
32384-      |                                                    ~~^~~~~~~~~~~~~~~~
32385-../src/slic3r/GUI/MainFrame.cpp:3422:27: warning: lambda capture 'this' is not used [-Wunused-lambda-capture]
32386- 3422 |             "", nullptr, [this](){return true;}, this);
32387-      |                           ^~~~
32388-../src/slic3r/GUI/MainFrame.cpp:3486:14: warning: lambda capture 'this' is not used [-Wunused-lambda-capture]
32389- 3486 |             [this](wxCommandEvent&) {
32390-      |              ^~~~
32391-../src/slic3r/GUI/MainFrame.cpp:3492:14: warning: lambda capture 'this' is not used [-Wunused-lambda-capture]
32392- 3492 |             [this](wxCommandEvent&) {
32393-      |              ^~~~
32394-../src/slic3r/GUI/MainFrame.cpp:3508:14: warning: lambda capture 'this' is not used [-Wunused-lambda-capture]
32395- 3508 |             [this]() { return wxGetApp().app_config->get_bool("auto_perspective"); }, this);
32396-      |              ^~~~
32397-../src/slic3r/GUI/MainFrame.cpp:3517:14: warning: lambda capture 'this' is not used [-Wunused-lambda-capture]
32398- 3517 |             [this]() { return wxGetApp().show_gcode_window(); }, this);
32399-      |              ^~~~
32400-../src/slic3r/GUI/MainFrame.cpp:3526:14: warning: lambda capture 'this' is not used [-Wunused-lambda-capture]
32401- 3526 |             [this]() { return wxGetApp().show_3d_navigator(); }, this);
32402-      |              ^~~~
32403-../src/slic3r/GUI/MainFrame.cpp:3534:14: warning: lambda capture 'this' is not used [-Wunused-lambda-capture]
32404- 3534 |             [this]() { return wxGetApp().show_plate_gridlines(); }, this);
32405-      |              ^~~~
32406-../src/slic3r/GUI/MainFrame.cpp:3564:14: warning: lambda capture 'this' is not used [-Wunused-lambda-capture]
32407- 3564 |             [this]() { return wxGetApp().show_outline(); }, this);
32408-      |              ^~~~
32409-../src/slic3r/GUI/MainFrame.cpp:3690:10: warning: lambda capture 'this' is not used [-Wunused-lambda-capture]
32410- 3690 |         [this](wxCommandEvent &) { Slic3r::GUI::about();},
32411-      |          ^~~~
32412-../src/slic3r/GUI/MainFrame.cpp:3694:10: warning: lambda capture 'this' is not used [-Wunused-lambda-capture]
32413- 3694 |         [this](wxCommandEvent &) {
32414-      |          ^~~~
32415-../src/slic3r/GUI/MainFrame.cpp:3954:10: warning: lambda capture 'this' is not used [-Wunused-lambda-capture]
32416- 3954 |         [this](wxCommandEvent&) { wxLaunchDefaultBrowser("https://www.orcaslicer.com/wiki/calibration_guide", wxBROWSER_NEW_WINDOW); }, "", nullptr,
32417-      |          ^~~~
32418-In file included from ../src/slic3r/GUI/MainFrame.cpp:1:
32419-In file included from ../src/slic3r/GUI/MainFrame.hpp:21:
32420-In file included from ../src/slic3r/GUI/Monitor.hpp:4:
32421-../src/slic3r/GUI/Tabbook.hpp:421:25: warning: private field 'm_ctrl' is not used [-Wunused-private-field]
32422-  421 |     TabButtonsListCtrl *m_ctrl{nullptr};
32423-      |                         ^
32424-In file included from ../src/slic3r/GUI/MainFrame.cpp:1:
32425-../src/slic3r/GUI/MainFrame.hpp:82:21: warning: private field 'm_main_frame' is not used [-Wunused-private-field]
32426-   82 |     MainFrame*      m_main_frame { nullptr };
