1414-checking for otool... otool
1415-checking for aarch64-apple-darwin-otool64... no
1416-checking for otool64... no
1417:checking for -single_module linker flag... ld: warning: -single_module is obsolete
1418-no
1419-checking for -exported_symbols_list linker flag... yes
1420-checking for -force_load linker flag... yes
1421-checking for ANSI C header files... yes
1422-checking for sys/types.h... yes
1423-checking for sys/stat.h... yes
1424-checking for stdlib.h... yes
1425-checking for string.h... yes
1426-checking for memory.h... yes
1427-checking for strings.h... yes
1428-checking for inttypes.h... yes
1429-checking for stdint.h... yes
1430-checking for unistd.h... yes
1431-checking for dlfcn.h... yes
1432-checking for objdir... .libs
1433-checking if /usr/bin/cc supports -fno-rtti -fno-exceptions... yes
1434-checking for /usr/bin/cc option to produce PIC... -fno-common -DPIC
1435-checking if /usr/bin/cc PIC flag -fno-common -DPIC works... yes
1436-checking if /usr/bin/cc static flag -static works... no
1437-checking if /usr/bin/cc supports -c -o file.o... yes
1438-checking if /usr/bin/cc supports -c -o file.o... (cached) yes
1439-checking whether the /usr/bin/cc linker (/Applications/Xcode_16.4.app/Contents/Developer/Toolchains/XcodeDefault.xctoolchain/usr/bin/ld) supports shared libraries... yes
1440-checking dynamic linker characteristics... darwin dyld
1441-checking how to hardcode library paths into programs... immediate
1442-checking whether stripping libraries is possible... yes
1443-checking if libtool supports shared libraries... yes
1444-checking whether to build shared libraries... no
1445-checking whether to build static libraries... yes
1446-checking how to run the C++ preprocessor... /usr/bin/c++ -E
1447-checking for ld used by /usr/bin/c++... /Applications/Xcode_16.4.app/Contents/Developer/Toolchains/XcodeDefault.xctoolchain/usr/bin/ld
1448-checking if the linker (/Applications/Xcode_16.4.app/Contents/Developer/Toolchains/XcodeDefault.xctoolchain/usr/bin/ld) is GNU ld... no
1449-checking whether the /usr/bin/c++ linker (/Applications/Xcode_16.4.app/Contents/Developer/Toolchains/XcodeDefault.xctoolchain/usr/bin/ld) supports shared libraries... yes
1450-checking for /usr/bin/c++ option to produce PIC... -fno-common -DPIC
1451-checking if /usr/bin/c++ PIC flag -fno-common -DPIC works... yes
1452-checking if /usr/bin/c++ static flag -static works... no
1453-checking if /usr/bin/c++ supports -c -o file.o... yes
1454-checking if /usr/bin/c++ supports -c -o file.o... (cached) yes
1455-checking whether the /usr/bin/c++ linker (/Applications/Xcode_16.4.app/Contents/Developer/Toolchains/XcodeDefault.xctoolchain/usr/bin/ld) supports shared libraries... yes
1456-checking dynamic linker characteristics... darwin dyld
1457-checking how to hardcode library paths into programs... immediate
1458-checking for ANSI C header files... (cached) yes
1459-checking whether time.h and sys/time.h may both be included... yes
1460-checking fcntl.h usability... yes
1461-checking fcntl.h presence... yes
1462-checking for fcntl.h... yes
1463-checking float.h usability... yes
1464-checking float.h presence... yes
1465-checking for float.h... yes
1466-checking invent.h usability... no
1467-checking invent.h presence... no
1468-checking for invent.h... no
1469-checking langinfo.h usability... yes
1470-checking langinfo.h presence... yes
1471-checking for langinfo.h... yes
1472-checking locale.h usability... yes
1473-checking locale.h presence... yes
1474-checking for locale.h... yes
1475-checking nl_types.h usability... yes
1476-checking nl_types.h presence... yes
1477-checking for nl_types.h... yes
--
9750-checking for otool... otool
9751-checking for aarch64-apple-darwin-otool64... no
9752-checking for otool64... no
9753:checking for -single_module linker flag... ld: warning: -single_module is obsolete
9754-no
9755-checking for -no_fixup_chains linker flag... yes
9756-checking for -exported_symbols_list linker flag... yes
9757-checking for -force_load linker flag... yes
9758-checking for stdio.h... yes
9759-checking for stdlib.h... yes
9760-checking for string.h... yes
9761-checking for inttypes.h... yes
9762-checking for stdint.h... yes
9763-checking for strings.h... yes
9764-checking for sys/stat.h... yes
9765-checking for sys/types.h... yes
9766-checking for unistd.h... yes
9767-checking for dlfcn.h... yes
9768-checking which variant of shared library versioning to provide... (default) aix
9769-checking for objdir... .libs
9770-checking if /usr/bin/cc -std=gnu23 supports -fno-rtti -fno-exceptions... yes
9771-checking for /usr/bin/cc -std=gnu23 option to produce PIC... -fno-common -DPIC
9772-checking if /usr/bin/cc -std=gnu23 PIC flag -fno-common -DPIC works... yes
9773-checking if /usr/bin/cc -std=gnu23 static flag -static works... no
9774-checking if /usr/bin/cc -std=gnu23 supports -c -o file.o... yes
9775-checking if /usr/bin/cc -std=gnu23 supports -c -o file.o... (cached) yes
9776-checking whether the /usr/bin/cc -std=gnu23 linker (/Applications/Xcode_16.4.app/Contents/Developer/Toolchains/XcodeDefault.xctoolchain/usr/bin/ld) supports shared libraries... yes
9777-checking dynamic linker characteristics... darwin dyld
9778-checking how to hardcode library paths into programs... immediate
9779-checking whether stripping libraries is possible... yes
9780-checking if libtool supports shared libraries... yes
9781-checking whether to build shared libraries... no
9782-checking whether to build static libraries... yes
9783-checking for non-MS-Windows ICC... no
9784-checking if the compiler understands -Wl,-search_paths_first... yes
9785-checking for an ANSI C-conforming const... yes
9786-checking for working volatile... yes
9787-checking whether byte ordering is bigendian... no
9788-checking for library containing clock_gettime... none required
9789-checking for egrep -e... (cached) /usr/bin/grep -E
9790-checking for size_t... yes
9791-checking for limits.h... yes
9792-checking for float.h... yes
9793-checking for string.h... (cached) yes
9794-checking for locale.h... yes
9795-checking for wchar.h... yes
9796-checking for stdarg.h... yes
9797-checking for sys/fpu.h... no
9798-checking for struct lconv.decimal_point... yes
9799-checking for struct lconv.thousands_sep... yes
9800-checking for working alloca.h... yes
9801-checking for alloca... yes
9802-checking for uintptr_t... yes
9803-checking how to copy va_list... va_copy
9804-checking for setlocale... yes
9805-checking for gettimeofday... yes
9806-checking for signal... yes
9807-checking for sigaction and its associated structure... yes
9808-checking for long long int... yes
9809-checking for intmax_t... yes
9810-checking for working INTMAX_MAX... yes
9811-checking for union fpc_csr... no
9812-checking for _Noreturn... yes
9813-checking for __builtin_unreachable... yes
