1172-checking for otool... otool
1173-checking for aarch64-apple-darwin-otool64... no
1174-checking for otool64... no
1175:checking for -single_module linker flag... ld: warning: -single_module is obsolete
1176-no
1177-checking for -exported_symbols_list linker flag... yes
1178-checking for -force_load linker flag... yes
1179-checking for ANSI C header files... yes
1180-checking for sys/types.h... yes
1181-checking for sys/stat.h... yes
1182-checking for stdlib.h... yes
1183-checking for string.h... yes
1184-checking for memory.h... yes
1185-checking for strings.h... yes
1186-checking for inttypes.h... yes
1187-checking for stdint.h... yes
1188-checking for unistd.h... yes
1189-checking for dlfcn.h... yes
1190-checking for objdir... .libs
1191-checking if /usr/bin/cc supports -fno-rtti -fno-exceptions... yes
1192-checking for /usr/bin/cc option to produce PIC... -fno-common -DPIC
1193-checking if /usr/bin/cc PIC flag -fno-common -DPIC works... yes
1194-checking if /usr/bin/cc static flag -static works... no
1195-checking if /usr/bin/cc supports -c -o file.o... yes
1196-checking if /usr/bin/cc supports -c -o file.o... (cached) yes
1197-checking whether the /usr/bin/cc linker (/Applications/Xcode_16.4.app/Contents/Developer/Toolchains/XcodeDefault.xctoolchain/usr/bin/ld) supports shared libraries... yes
1198-checking dynamic linker characteristics... darwin dyld
1199-checking how to hardcode library paths into programs... immediate
1200-checking whether stripping libraries is possible... yes
1201-checking if libtool supports shared libraries... yes
1202-checking whether to build shared libraries... no
1203-checking whether to build static libraries... yes
1204-checking how to run the C++ preprocessor... /usr/bin/c++ -E
1205-checking for ld used by /usr/bin/c++... /Applications/Xcode_16.4.app/Contents/Developer/Toolchains/XcodeDefault.xctoolchain/usr/bin/ld
1206-checking if the linker (/Applications/Xcode_16.4.app/Contents/Developer/Toolchains/XcodeDefault.xctoolchain/usr/bin/ld) is GNU ld... no
1207-checking whether the /usr/bin/c++ linker (/Applications/Xcode_16.4.app/Contents/Developer/Toolchains/XcodeDefault.xctoolchain/usr/bin/ld) supports shared libraries... yes
1208-checking for /usr/bin/c++ option to produce PIC... -fno-common -DPIC
1209-checking if /usr/bin/c++ PIC flag -fno-common -DPIC works... yes
1210-checking if /usr/bin/c++ static flag -static works... no
1211-checking if /usr/bin/c++ supports -c -o file.o... yes
1212-checking if /usr/bin/c++ supports -c -o file.o... (cached) yes
1213-checking whether the /usr/bin/c++ linker (/Applications/Xcode_16.4.app/Contents/Developer/Toolchains/XcodeDefault.xctoolchain/usr/bin/ld) supports shared libraries... yes
1214-checking dynamic linker characteristics... darwin dyld
1215-checking how to hardcode library paths into programs... immediate
1216-checking for ANSI C header files... (cached) yes
1217-checking whether time.h and sys/time.h may both be included... yes
1218-checking fcntl.h usability... yes
1219-checking fcntl.h presence... yes
1220-checking for fcntl.h... yes
1221-checking float.h usability... yes
1222-checking float.h presence... yes
1223-checking for float.h... yes
1224-checking invent.h usability... no
1225-checking invent.h presence... no
1226-checking for invent.h... no
1227-checking langinfo.h usability... yes
1228-checking langinfo.h presence... yes
1229-checking for langinfo.h... yes
1230-checking locale.h usability... yes
1231-checking locale.h presence... yes
1232-checking for locale.h... yes
1233-checking nl_types.h usability... yes
1234-checking nl_types.h presence... yes
1235-checking for nl_types.h... yes
--
5103-checking for otool... otool
5104-checking for aarch64-apple-darwin-otool64... no
5105-checking for otool64... no
5106:checking for -single_module linker flag... ld: warning: -single_module is obsolete
5107-no
5108-checking for -no_fixup_chains linker flag... yes
5109-checking for -exported_symbols_list linker flag... yes
5110-checking for -force_load linker flag... yes
5111-checking for stdio.h... yes
5112-checking for stdlib.h... yes
5113-checking for string.h... yes
5114-checking for inttypes.h... yes
5115-checking for stdint.h... yes
5116-checking for strings.h... yes
5117-checking for sys/stat.h... yes
5118-checking for sys/types.h... yes
5119-checking for unistd.h... yes
5120-checking for dlfcn.h... yes
5121-checking which variant of shared library versioning to provide... (default) aix
5122-checking for objdir... .libs
5123-checking if /usr/bin/cc -std=gnu23 supports -fno-rtti -fno-exceptions... yes
5124-checking for /usr/bin/cc -std=gnu23 option to produce PIC... -fno-common -DPIC
5125-checking if /usr/bin/cc -std=gnu23 PIC flag -fno-common -DPIC works... yes
5126-checking if /usr/bin/cc -std=gnu23 static flag -static works... no
5127-checking if /usr/bin/cc -std=gnu23 supports -c -o file.o... yes
5128-checking if /usr/bin/cc -std=gnu23 supports -c -o file.o... (cached) yes
5129-checking whether the /usr/bin/cc -std=gnu23 linker (/Applications/Xcode_16.4.app/Contents/Developer/Toolchains/XcodeDefault.xctoolchain/usr/bin/ld) supports shared libraries... yes
5130-checking dynamic linker characteristics... darwin dyld
5131-checking how to hardcode library paths into programs... immediate
5132-checking whether stripping libraries is possible... yes
5133-checking if libtool supports shared libraries... yes
5134-checking whether to build shared libraries... no
5135-checking whether to build static libraries... yes
5136-checking for non-MS-Windows ICC... no
5137-checking if the compiler understands -Wl,-search_paths_first... yes
5138-checking for an ANSI C-conforming const... yes
5139-checking for working volatile... yes
5140-checking whether byte ordering is bigendian... no
5141-checking for library containing clock_gettime... none required
5142-checking for egrep -e... (cached) /usr/bin/grep -E
5143-checking for size_t... yes
5144-checking for limits.h... yes
5145-checking for float.h... yes
5146-checking for string.h... (cached) yes
5147-checking for locale.h... yes
5148-checking for wchar.h... yes
5149-checking for stdarg.h... yes
5150-checking for sys/fpu.h... no
5151-checking for struct lconv.decimal_point... yes
5152-checking for struct lconv.thousands_sep... yes
5153-checking for working alloca.h... yes
5154-checking for alloca... yes
5155-checking for uintptr_t... yes
5156-checking how to copy va_list... va_copy
5157-checking for setlocale... yes
5158-checking for gettimeofday... yes
5159-checking for signal... yes
5160-checking for sigaction and its associated structure... yes
5161-checking for long long int... yes
5162-checking for intmax_t... yes
5163-checking for working INTMAX_MAX... yes
5164-checking for union fpc_csr... no
5165-checking for _Noreturn... yes
5166-checking for __builtin_unreachable... yes
