   24 |     virtual bool can_test() const { return true; };
      |                  ^
../src/slic3r/Utils/PrintHost.hpp:68:18: note: overridden virtual function is here
   68 |     virtual bool can_test() const = 0;
      |                  ^
In file included from ../src/slic3r/Utils/PrintHost.cpp:23:
../src/slic3r/Utils/CrealityPrint.hpp:31:40: warning: 'get_post_upload_actions' overrides a member function but is not marked 'override' [-Winconsistent-missing-override]
   31 |     PrintHostPostUploadActions         get_post_upload_actions() const;
      |                                        ^
../src/slic3r/Utils/PrintHost.hpp:69:40: note: overridden virtual function is here
   69 |     virtual PrintHostPostUploadActions get_post_upload_actions() const = 0;
      |                                        ^
In file included from ../src/slic3r/Utils/PrintHost.cpp:24:
In file included from ../src/slic3r/Utils/../GUI/PrintHostDialogs.hpp:13:
In file included from ../src/slic3r/Utils/../GUI/MsgDialog.hpp:16:
../src/slic3r/Utils/../GUI/Widgets/TextInput.hpp:46:10: warning: 'SetLabel' overrides a member function but is not marked 'override' [-Winconsistent-missing-override]
   46 |     void SetLabel(const wxString& label);
      |          ^
../../wx-prefix/include/wx-3.3/wx/osx/window.h:56:18: note: overridden virtual function is here
   56 |     virtual void SetLabel( const wxString& label ) override;
      |                  ^
In file included from ../src/slic3r/Utils/PrintHost.cpp:24:
In file included from ../src/slic3r/Utils/../GUI/PrintHostDialogs.hpp:13:
In file included from ../src/slic3r/Utils/../GUI/MsgDialog.hpp:16:
../src/slic3r/Utils/../GUI/Widgets/TextInput.hpp:72:18: warning: 'DoSetSize' overrides a member function but is not marked 'override' [-Winconsistent-missing-override]
   72 |     virtual void DoSetSize(
      |                  ^
../../wx-prefix/include/wx-3.3/wx/osx/window.h:379:18: note: overridden virtual function is here
  379 |     virtual void DoSetSize(int x, int y,
      |                  ^
In file included from ../src/slic3r/Utils/PrintHost.cpp:24:
In file included from ../src/slic3r/Utils/../GUI/PrintHostDialogs.hpp:13:
In file included from ../src/slic3r/Utils/../GUI/MsgDialog.hpp:16:
../src/slic3r/Utils/../GUI/Widgets/TextInput.hpp:75:10: warning: 'DoSetToolTipText' overrides a member function but is not marked 'override' [-Winconsistent-missing-override]
   75 |     void DoSetToolTipText(wxString const &tip);
      |          ^
../../wx-prefix/include/wx-3.3/wx/window.h:2005:18: note: overridden virtual function is here
 2005 |     virtual void DoSetToolTipText( const wxString &tip );
      |                  ^
In file included from ../src/slic3r/Utils/PrintHost.cpp:24:
../src/slic3r/Utils/../GUI/PrintHostDialogs.hpp:166:48: warning: 'extendedInfo' overrides a member function but is not marked 'override' [-Winconsistent-missing-override]
  166 |     virtual std::map<std::string, std::string> extendedInfo() const
      |                                                ^
../src/slic3r/Utils/../GUI/PrintHostDialogs.hpp:47:48: note: overridden virtual function is here
   47 |     virtual std::map<std::string, std::string> extendedInfo() const { return {}; }
      |                                                ^
../src/slic3r/Utils/../GUI/PrintHostDialogs.hpp:203:48: warning: 'extendedInfo' overrides a member function but is not marked 'override' [-Winconsistent-missing-override]
  203 |     virtual std::map<std::string, std::string> extendedInfo() const;
      |                                                ^
../src/slic3r/Utils/../GUI/PrintHostDialogs.hpp:47:48: note: overridden virtual function is here
   47 |     virtual std::map<std::string, std::string> extendedInfo() const { return {}; }
      |                                                ^
In file included from ../src/slic3r/Utils/PrintHost.cpp:25:
In file included from ../src/slic3r/Utils/../GUI/MainFrame.hpp:21:
In file included from ../src/slic3r/Utils/../GUI/Monitor.hpp:4:
../src/slic3r/Utils/../GUI/Tabbook.hpp:143:10: warning: 'Tabbook::AddPage' hides overloaded virtual function [-Woverloaded-virtual]
  143 |     bool AddPage(wxWindow* page,
      |          ^
../../wx-prefix/include/wx-3.3/wx/bookctrl.h:177:18: note: hidden overloaded virtual function 'wxBookCtrlBase::AddPage' declared here: type mismatch at 3rd parameter ('bool' vs 'const std::string &' (aka 'const basic_string<char> &'))
  177 |     virtual bool AddPage(wxWindow *page,
      |                  ^
In file included from ../src/slic3r/Utils/PrintHost.cpp:25:
In file included from ../src/slic3r/Utils/../GUI/MainFrame.hpp:21:
In file included from ../src/slic3r/Utils/../GUI/Monitor.hpp:4:
../src/slic3r/Utils/../GUI/Tabbook.hpp:187:10: warning: 'RemovePage' overrides a member function but is not marked 'override' [-Winconsistent-missing-override]
  187 |     bool RemovePage(size_t n)
      |          ^
../../wx-prefix/include/wx-3.3/wx/bookctrl.h:161:18: note: overridden virtual function is here
  161 |     virtual bool RemovePage(size_t n)
      |                  ^
In file included from ../src/slic3r/Utils/PrintHost.cpp:25:
In file included from ../src/slic3r/Utils/../GUI/MainFrame.hpp:24:
In file included from ../src/slic3r/Utils/../GUI/CalibrationPanel.hpp:4:
In file included from ../src/slic3r/Utils/../GUI/CalibrationWizard.hpp:8:
../src/slic3r/Utils/../GUI/CalibrationWizardStartPage.hpp:51:10: warning: 'on_reset_page' overrides a member function but is not marked 'override' [-Winconsistent-missing-override]
   51 |     void on_reset_page();
      |          ^
../src/slic3r/GUI/CalibrationWizardPage.hpp:310:18: note: overridden virtual function is here
  310 |     virtual void on_reset_page() {}
      |                  ^
In file included from ../src/slic3r/Utils/PrintHost.cpp:25:
In file included from ../src/slic3r/Utils/../GUI/MainFrame.hpp:24:
In file included from ../src/slic3r/Utils/../GUI/CalibrationPanel.hpp:4:
In file included from ../src/slic3r/Utils/../GUI/CalibrationWizard.hpp:8:
../src/slic3r/Utils/../GUI/CalibrationWizardStartPage.hpp:52:10: warning: 'on_device_connected' overrides a member function but is not marked 'override' [-Winconsistent-missing-override]
   52 |     void on_device_connected(MachineObject* obj);
      |          ^
../src/slic3r/GUI/CalibrationWizardPage.hpp:308:18: note: overridden virtual function is here
  308 |     virtual void on_device_connected(MachineObject* obj) { curr_obj = obj; }
      |                  ^
In file included from ../src/slic3r/Utils/PrintHost.cpp:25:
In file included from ../src/slic3r/Utils/../GUI/MainFrame.hpp:24:
In file included from ../src/slic3r/Utils/../GUI/CalibrationPanel.hpp:4:
In file included from ../src/slic3r/Utils/../GUI/CalibrationWizard.hpp:8:
../src/slic3r/Utils/../GUI/CalibrationWizardStartPage.hpp:66:10: warning: 'on_reset_page' overrides a member function but is not marked 'override' [-Winconsistent-missing-override]
   66 |     void on_reset_page();
      |          ^
../src/slic3r/GUI/CalibrationWizardPage.hpp:310:18: note: overridden virtual function is here
  310 |     virtual void on_reset_page() {}
      |                  ^
In file included from ../src/slic3r/Utils/PrintHost.cpp:25:
In file included from ../src/slic3r/Utils/../GUI/MainFrame.hpp:24:
In file included from ../src/slic3r/Utils/../GUI/CalibrationPanel.hpp:4:
In file included from ../src/slic3r/Utils/../GUI/CalibrationWizard.hpp:8:
../src/slic3r/Utils/../GUI/CalibrationWizardStartPage.hpp:67:10: warning: 'on_device_connected' overrides a member function but is not marked 'override' [-Winconsistent-missing-override]
   67 |     void on_device_connected(MachineObject* obj);
      |          ^
../src/slic3r/GUI/CalibrationWizardPage.hpp:308:18: note: overridden virtual function is here
  308 |     virtual void on_device_connected(MachineObject* obj) { curr_obj = obj; }
      |                  ^
In file included from ../src/slic3r/Utils/PrintHost.cpp:25:
In file included from ../src/slic3r/Utils/../GUI/MainFrame.hpp:24:
In file included from ../src/slic3r/Utils/../GUI/CalibrationPanel.hpp:4:
In file included from ../src/slic3r/Utils/../GUI/CalibrationWizard.hpp:11:
../src/slic3r/Utils/../GUI/CalibrationWizardSavePage.hpp:193:10: warning: 'on_device_connected' overrides a member function but is not marked 'override' [-Winconsistent-missing-override]
  193 |     void on_device_connected(MachineObject* obj);
      |          ^
../src/slic3r/GUI/CalibrationWizardPage.hpp:308:18: note: overridden virtual function is here
  308 |     virtual void on_device_connected(MachineObject* obj) { curr_obj = obj; }
      |                  ^
In file included from ../src/slic3r/Utils/PrintHost.cpp:25:
In file included from ../src/slic3r/Utils/../GUI/MainFrame.hpp:25:
../src/slic3r/Utils/../GUI/UnsavedChangesDialog.hpp:346:9: warning: 'ShowModal' overrides a member function but is not marked 'override' [-Winconsistent-missing-override]
  346 |     int ShowModal();
      |         ^
../src/slic3r/Utils/../GUI/GUI_Utils.hpp:199:9: note: overridden virtual function is here
  199 |     int ShowModal()
      |         ^
In file included from ../src/slic3r/Utils/PrintHost.cpp:25:
In file included from ../src/slic3r/Utils/../GUI/MainFrame.hpp:26:
../src/slic3r/Utils/../GUI/Widgets/SideButton.hpp:34:10: warning: 'SetLabel' overrides a member function but is not marked 'override' [-Winconsistent-missing-override]
   34 |     void SetLabel(const wxString& label);
      |          ^
../../wx-prefix/include/wx-3.3/wx/osx/window.h:56:18: note: overridden virtual function is here
   56 |     virtual void SetLabel( const wxString& label ) override;
      |                  ^
In file included from ../src/slic3r/Utils/PrintHost.cpp:25:
In file included from ../src/slic3r/Utils/../GUI/MainFrame.hpp:26:
../src/slic3r/Utils/../GUI/Widgets/SideButton.hpp:50:10: warning: 'Enable' overrides a member function but is not marked 'override' [-Winconsistent-missing-override]
   50 |     bool Enable(bool enable = true);
      |          ^
../../wx-prefix/include/wx-3.3/wx/window.h:646:18: note: overridden virtual function is here
  646 |     virtual bool Enable( bool enable = true );
      |                  ^
In file included from ../src/slic3r/Utils/PrintHost.cpp:25:
In file included from ../src/slic3r/Utils/../GUI/MainFrame.hpp:36:
In file included from ../src/slic3r/Utils/../GUI/calib_dlg.hpp:12:
../src/slic3r/Utils/../GUI/Widgets/LabeledStaticBox.hpp:45:10: warning: 'LabeledStaticBox::SetFont' hides overloaded virtual function [-Woverloaded-virtual]
   45 |     void SetFont(wxFont set_font);
      |          ^
../../wx-prefix/include/wx-3.3/wx/osx/statbox.h:44:18: note: hidden overloaded virtual function 'wxStaticBox::SetFont' declared here: type mismatch at 1st parameter ('const wxFont &' vs 'wxFont')
   44 |     virtual bool SetFont( const wxFont &font ) override;
      |                  ^
In file included from ../src/slic3r/Utils/PrintHost.cpp:26:
../src/slic3r/Utils/Obico.hpp:23:18: warning: 'can_test' overrides a member function but is not marked 'override' [-Winconsistent-missing-override]
   23 |     virtual bool can_test() const { return true; };
      |                  ^
../src/slic3r/Utils/PrintHost.hpp:68:18: note: overridden virtual function is here
   68 |     virtual bool can_test() const = 0;
      |                  ^
In file included from ../src/slic3r/Utils/PrintHost.cpp:26:
../src/slic3r/Utils/Obico.hpp:33:40: warning: 'get_post_upload_actions' overrides a member function but is not marked 'override' [-Winconsistent-missing-override]
   33 |     PrintHostPostUploadActions         get_post_upload_actions() const;
      |                                        ^
../src/slic3r/Utils/PrintHost.hpp:69:40: note: overridden virtual function is here
   69 |     virtual PrintHostPostUploadActions get_post_upload_actions() const = 0;
      |                                        ^
In file included from ../src/slic3r/Utils/PrintHost.cpp:29:
../src/slic3r/Utils/ElegooLink.hpp:37:18: warning: 'validate_version_text' overrides a member function but is not marked 'override' [-Winconsistent-missing-override]
   37 |     virtual bool validate_version_text(const boost::optional<std::string> &version_text) const;
      |                  ^
../src/slic3r/Utils/OctoPrint.hpp:41:18: note: overridden virtual function is here
   41 |     virtual bool validate_version_text(const boost::optional<std::string> &version_text) const;
      |                  ^
In file included from ../src/slic3r/Utils/PrintHost.cpp:29:
../src/slic3r/Utils/ElegooLink.hpp:38:18: warning: 'upload_inner_with_host' overrides a member function but is not marked 'override' [-Winconsistent-missing-override]
   38 |     virtual bool upload_inner_with_host(PrintHostUpload upload_data, ProgressFn prorgess_fn, ErrorFn error_fn, InfoFn info_fn) const;
      |                  ^
../src/slic3r/Utils/OctoPrint.hpp:42:18: note: overridden virtual function is here
   42 |     virtual bool upload_inner_with_host(PrintHostUpload upload_data, ProgressFn prorgess_fn, ErrorFn error_fn, InfoFn info_fn) const;
      |                  ^
In file included from ../src/slic3r/Utils/PrintHost.cpp:25:
In file included from ../src/slic3r/Utils/../GUI/MainFrame.hpp:21:
In file included from ../src/slic3r/Utils/../GUI/Monitor.hpp:4:
../src/slic3r/Utils/../GUI/Tabbook.hpp:421:25: warning: private field 'm_ctrl' is not used [-Wunused-private-field]
  421 |     TabButtonsListCtrl *m_ctrl{nullptr};
      |                         ^
23 warnings generated.
[658/659] Building CXX object src/slic3r/CMakeFiles/libslic3r_gui.dir/Utils/SimplyPrint.cpp.o
../src/slic3r/Utils/SimplyPrint.cpp:195:34: warning: lambda capture 'this' is not used [-Wunused-lambda-capture]
  195 |     const auto create_request = [this, &build_request, &res, &on_complete](const std::string& access_token, bool is_retry) {
      |                                  ^~~~~
../src/slic3r/Utils/SimplyPrint.cpp:303:32: warning: lambda capture 'this' is not used [-Wunused-lambda-capture]
  303 |         [&error_fn, &filename, this](std::string body, unsigned status) {
      |                              ~~^~~~
../src/slic3r/Utils/SimplyPrint.cpp:426:42: warning: lambda capture 'this' is not used [-Wunused-lambda-capture]
  426 |             [&error_fn, i, chunk_amount, this, &chunk_id, &delete_token](std::string body, unsigned status) {
      |                                        ~~^~~~
3 warnings generated.
ninja: build stopped: cannot make progress due to previous errors.
