ld: warning: object file (/Users/runner/work/Orca-iOS-ipa/Orca-iOS-ipa/ios-prefix/usr/local/lib/libcrypto.a[373](md4_dgst.o)) was built for newer 'iOS-simulator' version (18.5) than being linked (17.0)
ld: warning: object file (/Users/runner/work/Orca-iOS-ipa/Orca-iOS-ipa/ios-prefix/usr/local/lib/libcrypto.a[375](md5_dgst.o)) was built for newer 'iOS-simulator' version (18.5) than being linked (17.0)
ld: warning: object file (/Users/runner/work/Orca-iOS-ipa/Orca-iOS-ipa/ios-prefix/usr/local/lib/libcrypto.a[378](mdc2dgst.o)) was built for newer 'iOS-simulator' version (18.5) than being linked (17.0)
ld: warning: object file (/Users/runner/work/Orca-iOS-ipa/Orca-iOS-ipa/ios-prefix/usr/local/lib/libcrypto.a[379](mem.o)) was built for newer 'iOS-simulator' version (18.5) than being linked (17.0)
ld: warning: object file (/Users/runner/work/Orca-iOS-ipa/Orca-iOS-ipa/ios-prefix/usr/local/lib/libcrypto.a[380](mem_clr.o)) was built for newer 'iOS-simulator' version (18.5) than being linked (17.0)
ld: warning: object file (/Users/runner/work/Orca-iOS-ipa/Orca-iOS-ipa/ios-prefix/usr/local/lib/libcrypto.a[381](mem_dbg.o)) was built for newer 'iOS-simulator' version (18.5) than being linked (17.0)
ld: warning: object file (/Users/runner/work/Orca-iOS-ipa/Orca-iOS-ipa/ios-prefix/usr/local/lib/libcrypto.a[382](mem_sec.o)) was built for newer 'iOS-simulator' version (18.5) than being linked (17.0)
ld: warning: object file (/Users/runner/work/Orca-iOS-ipa/Orca-iOS-ipa/ios-prefix/usr/local/lib/libcrypto.a[383](cbc128.o)) was built for newer 'iOS-simulator' version (18.5) than being linked (17.0)
ld: warning: object file (/Users/runner/work/Orca-iOS-ipa/Orca-iOS-ipa/ios-prefix/usr/local/lib/libcrypto.a[384](ccm128.o)) was built for newer 'iOS-simulator' version (18.5) than being linked (17.0)
ld: warning: object file (/Users/runner/work/Orca-iOS-ipa/Orca-iOS-ipa/ios-prefix/usr/local/lib/libcrypto.a[385](cfb128.o)) was built for newer 'iOS-simulator' version (18.5) than being linked (17.0)
ld: warning: object file (/Users/runner/work/Orca-iOS-ipa/Orca-iOS-ipa/ios-prefix/usr/local/lib/libcrypto.a[386](ctr128.o)) was built for newer 'iOS-simulator' version (18.5) than being linked (17.0)
ld: warning: object file (/Users/runner/work/Orca-iOS-ipa/Orca-iOS-ipa/ios-prefix/usr/local/lib/libcrypto.a[388](gcm128.o)) was built for newer 'iOS-simulator' version (18.5) than being linked (17.0)
ld: warning: object file (/Users/runner/work/Orca-iOS-ipa/Orca-iOS-ipa/ios-prefix/usr/local/lib/libcrypto.a[389](ocb128.o)) was built for newer 'iOS-simulator' version (18.5) than being linked (17.0)
ld: warning: object file (/Users/runner/work/Orca-iOS-ipa/Orca-iOS-ipa/ios-prefix/usr/local/lib/libcrypto.a[390](ofb128.o)) was built for newer 'iOS-simulator' version (18.5) than being linked (17.0)
ld: warning: object file (/Users/runner/work/Orca-iOS-ipa/Orca-iOS-ipa/ios-prefix/usr/local/lib/libcrypto.a[391](wrap128.o)) was built for newer 'iOS-simulator' version (18.5) than being linked (17.0)
ld: warning: object file (/Users/runner/work/Orca-iOS-ipa/Orca-iOS-ipa/ios-prefix/usr/local/lib/libcrypto.a[392](xts128.o)) was built for newer 'iOS-simulator' version (18.5) than being linked (17.0)
ld: warning: object file (/Users/runner/work/Orca-iOS-ipa/Orca-iOS-ipa/ios-prefix/usr/local/lib/libcrypto.a[393](o_dir.o)) was built for newer 'iOS-simulator' version (18.5) than being linked (17.0)
ld: warning: object file (/Users/runner/work/Orca-iOS-ipa/Orca-iOS-ipa/ios-prefix/usr/local/lib/libcrypto.a[395](o_fopen.o)) was built for newer 'iOS-simulator' version (18.5) than being linked (17.0)
ld: warning: object file (/Users/runner/work/Orca-iOS-ipa/Orca-iOS-ipa/ios-prefix/usr/local/lib/libcrypto.a[397](o_str.o)) was built for newer 'iOS-simulator' version (18.5) than being linked (17.0)
ld: warning: object file (/Users/runner/work/Orca-iOS-ipa/Orca-iOS-ipa/ios-prefix/usr/local/lib/libcrypto.a[398](o_time.o)) was built for newer 'iOS-simulator' version (18.5) than being linked (17.0)
ld: warning: object file (/Users/runner/work/Orca-iOS-ipa/Orca-iOS-ipa/ios-prefix/usr/local/lib/libcrypto.a[399](o_names.o)) was built for newer 'iOS-simulator' version (18.5) than being linked (17.0)
ld: warning: object file (/Users/runner/work/Orca-iOS-ipa/Orca-iOS-ipa/ios-prefix/usr/local/lib/libcrypto.a[400](obj_dat.o)) was built for newer 'iOS-simulator' version (18.5) than being linked (17.0)
ld: warning: object file (/Users/runner/work/Orca-iOS-ipa/Orca-iOS-ipa/ios-prefix/usr/local/lib/libcrypto.a[401](obj_err.o)) was built for newer 'iOS-simulator' version (18.5) than being linked (17.0)
ld: warning: object file (/Users/runner/work/Orca-iOS-ipa/Orca-iOS-ipa/ios-prefix/usr/local/lib/libcrypto.a[402](obj_lib.o)) was built for newer 'iOS-simulator' version (18.5) than being linked (17.0)
ld: warning: object file (/Users/runner/work/Orca-iOS-ipa/Orca-iOS-ipa/ios-prefix/usr/local/lib/libcrypto.a[403](obj_xref.o)) was built for newer 'iOS-simulator' version (18.5) than being linked (17.0)
ld: warning: object file (/Users/runner/work/Orca-iOS-ipa/Orca-iOS-ipa/ios-prefix/usr/local/lib/libcrypto.a[404](ocsp_asn.o)) was built for newer 'iOS-simulator' version (18.5) than being linked (17.0)
ld: warning: object file (/Users/runner/work/Orca-iOS-ipa/Orca-iOS-ipa/ios-prefix/usr/local/lib/libcrypto.a[405](ocsp_cl.o)) was built for newer 'iOS-simulator' version (18.5) than being linked (17.0)
ld: warning: object file (/Users/runner/work/Orca-iOS-ipa/Orca-iOS-ipa/ios-prefix/usr/local/lib/libcrypto.a[406](ocsp_err.o)) was built for newer 'iOS-simulator' version (18.5) than being linked (17.0)
ld: warning: object file (/Users/runner/work/Orca-iOS-ipa/Orca-iOS-ipa/ios-prefix/usr/local/lib/libcrypto.a[407](ocsp_ext.o)) was built for newer 'iOS-simulator' version (18.5) than being linked (17.0)
ld: warning: object file (/Users/runner/work/Orca-iOS-ipa/Orca-iOS-ipa/ios-prefix/usr/local/lib/libcrypto.a[408](ocsp_ht.o)) was built for newer 'iOS-simulator' version (18.5) than being linked (17.0)
ld: warning: object file (/Users/runner/work/Orca-iOS-ipa/Orca-iOS-ipa/ios-prefix/usr/local/lib/libcrypto.a[409](ocsp_lib.o)) was built for newer 'iOS-simulator' version (18.5) than being linked (17.0)
ld: warning: object file (/Users/runner/work/Orca-iOS-ipa/Orca-iOS-ipa/ios-prefix/usr/local/lib/libcrypto.a[410](ocsp_prn.o)) was built for newer 'iOS-simulator' version (18.5) than being linked (17.0)
ld: warning: object file (/Users/runner/work/Orca-iOS-ipa/Orca-iOS-ipa/ios-prefix/usr/local/lib/libcrypto.a[412](ocsp_vfy.o)) was built for newer 'iOS-simulator' version (18.5) than being linked (17.0)
ld: warning: object file (/Users/runner/work/Orca-iOS-ipa/Orca-iOS-ipa/ios-prefix/usr/local/lib/libcrypto.a[413](v3_ocsp.o)) was built for newer 'iOS-simulator' version (18.5) than being linked (17.0)
ld: warning: object file (/Users/runner/work/Orca-iOS-ipa/Orca-iOS-ipa/ios-prefix/usr/local/lib/libcrypto.a[414](pem_all.o)) was built for newer 'iOS-simulator' version (18.5) than being linked (17.0)
ld: warning: object file (/Users/runner/work/Orca-iOS-ipa/Orca-iOS-ipa/ios-prefix/usr/local/lib/libcrypto.a[415](pem_err.o)) was built for newer 'iOS-simulator' version (18.5) than being linked (17.0)
ld: warning: object file (/Users/runner/work/Orca-iOS-ipa/Orca-iOS-ipa/ios-prefix/usr/local/lib/libcrypto.a[416](pem_info.o)) was built for newer 'iOS-simulator' version (18.5) than being linked (17.0)
ld: warning: object file (/Users/runner/work/Orca-iOS-ipa/Orca-iOS-ipa/ios-prefix/usr/local/lib/libcrypto.a[417](pem_lib.o)) was built for newer 'iOS-simulator' version (18.5) than being linked (17.0)
ld: warning: object file (/Users/runner/work/Orca-iOS-ipa/Orca-iOS-ipa/ios-prefix/usr/local/lib/libcrypto.a[418](pem_oth.o)) was built for newer 'iOS-simulator' version (18.5) than being linked (17.0)
ld: warning: object file (/Users/runner/work/Orca-iOS-ipa/Orca-iOS-ipa/ios-prefix/usr/local/lib/libcrypto.a[419](pem_pk8.o)) was built for newer 'iOS-simulator' version (18.5) than being linked (17.0)
ld: warning: object file (/Users/runner/work/Orca-iOS-ipa/Orca-iOS-ipa/ios-prefix/usr/local/lib/libcrypto.a[420](pem_pkey.o)) was built for newer 'iOS-simulator' version (18.5) than being linked (17.0)
ld: warning: object file (/Users/runner/work/Orca-iOS-ipa/Orca-iOS-ipa/ios-prefix/usr/local/lib/libcrypto.a[422](pem_x509.o)) was built for newer 'iOS-simulator' version (18.5) than being linked (17.0)
ld: warning: object file (/Users/runner/work/Orca-iOS-ipa/Orca-iOS-ipa/ios-prefix/usr/local/lib/libcrypto.a[423](pem_xaux.o)) was built for newer 'iOS-simulator' version (18.5) than being linked (17.0)
ld: warning: object file (/Users/runner/work/Orca-iOS-ipa/Orca-iOS-ipa/ios-prefix/usr/local/lib/libcrypto.a[425](p12_add.o)) was built for newer 'iOS-simulator' version (18.5) than being linked (17.0)
ld: warning: object file (/Users/runner/work/Orca-iOS-ipa/Orca-iOS-ipa/ios-prefix/usr/local/lib/libcrypto.a[426](p12_asn.o)) was built for newer 'iOS-simulator' version (18.5) than being linked (17.0)
ld: warning: object file (/Users/runner/work/Orca-iOS-ipa/Orca-iOS-ipa/ios-prefix/usr/local/lib/libcrypto.a[427](p12_attr.o)) was built for newer 'iOS-simulator' version (18.5) than being linked (17.0)
ld: warning: object file (/Users/runner/work/Orca-iOS-ipa/Orca-iOS-ipa/ios-prefix/usr/local/lib/libcrypto.a[428](p12_crpt.o)) was built for newer 'iOS-simulator' version (18.5) than being linked (17.0)
ld: warning: object file (/Users/runner/work/Orca-iOS-ipa/Orca-iOS-ipa/ios-prefix/usr/local/lib/libcrypto.a[430](p12_decr.o)) was built for newer 'iOS-simulator' version (18.5) than being linked (17.0)
ld: warning: object file (/Users/runner/work/Orca-iOS-ipa/Orca-iOS-ipa/ios-prefix/usr/local/lib/libcrypto.a[432](p12_key.o)) was built for newer 'iOS-simulator' version (18.5) than being linked (17.0)
ld: warning: object file (/Users/runner/work/Orca-iOS-ipa/Orca-iOS-ipa/ios-prefix/usr/local/lib/libcrypto.a[433](p12_kiss.o)) was built for newer 'iOS-simulator' version (18.5) than being linked (17.0)
ld: warning: object file (/Users/runner/work/Orca-iOS-ipa/Orca-iOS-ipa/ios-prefix/usr/local/lib/libcrypto.a[434](p12_mutl.o)) was built for newer 'iOS-simulator' version (18.5) than being linked (17.0)
ld: warning: object file (/Users/runner/work/Orca-iOS-ipa/Orca-iOS-ipa/ios-prefix/usr/local/lib/libcrypto.a[436](p12_p8d.o)) was built for newer 'iOS-simulator' version (18.5) than being linked (17.0)
ld: warning: object file (/Users/runner/work/Orca-iOS-ipa/Orca-iOS-ipa/ios-prefix/usr/local/lib/libcrypto.a[437](p12_p8e.o)) was built for newer 'iOS-simulator' version (18.5) than being linked (17.0)
ld: warning: object file (/Users/runner/work/Orca-iOS-ipa/Orca-iOS-ipa/ios-prefix/usr/local/lib/libcrypto.a[438](p12_sbag.o)) was built for newer 'iOS-simulator' version (18.5) than being linked (17.0)
ld: warning: object file (/Users/runner/work/Orca-iOS-ipa/Orca-iOS-ipa/ios-prefix/usr/local/lib/libcrypto.a[439](p12_utl.o)) was built for newer 'iOS-simulator' version (18.5) than being linked (17.0)
ld: warning: object file (/Users/runner/work/Orca-iOS-ipa/Orca-iOS-ipa/ios-prefix/usr/local/lib/libcrypto.a[440](pk12err.o)) was built for newer 'iOS-simulator' version (18.5) than being linked (17.0)
ld: warning: object file (/Users/runner/work/Orca-iOS-ipa/Orca-iOS-ipa/ios-prefix/usr/local/lib/libcrypto.a[442](pk7_asn1.o)) was built for newer 'iOS-simulator' version (18.5) than being linked (17.0)
ld: warning: object file (/Users/runner/work/Orca-iOS-ipa/Orca-iOS-ipa/ios-prefix/usr/local/lib/libcrypto.a[443](pk7_attr.o)) was built for newer 'iOS-simulator' version (18.5) than being linked (17.0)
ld: warning: object file (/Users/runner/work/Orca-iOS-ipa/Orca-iOS-ipa/ios-prefix/usr/local/lib/libcrypto.a[444](pk7_doit.o)) was built for newer 'iOS-simulator' version (18.5) than being linked (17.0)
ld: warning: object file (/Users/runner/work/Orca-iOS-ipa/Orca-iOS-ipa/ios-prefix/usr/local/lib/libcrypto.a[445](pk7_lib.o)) was built for newer 'iOS-simulator' version (18.5) than being linked (17.0)
ld: warning: object file (/Users/runner/work/Orca-iOS-ipa/Orca-iOS-ipa/ios-prefix/usr/local/lib/libcrypto.a[448](pkcs7err.o)) was built for newer 'iOS-simulator' version (18.5) than being linked (17.0)
ld: warning: object file (/Users/runner/work/Orca-iOS-ipa/Orca-iOS-ipa/ios-prefix/usr/local/lib/libcrypto.a[449](poly1305.o)) was built for newer 'iOS-simulator' version (18.5) than being linked (17.0)
ld: warning: object file (/Users/runner/work/Orca-iOS-ipa/Orca-iOS-ipa/ios-prefix/usr/local/lib/libcrypto.a[450](poly1305_ameth.o)) was built for newer 'iOS-simulator' version (18.5) than being linked (17.0)
ld: warning: object file (/Users/runner/work/Orca-iOS-ipa/Orca-iOS-ipa/ios-prefix/usr/local/lib/libcrypto.a[451](poly1305_pmeth.o)) was built for newer 'iOS-simulator' version (18.5) than being linked (17.0)
ld: warning: object file (/Users/runner/work/Orca-iOS-ipa/Orca-iOS-ipa/ios-prefix/usr/local/lib/libcrypto.a[452](drbg_ctr.o)) was built for newer 'iOS-simulator' version (18.5) than being linked (17.0)
ld: warning: object file (/Users/runner/work/Orca-iOS-ipa/Orca-iOS-ipa/ios-prefix/usr/local/lib/libcrypto.a[453](drbg_lib.o)) was built for newer 'iOS-simulator' version (18.5) than being linked (17.0)
ld: warning: object file (/Users/runner/work/Orca-iOS-ipa/Orca-iOS-ipa/ios-prefix/usr/local/lib/libcrypto.a[455](rand_err.o)) was built for newer 'iOS-simulator' version (18.5) than being linked (17.0)
ld: warning: object file (/Users/runner/work/Orca-iOS-ipa/Orca-iOS-ipa/ios-prefix/usr/local/lib/libcrypto.a[456](rand_lib.o)) was built for newer 'iOS-simulator' version (18.5) than being linked (17.0)
ld: warning: object file (/Users/runner/work/Orca-iOS-ipa/Orca-iOS-ipa/ios-prefix/usr/local/lib/libcrypto.a[457](rand_unix.o)) was built for newer 'iOS-simulator' version (18.5) than being linked (17.0)
ld: warning: object file (/Users/runner/work/Orca-iOS-ipa/Orca-iOS-ipa/ios-prefix/usr/local/lib/libcrypto.a[460](randfile.o)) was built for newer 'iOS-simulator' version (18.5) than being linked (17.0)
ld: warning: object file (/Users/runner/work/Orca-iOS-ipa/Orca-iOS-ipa/ios-prefix/usr/local/lib/libcrypto.a[461](rc2_cbc.o)) was built for newer 'iOS-simulator' version (18.5) than being linked (17.0)
ld: warning: object file (/Users/runner/work/Orca-iOS-ipa/Orca-iOS-ipa/ios-prefix/usr/local/lib/libcrypto.a[462](rc2_ecb.o)) was built for newer 'iOS-simulator' version (18.5) than being linked (17.0)
ld: warning: object file (/Users/runner/work/Orca-iOS-ipa/Orca-iOS-ipa/ios-prefix/usr/local/lib/libcrypto.a[463](rc2_skey.o)) was built for newer 'iOS-simulator' version (18.5) than being linked (17.0)
ld: warning: object file (/Users/runner/work/Orca-iOS-ipa/Orca-iOS-ipa/ios-prefix/usr/local/lib/libcrypto.a[464](rc2cfb64.o)) was built for newer 'iOS-simulator' version (18.5) than being linked (17.0)
ld: warning: object file (/Users/runner/work/Orca-iOS-ipa/Orca-iOS-ipa/ios-prefix/usr/local/lib/libcrypto.a[465](rc2ofb64.o)) was built for newer 'iOS-simulator' version (18.5) than being linked (17.0)
ld: warning: object file (/Users/runner/work/Orca-iOS-ipa/Orca-iOS-ipa/ios-prefix/usr/local/lib/libcrypto.a[466](rc4_enc.o)) was built for newer 'iOS-simulator' version (18.5) than being linked (17.0)
ld: warning: object file (/Users/runner/work/Orca-iOS-ipa/Orca-iOS-ipa/ios-prefix/usr/local/lib/libcrypto.a[467](rc4_skey.o)) was built for newer 'iOS-simulator' version (18.5) than being linked (17.0)
ld: warning: object file (/Users/runner/work/Orca-iOS-ipa/Orca-iOS-ipa/ios-prefix/usr/local/lib/libcrypto.a[468](rmd_dgst.o)) was built for newer 'iOS-simulator' version (18.5) than being linked (17.0)
ld: warning: object file (/Users/runner/work/Orca-iOS-ipa/Orca-iOS-ipa/ios-prefix/usr/local/lib/libcrypto.a[470](rsa_ameth.o)) was built for newer 'iOS-simulator' version (18.5) than being linked (17.0)
ld: warning: object file (/Users/runner/work/Orca-iOS-ipa/Orca-iOS-ipa/ios-prefix/usr/local/lib/libcrypto.a[471](rsa_asn1.o)) was built for newer 'iOS-simulator' version (18.5) than being linked (17.0)
ld: warning: object file (/Users/runner/work/Orca-iOS-ipa/Orca-iOS-ipa/ios-prefix/usr/local/lib/libcrypto.a[472](rsa_chk.o)) was built for newer 'iOS-simulator' version (18.5) than being linked (17.0)
ld: warning: object file (/Users/runner/work/Orca-iOS-ipa/Orca-iOS-ipa/ios-prefix/usr/local/lib/libcrypto.a[473](rsa_crpt.o)) was built for newer 'iOS-simulator' version (18.5) than being linked (17.0)
ld: warning: object file (/Users/runner/work/Orca-iOS-ipa/Orca-iOS-ipa/ios-prefix/usr/local/lib/libcrypto.a[475](rsa_err.o)) was built for newer 'iOS-simulator' version (18.5) than being linked (17.0)
ld: warning: object file (/Users/runner/work/Orca-iOS-ipa/Orca-iOS-ipa/ios-prefix/usr/local/lib/libcrypto.a[476](rsa_gen.o)) was built for newer 'iOS-simulator' version (18.5) than being linked (17.0)
ld: warning: object file (/Users/runner/work/Orca-iOS-ipa/Orca-iOS-ipa/ios-prefix/usr/local/lib/libcrypto.a[477](rsa_lib.o)) was built for newer 'iOS-simulator' version (18.5) than being linked (17.0)
ld: warning: object file (/Users/runner/work/Orca-iOS-ipa/Orca-iOS-ipa/ios-prefix/usr/local/lib/libcrypto.a[479](rsa_mp.o)) was built for newer 'iOS-simulator' version (18.5) than being linked (17.0)
ld: warning: object file (/Users/runner/work/Orca-iOS-ipa/Orca-iOS-ipa/ios-prefix/usr/local/lib/libcrypto.a[480](rsa_none.o)) was built for newer 'iOS-simulator' version (18.5) than being linked (17.0)
ld: warning: object file (/Users/runner/work/Orca-iOS-ipa/Orca-iOS-ipa/ios-prefix/usr/local/lib/libcrypto.a[481](rsa_oaep.o)) was built for newer 'iOS-simulator' version (18.5) than being linked (17.0)
ld: warning: object file (/Users/runner/work/Orca-iOS-ipa/Orca-iOS-ipa/ios-prefix/usr/local/lib/libcrypto.a[482](rsa_ossl.o)) was built for newer 'iOS-simulator' version (18.5) than being linked (17.0)
ld: warning: object file (/Users/runner/work/Orca-iOS-ipa/Orca-iOS-ipa/ios-prefix/usr/local/lib/libcrypto.a[483](rsa_pk1.o)) was built for newer 'iOS-simulator' version (18.5) than being linked (17.0)
ld: warning: object file (/Users/runner/work/Orca-iOS-ipa/Orca-iOS-ipa/ios-prefix/usr/local/lib/libcrypto.a[484](rsa_pmeth.o)) was built for newer 'iOS-simulator' version (18.5) than being linked (17.0)
ld: warning: object file (/Users/runner/work/Orca-iOS-ipa/Orca-iOS-ipa/ios-prefix/usr/local/lib/libcrypto.a[486](rsa_pss.o)) was built for newer 'iOS-simulator' version (18.5) than being linked (17.0)
ld: warning: object file (/Users/runner/work/Orca-iOS-ipa/Orca-iOS-ipa/ios-prefix/usr/local/lib/libcrypto.a[487](rsa_saos.o)) was built for newer 'iOS-simulator' version (18.5) than being linked (17.0)
ld: warning: object file (/Users/runner/work/Orca-iOS-ipa/Orca-iOS-ipa/ios-prefix/usr/local/lib/libcrypto.a[488](rsa_sign.o)) was built for newer 'iOS-simulator' version (18.5) than being linked (17.0)
ld: warning: object file (/Users/runner/work/Orca-iOS-ipa/Orca-iOS-ipa/ios-prefix/usr/local/lib/libcrypto.a[489](rsa_ssl.o)) was built for newer 'iOS-simulator' version (18.5) than being linked (17.0)
ld: warning: object file (/Users/runner/work/Orca-iOS-ipa/Orca-iOS-ipa/ios-prefix/usr/local/lib/libcrypto.a[490](rsa_x931.o)) was built for newer 'iOS-simulator' version (18.5) than being linked (17.0)
ld: warning: object file (/Users/runner/work/Orca-iOS-ipa/Orca-iOS-ipa/ios-prefix/usr/local/lib/libcrypto.a[492](seed.o)) was built for newer 'iOS-simulator' version (18.5) than being linked (17.0)
ld: warning: object file (/Users/runner/work/Orca-iOS-ipa/Orca-iOS-ipa/ios-prefix/usr/local/lib/libcrypto.a[493](seed_cbc.o)) was built for newer 'iOS-simulator' version (18.5) than being linked (17.0)
ld: warning: object file (/Users/runner/work/Orca-iOS-ipa/Orca-iOS-ipa/ios-prefix/usr/local/lib/libcrypto.a[494](seed_cfb.o)) was built for newer 'iOS-simulator' version (18.5) than being linked (17.0)
ld: warning: object file (/Users/runner/work/Orca-iOS-ipa/Orca-iOS-ipa/ios-prefix/usr/local/lib/libcrypto.a[495](seed_ecb.o)) was built for newer 'iOS-simulator' version (18.5) than being linked (17.0)
ld: warning: object file (/Users/runner/work/Orca-iOS-ipa/Orca-iOS-ipa/ios-prefix/usr/local/lib/libcrypto.a[496](seed_ofb.o)) was built for newer 'iOS-simulator' version (18.5) than being linked (17.0)
ld: warning: object file (/Users/runner/work/Orca-iOS-ipa/Orca-iOS-ipa/ios-prefix/usr/local/lib/libcrypto.a[497](keccak1600.o)) was built for newer 'iOS-simulator' version (18.5) than being linked (17.0)
ld: warning: object file (/Users/runner/work/Orca-iOS-ipa/Orca-iOS-ipa/ios-prefix/usr/local/lib/libcrypto.a[498](sha1_one.o)) was built for newer 'iOS-simulator' version (18.5) than being linked (17.0)
ld: warning: object file (/Users/runner/work/Orca-iOS-ipa/Orca-iOS-ipa/ios-prefix/usr/local/lib/libcrypto.a[499](sha1dgst.o)) was built for newer 'iOS-simulator' version (18.5) than being linked (17.0)
ld: warning: object file (/Users/runner/work/Orca-iOS-ipa/Orca-iOS-ipa/ios-prefix/usr/local/lib/libcrypto.a[500](sha256.o)) was built for newer 'iOS-simulator' version (18.5) than being linked (17.0)
ld: warning: object file (/Users/runner/work/Orca-iOS-ipa/Orca-iOS-ipa/ios-prefix/usr/local/lib/libcrypto.a[501](sha512.o)) was built for newer 'iOS-simulator' version (18.5) than being linked (17.0)
ld: warning: object file (/Users/runner/work/Orca-iOS-ipa/Orca-iOS-ipa/ios-prefix/usr/local/lib/libcrypto.a[502](siphash.o)) was built for newer 'iOS-simulator' version (18.5) than being linked (17.0)
ld: warning: object file (/Users/runner/work/Orca-iOS-ipa/Orca-iOS-ipa/ios-prefix/usr/local/lib/libcrypto.a[503](siphash_ameth.o)) was built for newer 'iOS-simulator' version (18.5) than being linked (17.0)
ld: warning: object file (/Users/runner/work/Orca-iOS-ipa/Orca-iOS-ipa/ios-prefix/usr/local/lib/libcrypto.a[504](siphash_pmeth.o)) was built for newer 'iOS-simulator' version (18.5) than being linked (17.0)
ld: warning: object file (/Users/runner/work/Orca-iOS-ipa/Orca-iOS-ipa/ios-prefix/usr/local/lib/libcrypto.a[505](sm2_crypt.o)) was built for newer 'iOS-simulator' version (18.5) than being linked (17.0)
ld: warning: object file (/Users/runner/work/Orca-iOS-ipa/Orca-iOS-ipa/ios-prefix/usr/local/lib/libcrypto.a[507](sm2_pmeth.o)) was built for newer 'iOS-simulator' version (18.5) than being linked (17.0)
ld: warning: object file (/Users/runner/work/Orca-iOS-ipa/Orca-iOS-ipa/ios-prefix/usr/local/lib/libcrypto.a[508](sm2_sign.o)) was built for newer 'iOS-simulator' version (18.5) than being linked (17.0)
ld: warning: object file (/Users/runner/work/Orca-iOS-ipa/Orca-iOS-ipa/ios-prefix/usr/local/lib/libcrypto.a[509](m_sm3.o)) was built for newer 'iOS-simulator' version (18.5) than being linked (17.0)
ld: warning: object file (/Users/runner/work/Orca-iOS-ipa/Orca-iOS-ipa/ios-prefix/usr/local/lib/libcrypto.a[510](sm3.o)) was built for newer 'iOS-simulator' version (18.5) than being linked (17.0)
ld: warning: object file (/Users/runner/work/Orca-iOS-ipa/Orca-iOS-ipa/ios-prefix/usr/local/lib/libcrypto.a[511](sm4.o)) was built for newer 'iOS-simulator' version (18.5) than being linked (17.0)
ld: warning: object file (/Users/runner/work/Orca-iOS-ipa/Orca-iOS-ipa/ios-prefix/usr/local/lib/libcrypto.a[512](srp_lib.o)) was built for newer 'iOS-simulator' version (18.5) than being linked (17.0)
ld: warning: object file (/Users/runner/work/Orca-iOS-ipa/Orca-iOS-ipa/ios-prefix/usr/local/lib/libcrypto.a[513](srp_vfy.o)) was built for newer 'iOS-simulator' version (18.5) than being linked (17.0)
ld: warning: object file (/Users/runner/work/Orca-iOS-ipa/Orca-iOS-ipa/ios-prefix/usr/local/lib/libcrypto.a[514](stack.o)) was built for newer 'iOS-simulator' version (18.5) than being linked (17.0)
ld: warning: object file (/Users/runner/work/Orca-iOS-ipa/Orca-iOS-ipa/ios-prefix/usr/local/lib/libcrypto.a[515](loader_file.o)) was built for newer 'iOS-simulator' version (18.5) than being linked (17.0)
ld: warning: object file (/Users/runner/work/Orca-iOS-ipa/Orca-iOS-ipa/ios-prefix/usr/local/lib/libcrypto.a[516](store_err.o)) was built for newer 'iOS-simulator' version (18.5) than being linked (17.0)
ld: warning: object file (/Users/runner/work/Orca-iOS-ipa/Orca-iOS-ipa/ios-prefix/usr/local/lib/libcrypto.a[517](store_init.o)) was built for newer 'iOS-simulator' version (18.5) than being linked (17.0)
ld: warning: object file (/Users/runner/work/Orca-iOS-ipa/Orca-iOS-ipa/ios-prefix/usr/local/lib/libcrypto.a[518](store_lib.o)) was built for newer 'iOS-simulator' version (18.5) than being linked (17.0)
ld: warning: object file (/Users/runner/work/Orca-iOS-ipa/Orca-iOS-ipa/ios-prefix/usr/local/lib/libcrypto.a[519](store_register.o)) was built for newer 'iOS-simulator' version (18.5) than being linked (17.0)
ld: warning: object file (/Users/runner/work/Orca-iOS-ipa/Orca-iOS-ipa/ios-prefix/usr/local/lib/libcrypto.a[522](threads_pthread.o)) was built for newer 'iOS-simulator' version (18.5) than being linked (17.0)
ld: warning: object file (/Users/runner/work/Orca-iOS-ipa/Orca-iOS-ipa/ios-prefix/usr/local/lib/libcrypto.a[526](ts_err.o)) was built for newer 'iOS-simulator' version (18.5) than being linked (17.0)
ld: warning: object file (/Users/runner/work/Orca-iOS-ipa/Orca-iOS-ipa/ios-prefix/usr/local/lib/libcrypto.a[535](txt_db.o)) was built for newer 'iOS-simulator' version (18.5) than being linked (17.0)
ld: warning: object file (/Users/runner/work/Orca-iOS-ipa/Orca-iOS-ipa/ios-prefix/usr/local/lib/libcrypto.a[536](ui_err.o)) was built for newer 'iOS-simulator' version (18.5) than being linked (17.0)
ld: warning: object file (/Users/runner/work/Orca-iOS-ipa/Orca-iOS-ipa/ios-prefix/usr/local/lib/libcrypto.a[537](ui_lib.o)) was built for newer 'iOS-simulator' version (18.5) than being linked (17.0)
ld: warning: object file (/Users/runner/work/Orca-iOS-ipa/Orca-iOS-ipa/ios-prefix/usr/local/lib/libcrypto.a[538](ui_null.o)) was built for newer 'iOS-simulator' version (18.5) than being linked (17.0)
ld: warning: object file (/Users/runner/work/Orca-iOS-ipa/Orca-iOS-ipa/ios-prefix/usr/local/lib/libcrypto.a[539](ui_openssl.o)) was built for newer 'iOS-simulator' version (18.5) than being linked (17.0)
ld: warning: object file (/Users/runner/work/Orca-iOS-ipa/Orca-iOS-ipa/ios-prefix/usr/local/lib/libcrypto.a[541](uid.o)) was built for newer 'iOS-simulator' version (18.5) than being linked (17.0)
ld: warning: object file (/Users/runner/work/Orca-iOS-ipa/Orca-iOS-ipa/ios-prefix/usr/local/lib/libcrypto.a[542](wp_block.o)) was built for newer 'iOS-simulator' version (18.5) than being linked (17.0)
ld: warning: object file (/Users/runner/work/Orca-iOS-ipa/Orca-iOS-ipa/ios-prefix/usr/local/lib/libcrypto.a[543](wp_dgst.o)) was built for newer 'iOS-simulator' version (18.5) than being linked (17.0)
ld: warning: object file (/Users/runner/work/Orca-iOS-ipa/Orca-iOS-ipa/ios-prefix/usr/local/lib/libcrypto.a[544](by_dir.o)) was built for newer 'iOS-simulator' version (18.5) than being linked (17.0)
ld: warning: object file (/Users/runner/work/Orca-iOS-ipa/Orca-iOS-ipa/ios-prefix/usr/local/lib/libcrypto.a[545](by_file.o)) was built for newer 'iOS-simulator' version (18.5) than being linked (17.0)
ld: warning: object file (/Users/runner/work/Orca-iOS-ipa/Orca-iOS-ipa/ios-prefix/usr/local/lib/libcrypto.a[548](t_x509.o)) was built for newer 'iOS-simulator' version (18.5) than being linked (17.0)
ld: warning: object file (/Users/runner/work/Orca-iOS-ipa/Orca-iOS-ipa/ios-prefix/usr/local/lib/libcrypto.a[549](x509_att.o)) was built for newer 'iOS-simulator' version (18.5) than being linked (17.0)
ld: warning: object file (/Users/runner/work/Orca-iOS-ipa/Orca-iOS-ipa/ios-prefix/usr/local/lib/libcrypto.a[550](x509_cmp.o)) was built for newer 'iOS-simulator' version (18.5) than being linked (17.0)
ld: warning: object file (/Users/runner/work/Orca-iOS-ipa/Orca-iOS-ipa/ios-prefix/usr/local/lib/libcrypto.a[551](x509_d2.o)) was built for newer 'iOS-simulator' version (18.5) than being linked (17.0)
ld: warning: object file (/Users/runner/work/Orca-iOS-ipa/Orca-iOS-ipa/ios-prefix/usr/local/lib/libcrypto.a[552](x509_def.o)) was built for newer 'iOS-simulator' version (18.5) than being linked (17.0)
ld: warning: object file (/Users/runner/work/Orca-iOS-ipa/Orca-iOS-ipa/ios-prefix/usr/local/lib/libcrypto.a[553](x509_err.o)) was built for newer 'iOS-simulator' version (18.5) than being linked (17.0)
ld: warning: object file (/Users/runner/work/Orca-iOS-ipa/Orca-iOS-ipa/ios-prefix/usr/local/lib/libcrypto.a[554](x509_ext.o)) was built for newer 'iOS-simulator' version (18.5) than being linked (17.0)
ld: warning: object file (/Users/runner/work/Orca-iOS-ipa/Orca-iOS-ipa/ios-prefix/usr/local/lib/libcrypto.a[555](x509_lu.o)) was built for newer 'iOS-simulator' version (18.5) than being linked (17.0)
ld: warning: object file (/Users/runner/work/Orca-iOS-ipa/Orca-iOS-ipa/ios-prefix/usr/local/lib/libcrypto.a[557](x509_obj.o)) was built for newer 'iOS-simulator' version (18.5) than being linked (17.0)
ld: warning: object file (/Users/runner/work/Orca-iOS-ipa/Orca-iOS-ipa/ios-prefix/usr/local/lib/libcrypto.a[559](x509_req.o)) was built for newer 'iOS-simulator' version (18.5) than being linked (17.0)
ld: warning: object file (/Users/runner/work/Orca-iOS-ipa/Orca-iOS-ipa/ios-prefix/usr/local/lib/libcrypto.a[560](x509_set.o)) was built for newer 'iOS-simulator' version (18.5) than being linked (17.0)
ld: warning: object file (/Users/runner/work/Orca-iOS-ipa/Orca-iOS-ipa/ios-prefix/usr/local/lib/libcrypto.a[561](x509_trs.o)) was built for newer 'iOS-simulator' version (18.5) than being linked (17.0)
ld: warning: object file (/Users/runner/work/Orca-iOS-ipa/Orca-iOS-ipa/ios-prefix/usr/local/lib/libcrypto.a[562](x509_txt.o)) was built for newer 'iOS-simulator' version (18.5) than being linked (17.0)
ld: warning: object file (/Users/runner/work/Orca-iOS-ipa/Orca-iOS-ipa/ios-prefix/usr/local/lib/libcrypto.a[563](x509_v3.o)) was built for newer 'iOS-simulator' version (18.5) than being linked (17.0)
ld: warning: object file (/Users/runner/work/Orca-iOS-ipa/Orca-iOS-ipa/ios-prefix/usr/local/lib/libcrypto.a[564](x509_vfy.o)) was built for newer 'iOS-simulator' version (18.5) than being linked (17.0)
ld: warning: object file (/Users/runner/work/Orca-iOS-ipa/Orca-iOS-ipa/ios-prefix/usr/local/lib/libcrypto.a[565](x509_vpm.o)) was built for newer 'iOS-simulator' version (18.5) than being linked (17.0)
ld: warning: object file (/Users/runner/work/Orca-iOS-ipa/Orca-iOS-ipa/ios-prefix/usr/local/lib/libcrypto.a[566](x509cset.o)) was built for newer 'iOS-simulator' version (18.5) than being linked (17.0)
ld: warning: object file (/Users/runner/work/Orca-iOS-ipa/Orca-iOS-ipa/ios-prefix/usr/local/lib/libcrypto.a[567](x509name.o)) was built for newer 'iOS-simulator' version (18.5) than being linked (17.0)
ld: warning: object file (/Users/runner/work/Orca-iOS-ipa/Orca-iOS-ipa/ios-prefix/usr/local/lib/libcrypto.a[568](x509rset.o)) was built for newer 'iOS-simulator' version (18.5) than being linked (17.0)
ld: warning: object file (/Users/runner/work/Orca-iOS-ipa/Orca-iOS-ipa/ios-prefix/usr/local/lib/libcrypto.a[571](x_all.o)) was built for newer 'iOS-simulator' version (18.5) than being linked (17.0)
ld: warning: object file (/Users/runner/work/Orca-iOS-ipa/Orca-iOS-ipa/ios-prefix/usr/local/lib/libcrypto.a[572](x_attrib.o)) was built for newer 'iOS-simulator' version (18.5) than being linked (17.0)
ld: warning: object file (/Users/runner/work/Orca-iOS-ipa/Orca-iOS-ipa/ios-prefix/usr/local/lib/libcrypto.a[573](x_crl.o)) was built for newer 'iOS-simulator' version (18.5) than being linked (17.0)
ld: warning: object file (/Users/runner/work/Orca-iOS-ipa/Orca-iOS-ipa/ios-prefix/usr/local/lib/libcrypto.a[574](x_exten.o)) was built for newer 'iOS-simulator' version (18.5) than being linked (17.0)
ld: warning: object file (/Users/runner/work/Orca-iOS-ipa/Orca-iOS-ipa/ios-prefix/usr/local/lib/libcrypto.a[575](x_name.o)) was built for newer 'iOS-simulator' version (18.5) than being linked (17.0)
ld: warning: object file (/Users/runner/work/Orca-iOS-ipa/Orca-iOS-ipa/ios-prefix/usr/local/lib/libcrypto.a[576](x_pubkey.o)) was built for newer 'iOS-simulator' version (18.5) than being linked (17.0)
ld: warning: object file (/Users/runner/work/Orca-iOS-ipa/Orca-iOS-ipa/ios-prefix/usr/local/lib/libcrypto.a[577](x_req.o)) was built for newer 'iOS-simulator' version (18.5) than being linked (17.0)
ld: warning: object file (/Users/runner/work/Orca-iOS-ipa/Orca-iOS-ipa/ios-prefix/usr/local/lib/libcrypto.a[578](x_x509.o)) was built for newer 'iOS-simulator' version (18.5) than being linked (17.0)
ld: warning: object file (/Users/runner/work/Orca-iOS-ipa/Orca-iOS-ipa/ios-prefix/usr/local/lib/libcrypto.a[579](x_x509a.o)) was built for newer 'iOS-simulator' version (18.5) than being linked (17.0)
ld: warning: object file (/Users/runner/work/Orca-iOS-ipa/Orca-iOS-ipa/ios-prefix/usr/local/lib/libcrypto.a[580](pcy_cache.o)) was built for newer 'iOS-simulator' version (18.5) than being linked (17.0)
ld: warning: object file (/Users/runner/work/Orca-iOS-ipa/Orca-iOS-ipa/ios-prefix/usr/local/lib/libcrypto.a[581](pcy_data.o)) was built for newer 'iOS-simulator' version (18.5) than being linked (17.0)
ld: warning: object file (/Users/runner/work/Orca-iOS-ipa/Orca-iOS-ipa/ios-prefix/usr/local/lib/libcrypto.a[582](pcy_lib.o)) was built for newer 'iOS-simulator' version (18.5) than being linked (17.0)
ld: warning: object file (/Users/runner/work/Orca-iOS-ipa/Orca-iOS-ipa/ios-prefix/usr/local/lib/libcrypto.a[583](pcy_map.o)) was built for newer 'iOS-simulator' version (18.5) than being linked (17.0)
ld: warning: object file (/Users/runner/work/Orca-iOS-ipa/Orca-iOS-ipa/ios-prefix/usr/local/lib/libcrypto.a[584](pcy_node.o)) was built for newer 'iOS-simulator' version (18.5) than being linked (17.0)
ld: warning: object file (/Users/runner/work/Orca-iOS-ipa/Orca-iOS-ipa/ios-prefix/usr/local/lib/libcrypto.a[585](pcy_tree.o)) was built for newer 'iOS-simulator' version (18.5) than being linked (17.0)
ld: warning: object file (/Users/runner/work/Orca-iOS-ipa/Orca-iOS-ipa/ios-prefix/usr/local/lib/libcrypto.a[586](v3_addr.o)) was built for newer 'iOS-simulator' version (18.5) than being linked (17.0)
ld: warning: object file (/Users/runner/work/Orca-iOS-ipa/Orca-iOS-ipa/ios-prefix/usr/local/lib/libcrypto.a[587](v3_admis.o)) was built for newer 'iOS-simulator' version (18.5) than being linked (17.0)
ld: warning: object file (/Users/runner/work/Orca-iOS-ipa/Orca-iOS-ipa/ios-prefix/usr/local/lib/libcrypto.a[588](v3_akey.o)) was built for newer 'iOS-simulator' version (18.5) than being linked (17.0)
ld: warning: object file (/Users/runner/work/Orca-iOS-ipa/Orca-iOS-ipa/ios-prefix/usr/local/lib/libcrypto.a[589](v3_akeya.o)) was built for newer 'iOS-simulator' version (18.5) than being linked (17.0)
ld: warning: object file (/Users/runner/work/Orca-iOS-ipa/Orca-iOS-ipa/ios-prefix/usr/local/lib/libcrypto.a[590](v3_alt.o)) was built for newer 'iOS-simulator' version (18.5) than being linked (17.0)
ld: warning: object file (/Users/runner/work/Orca-iOS-ipa/Orca-iOS-ipa/ios-prefix/usr/local/lib/libcrypto.a[591](v3_asid.o)) was built for newer 'iOS-simulator' version (18.5) than being linked (17.0)
ld: warning: object file (/Users/runner/work/Orca-iOS-ipa/Orca-iOS-ipa/ios-prefix/usr/local/lib/libcrypto.a[592](v3_bcons.o)) was built for newer 'iOS-simulator' version (18.5) than being linked (17.0)
ld: warning: object file (/Users/runner/work/Orca-iOS-ipa/Orca-iOS-ipa/ios-prefix/usr/local/lib/libcrypto.a[593](v3_bitst.o)) was built for newer 'iOS-simulator' version (18.5) than being linked (17.0)
ld: warning: object file (/Users/runner/work/Orca-iOS-ipa/Orca-iOS-ipa/ios-prefix/usr/local/lib/libcrypto.a[594](v3_conf.o)) was built for newer 'iOS-simulator' version (18.5) than being linked (17.0)
ld: warning: object file (/Users/runner/work/Orca-iOS-ipa/Orca-iOS-ipa/ios-prefix/usr/local/lib/libcrypto.a[595](v3_cpols.o)) was built for newer 'iOS-simulator' version (18.5) than being linked (17.0)
ld: warning: object file (/Users/runner/work/Orca-iOS-ipa/Orca-iOS-ipa/ios-prefix/usr/local/lib/libcrypto.a[596](v3_crld.o)) was built for newer 'iOS-simulator' version (18.5) than being linked (17.0)
ld: warning: object file (/Users/runner/work/Orca-iOS-ipa/Orca-iOS-ipa/ios-prefix/usr/local/lib/libcrypto.a[597](v3_enum.o)) was built for newer 'iOS-simulator' version (18.5) than being linked (17.0)
ld: warning: object file (/Users/runner/work/Orca-iOS-ipa/Orca-iOS-ipa/ios-prefix/usr/local/lib/libcrypto.a[598](v3_extku.o)) was built for newer 'iOS-simulator' version (18.5) than being linked (17.0)
ld: warning: object file (/Users/runner/work/Orca-iOS-ipa/Orca-iOS-ipa/ios-prefix/usr/local/lib/libcrypto.a[599](v3_genn.o)) was built for newer 'iOS-simulator' version (18.5) than being linked (17.0)
ld: warning: object file (/Users/runner/work/Orca-iOS-ipa/Orca-iOS-ipa/ios-prefix/usr/local/lib/libcrypto.a[600](v3_ia5.o)) was built for newer 'iOS-simulator' version (18.5) than being linked (17.0)
ld: warning: object file (/Users/runner/work/Orca-iOS-ipa/Orca-iOS-ipa/ios-prefix/usr/local/lib/libcrypto.a[601](v3_info.o)) was built for newer 'iOS-simulator' version (18.5) than being linked (17.0)
ld: warning: object file (/Users/runner/work/Orca-iOS-ipa/Orca-iOS-ipa/ios-prefix/usr/local/lib/libcrypto.a[602](v3_int.o)) was built for newer 'iOS-simulator' version (18.5) than being linked (17.0)
ld: warning: object file (/Users/runner/work/Orca-iOS-ipa/Orca-iOS-ipa/ios-prefix/usr/local/lib/libcrypto.a[603](v3_lib.o)) was built for newer 'iOS-simulator' version (18.5) than being linked (17.0)
ld: warning: object file (/Users/runner/work/Orca-iOS-ipa/Orca-iOS-ipa/ios-prefix/usr/local/lib/libcrypto.a[604](v3_ncons.o)) was built for newer 'iOS-simulator' version (18.5) than being linked (17.0)
ld: warning: object file (/Users/runner/work/Orca-iOS-ipa/Orca-iOS-ipa/ios-prefix/usr/local/lib/libcrypto.a[605](v3_pci.o)) was built for newer 'iOS-simulator' version (18.5) than being linked (17.0)
ld: warning: object file (/Users/runner/work/Orca-iOS-ipa/Orca-iOS-ipa/ios-prefix/usr/local/lib/libcrypto.a[606](v3_pcia.o)) was built for newer 'iOS-simulator' version (18.5) than being linked (17.0)
ld: warning: object file (/Users/runner/work/Orca-iOS-ipa/Orca-iOS-ipa/ios-prefix/usr/local/lib/libcrypto.a[607](v3_pcons.o)) was built for newer 'iOS-simulator' version (18.5) than being linked (17.0)
ld: warning: object file (/Users/runner/work/Orca-iOS-ipa/Orca-iOS-ipa/ios-prefix/usr/local/lib/libcrypto.a[608](v3_pku.o)) was built for newer 'iOS-simulator' version (18.5) than being linked (17.0)
ld: warning: object file (/Users/runner/work/Orca-iOS-ipa/Orca-iOS-ipa/ios-prefix/usr/local/lib/libcrypto.a[609](v3_pmaps.o)) was built for newer 'iOS-simulator' version (18.5) than being linked (17.0)
ld: warning: object file (/Users/runner/work/Orca-iOS-ipa/Orca-iOS-ipa/ios-prefix/usr/local/lib/libcrypto.a[610](v3_prn.o)) was built for newer 'iOS-simulator' version (18.5) than being linked (17.0)
ld: warning: object file (/Users/runner/work/Orca-iOS-ipa/Orca-iOS-ipa/ios-prefix/usr/local/lib/libcrypto.a[611](v3_purp.o)) was built for newer 'iOS-simulator' version (18.5) than being linked (17.0)
ld: warning: object file (/Users/runner/work/Orca-iOS-ipa/Orca-iOS-ipa/ios-prefix/usr/local/lib/libcrypto.a[612](v3_skey.o)) was built for newer 'iOS-simulator' version (18.5) than being linked (17.0)
ld: warning: object file (/Users/runner/work/Orca-iOS-ipa/Orca-iOS-ipa/ios-prefix/usr/local/lib/libcrypto.a[613](v3_sxnet.o)) was built for newer 'iOS-simulator' version (18.5) than being linked (17.0)
ld: warning: object file (/Users/runner/work/Orca-iOS-ipa/Orca-iOS-ipa/ios-prefix/usr/local/lib/libcrypto.a[614](v3_tlsf.o)) was built for newer 'iOS-simulator' version (18.5) than being linked (17.0)
ld: warning: object file (/Users/runner/work/Orca-iOS-ipa/Orca-iOS-ipa/ios-prefix/usr/local/lib/libcrypto.a[615](v3_utl.o)) was built for newer 'iOS-simulator' version (18.5) than being linked (17.0)
ld: warning: object file (/Users/runner/work/Orca-iOS-ipa/Orca-iOS-ipa/ios-prefix/usr/local/lib/libcrypto.a[616](v3err.o)) was built for newer 'iOS-simulator' version (18.5) than being linked (17.0)
