+ PREFIX=/Users/runner/work/Orca-iOS-ipa/Orca-iOS-ipa/wx-prefix
+ SDK=iphonesimulator
+ MIN=17.0
+ DEPS=/Users/runner/work/Orca-iOS-ipa/Orca-iOS-ipa/ios-prefix
+++ dirname ./wx-probe/build.sh
++ cd ./wx-probe
++ pwd
+ HERE=/Users/runner/work/Orca-iOS-ipa/Orca-iOS-ipa/wx-probe
+ OUT=/Users/runner/work/Orca-iOS-ipa/Orca-iOS-ipa/wx-probe/build
+ APP=/Users/runner/work/Orca-iOS-ipa/Orca-iOS-ipa/wx-probe/build/WxProbe.app
+ rm -rf /Users/runner/work/Orca-iOS-ipa/Orca-iOS-ipa/wx-probe/build
+ mkdir -p /Users/runner/work/Orca-iOS-ipa/Orca-iOS-ipa/wx-probe/build/WxProbe.app
+ case "$SDK" in
+ MIN_FLAG=-mios-simulator-version-min=17.0
+ PLATFORM=iPhoneSimulator
++ ls -d /Users/runner/work/Orca-iOS-ipa/Orca-iOS-ipa/wx-prefix/lib/wx/include/osx_iphone-unicode-static-3.3/
+ SETUP_DIR=/Users/runner/work/Orca-iOS-ipa/Orca-iOS-ipa/wx-prefix/lib/wx/include/osx_iphone-unicode-static-3.3/
++ ls /Users/runner/work/Orca-iOS-ipa/Orca-iOS-ipa/wx-prefix/lib/libwx_baseu_net-3.3-iOS.a /Users/runner/work/Orca-iOS-ipa/Orca-iOS-ipa/wx-prefix/lib/libwx_baseu-3.3-iOS.a /Users/runner/work/Orca-iOS-ipa/Orca-iOS-ipa/wx-prefix/lib/libwx_osx_iphoneu_adv-3.3-iOS.a /Users/runner/work/Orca-iOS-ipa/Orca-iOS-ipa/wx-prefix/lib/libwx_osx_iphoneu_aui-3.3-iOS.a /Users/runner/work/Orca-iOS-ipa/Orca-iOS-ipa/wx-prefix/lib/libwx_osx_iphoneu_core-3.3-iOS.a /Users/runner/work/Orca-iOS-ipa/Orca-iOS-ipa/wx-prefix/lib/libwx_osx_iphoneu_gl-3.3-iOS.a /Users/runner/work/Orca-iOS-ipa/Orca-iOS-ipa/wx-prefix/lib/libwx_osx_iphoneu_html-3.3-iOS.a /Users/runner/work/Orca-iOS-ipa/Orca-iOS-ipa/wx-prefix/lib/libwx_osx_iphoneu_propgrid-3.3-iOS.a /Users/runner/work/Orca-iOS-ipa/Orca-iOS-ipa/wx-prefix/lib/libwx_osx_iphoneu_qa-3.3-iOS.a /Users/runner/work/Orca-iOS-ipa/Orca-iOS-ipa/wx-prefix/lib/libwx_osx_iphoneu_ribbon-3.3-iOS.a /Users/runner/work/Orca-iOS-ipa/Orca-iOS-ipa/wx-prefix/lib/libwx_osx_iphoneu_richtext-3.3-iOS.a /Users/runner/work/Orca-iOS-ipa/Orca-iOS-ipa/wx-prefix/lib/libwx_osx_iphoneu_stc-3.3-iOS.a /Users/runner/work/Orca-iOS-ipa/Orca-iOS-ipa/wx-prefix/lib/libwx_osx_iphoneu_webview-3.3-iOS.a /Users/runner/work/Orca-iOS-ipa/Orca-iOS-ipa/wx-prefix/lib/libwxjpeg-3.3.a /Users/runner/work/Orca-iOS-ipa/Orca-iOS-ipa/wx-prefix/lib/libwxlexilla-3.3.a /Users/runner/work/Orca-iOS-ipa/Orca-iOS-ipa/wx-prefix/lib/libwxpng-3.3.a /Users/runner/work/Orca-iOS-ipa/Orca-iOS-ipa/wx-prefix/lib/libwxregexu-3.3.a /Users/runner/work/Orca-iOS-ipa/Orca-iOS-ipa/wx-prefix/lib/libwxscintilla-3.3.a /Users/runner/work/Orca-iOS-ipa/Orca-iOS-ipa/wx-prefix/lib/libwxsharpyuv-3.3.a /Users/runner/work/Orca-iOS-ipa/Orca-iOS-ipa/wx-prefix/lib/libwxtiff-3.3.a /Users/runner/work/Orca-iOS-ipa/Orca-iOS-ipa/wx-prefix/lib/libwxwebp-3.3.a /Users/runner/work/Orca-iOS-ipa/Orca-iOS-ipa/wx-prefix/lib/libwxwebpdemux-3.3.a
+ WXLIBS='/Users/runner/work/Orca-iOS-ipa/Orca-iOS-ipa/wx-prefix/lib/libwx_baseu_net-3.3-iOS.a
/Users/runner/work/Orca-iOS-ipa/Orca-iOS-ipa/wx-prefix/lib/libwx_baseu-3.3-iOS.a
/Users/runner/work/Orca-iOS-ipa/Orca-iOS-ipa/wx-prefix/lib/libwx_osx_iphoneu_adv-3.3-iOS.a
/Users/runner/work/Orca-iOS-ipa/Orca-iOS-ipa/wx-prefix/lib/libwx_osx_iphoneu_aui-3.3-iOS.a
/Users/runner/work/Orca-iOS-ipa/Orca-iOS-ipa/wx-prefix/lib/libwx_osx_iphoneu_core-3.3-iOS.a
/Users/runner/work/Orca-iOS-ipa/Orca-iOS-ipa/wx-prefix/lib/libwx_osx_iphoneu_gl-3.3-iOS.a
/Users/runner/work/Orca-iOS-ipa/Orca-iOS-ipa/wx-prefix/lib/libwx_osx_iphoneu_html-3.3-iOS.a
/Users/runner/work/Orca-iOS-ipa/Orca-iOS-ipa/wx-prefix/lib/libwx_osx_iphoneu_propgrid-3.3-iOS.a
/Users/runner/work/Orca-iOS-ipa/Orca-iOS-ipa/wx-prefix/lib/libwx_osx_iphoneu_qa-3.3-iOS.a
/Users/runner/work/Orca-iOS-ipa/Orca-iOS-ipa/wx-prefix/lib/libwx_osx_iphoneu_ribbon-3.3-iOS.a
/Users/runner/work/Orca-iOS-ipa/Orca-iOS-ipa/wx-prefix/lib/libwx_osx_iphoneu_richtext-3.3-iOS.a
/Users/runner/work/Orca-iOS-ipa/Orca-iOS-ipa/wx-prefix/lib/libwx_osx_iphoneu_stc-3.3-iOS.a
/Users/runner/work/Orca-iOS-ipa/Orca-iOS-ipa/wx-prefix/lib/libwx_osx_iphoneu_webview-3.3-iOS.a
/Users/runner/work/Orca-iOS-ipa/Orca-iOS-ipa/wx-prefix/lib/libwxjpeg-3.3.a
/Users/runner/work/Orca-iOS-ipa/Orca-iOS-ipa/wx-prefix/lib/libwxlexilla-3.3.a
/Users/runner/work/Orca-iOS-ipa/Orca-iOS-ipa/wx-prefix/lib/libwxpng-3.3.a
/Users/runner/work/Orca-iOS-ipa/Orca-iOS-ipa/wx-prefix/lib/libwxregexu-3.3.a
/Users/runner/work/Orca-iOS-ipa/Orca-iOS-ipa/wx-prefix/lib/libwxscintilla-3.3.a
/Users/runner/work/Orca-iOS-ipa/Orca-iOS-ipa/wx-prefix/lib/libwxsharpyuv-3.3.a
/Users/runner/work/Orca-iOS-ipa/Orca-iOS-ipa/wx-prefix/lib/libwxtiff-3.3.a
/Users/runner/work/Orca-iOS-ipa/Orca-iOS-ipa/wx-prefix/lib/libwxwebp-3.3.a
/Users/runner/work/Orca-iOS-ipa/Orca-iOS-ipa/wx-prefix/lib/libwxwebpdemux-3.3.a'
+ DEPSLIBS=
+ '[' -n /Users/runner/work/Orca-iOS-ipa/Orca-iOS-ipa/ios-prefix ']'
+ '[' -d /Users/runner/work/Orca-iOS-ipa/Orca-iOS-ipa/ios-prefix/usr/local/lib ']'
+ BOOT_SRC=/Users/runner/work/Orca-iOS-ipa/Orca-iOS-ipa/wx-probe/probe_boot.mm
+ OBJC_LINK='-Wl,-u,_OBJC_CLASS_$_wxAppDelegate'
+ EXTRA_FLAGS=
+ build_it -DPROBE_WEBVIEW -framework WebKit
+ xcrun -sdk iphonesimulator clang++ -std=c++17 -arch arm64 -mios-simulator-version-min=17.0 '-Wl,-u,_OBJC_CLASS_$_wxAppDelegate' -D__WXOSX_IPHONE__ -D_FILE_OFFSET_BITS=64 -DPROBE_WEBVIEW -framework WebKit -I/Users/runner/work/Orca-iOS-ipa/Orca-iOS-ipa/wx-prefix/include/wx-3.3 -I/Users/runner/work/Orca-iOS-ipa/Orca-iOS-ipa/wx-prefix/lib/wx/include/osx_iphone-unicode-static-3.3/ /Users/runner/work/Orca-iOS-ipa/Orca-iOS-ipa/wx-probe/main.cpp /Users/runner/work/Orca-iOS-ipa/Orca-iOS-ipa/wx-probe/probe_boot.mm -o /Users/runner/work/Orca-iOS-ipa/Orca-iOS-ipa/wx-probe/build/WxProbe.app/WxProbe /Users/runner/work/Orca-iOS-ipa/Orca-iOS-ipa/wx-prefix/lib/libwx_baseu_net-3.3-iOS.a /Users/runner/work/Orca-iOS-ipa/Orca-iOS-ipa/wx-prefix/lib/libwx_baseu-3.3-iOS.a /Users/runner/work/Orca-iOS-ipa/Orca-iOS-ipa/wx-prefix/lib/libwx_osx_iphoneu_adv-3.3-iOS.a /Users/runner/work/Orca-iOS-ipa/Orca-iOS-ipa/wx-prefix/lib/libwx_osx_iphoneu_aui-3.3-iOS.a /Users/runner/work/Orca-iOS-ipa/Orca-iOS-ipa/wx-prefix/lib/libwx_osx_iphoneu_core-3.3-iOS.a /Users/runner/work/Orca-iOS-ipa/Orca-iOS-ipa/wx-prefix/lib/libwx_osx_iphoneu_gl-3.3-iOS.a /Users/runner/work/Orca-iOS-ipa/Orca-iOS-ipa/wx-prefix/lib/libwx_osx_iphoneu_html-3.3-iOS.a /Users/runner/work/Orca-iOS-ipa/Orca-iOS-ipa/wx-prefix/lib/libwx_osx_iphoneu_propgrid-3.3-iOS.a /Users/runner/work/Orca-iOS-ipa/Orca-iOS-ipa/wx-prefix/lib/libwx_osx_iphoneu_qa-3.3-iOS.a /Users/runner/work/Orca-iOS-ipa/Orca-iOS-ipa/wx-prefix/lib/libwx_osx_iphoneu_ribbon-3.3-iOS.a /Users/runner/work/Orca-iOS-ipa/Orca-iOS-ipa/wx-prefix/lib/libwx_osx_iphoneu_richtext-3.3-iOS.a /Users/runner/work/Orca-iOS-ipa/Orca-iOS-ipa/wx-prefix/lib/libwx_osx_iphoneu_stc-3.3-iOS.a /Users/runner/work/Orca-iOS-ipa/Orca-iOS-ipa/wx-prefix/lib/libwx_osx_iphoneu_webview-3.3-iOS.a /Users/runner/work/Orca-iOS-ipa/Orca-iOS-ipa/wx-prefix/lib/libwxjpeg-3.3.a /Users/runner/work/Orca-iOS-ipa/Orca-iOS-ipa/wx-prefix/lib/libwxlexilla-3.3.a /Users/runner/work/Orca-iOS-ipa/Orca-iOS-ipa/wx-prefix/lib/libwxpng-3.3.a /Users/runner/work/Orca-iOS-ipa/Orca-iOS-ipa/wx-prefix/lib/libwxregexu-3.3.a /Users/runner/work/Orca-iOS-ipa/Orca-iOS-ipa/wx-prefix/lib/libwxscintilla-3.3.a /Users/runner/work/Orca-iOS-ipa/Orca-iOS-ipa/wx-prefix/lib/libwxsharpyuv-3.3.a /Users/runner/work/Orca-iOS-ipa/Orca-iOS-ipa/wx-prefix/lib/libwxtiff-3.3.a /Users/runner/work/Orca-iOS-ipa/Orca-iOS-ipa/wx-prefix/lib/libwxwebp-3.3.a /Users/runner/work/Orca-iOS-ipa/Orca-iOS-ipa/wx-prefix/lib/libwxwebpdemux-3.3.a /Users/runner/work/Orca-iOS-ipa/Orca-iOS-ipa/wx-prefix/lib/libwx_baseu_net-3.3-iOS.a /Users/runner/work/Orca-iOS-ipa/Orca-iOS-ipa/wx-prefix/lib/libwx_baseu-3.3-iOS.a /Users/runner/work/Orca-iOS-ipa/Orca-iOS-ipa/wx-prefix/lib/libwx_osx_iphoneu_adv-3.3-iOS.a /Users/runner/work/Orca-iOS-ipa/Orca-iOS-ipa/wx-prefix/lib/libwx_osx_iphoneu_aui-3.3-iOS.a /Users/runner/work/Orca-iOS-ipa/Orca-iOS-ipa/wx-prefix/lib/libwx_osx_iphoneu_core-3.3-iOS.a /Users/runner/work/Orca-iOS-ipa/Orca-iOS-ipa/wx-prefix/lib/libwx_osx_iphoneu_gl-3.3-iOS.a /Users/runner/work/Orca-iOS-ipa/Orca-iOS-ipa/wx-prefix/lib/libwx_osx_iphoneu_html-3.3-iOS.a /Users/runner/work/Orca-iOS-ipa/Orca-iOS-ipa/wx-prefix/lib/libwx_osx_iphoneu_propgrid-3.3-iOS.a /Users/runner/work/Orca-iOS-ipa/Orca-iOS-ipa/wx-prefix/lib/libwx_osx_iphoneu_qa-3.3-iOS.a /Users/runner/work/Orca-iOS-ipa/Orca-iOS-ipa/wx-prefix/lib/libwx_osx_iphoneu_ribbon-3.3-iOS.a /Users/runner/work/Orca-iOS-ipa/Orca-iOS-ipa/wx-prefix/lib/libwx_osx_iphoneu_richtext-3.3-iOS.a /Users/runner/work/Orca-iOS-ipa/Orca-iOS-ipa/wx-prefix/lib/libwx_osx_iphoneu_stc-3.3-iOS.a /Users/runner/work/Orca-iOS-ipa/Orca-iOS-ipa/wx-prefix/lib/libwx_osx_iphoneu_webview-3.3-iOS.a /Users/runner/work/Orca-iOS-ipa/Orca-iOS-ipa/wx-prefix/lib/libwxjpeg-3.3.a /Users/runner/work/Orca-iOS-ipa/Orca-iOS-ipa/wx-prefix/lib/libwxlexilla-3.3.a /Users/runner/work/Orca-iOS-ipa/Orca-iOS-ipa/wx-prefix/lib/libwxpng-3.3.a /Users/runner/work/Orca-iOS-ipa/Orca-iOS-ipa/wx-prefix/lib/libwxregexu-3.3.a /Users/runner/work/Orca-iOS-ipa/Orca-iOS-ipa/wx-prefix/lib/libwxscintilla-3.3.a /Users/runner/work/Orca-iOS-ipa/Orca-iOS-ipa/wx-prefix/lib/libwxsharpyuv-3.3.a /Users/runner/work/Orca-iOS-ipa/Orca-iOS-ipa/wx-prefix/lib/libwxtiff-3.3.a /Users/runner/work/Orca-iOS-ipa/Orca-iOS-ipa/wx-prefix/lib/libwxwebp-3.3.a /Users/runner/work/Orca-iOS-ipa/Orca-iOS-ipa/wx-prefix/lib/libwxwebpdemux-3.3.a -framework UIKit -framework OpenGLES -framework GLKit -framework QuartzCore -framework CoreGraphics -framework CoreText -framework CoreFoundation -framework Foundation -framework Security -framework AudioToolbox -framework CFNetwork -framework MobileCoreServices -framework UniformTypeIdentifiers -lz -liconv -lexpat -llzma
/Users/runner/work/Orca-iOS-ipa/Orca-iOS-ipa/wx-probe/main.cpp:93:20: warning: 'glCreateShader' is deprecated: first deprecated in iOS 12.0 - OpenGLES API deprecated. (Define GLES_SILENCE_DEPRECATION to silence these warnings) [-Wdeprecated-declarations]
   93 |         GLuint s = glCreateShader(type);
      |                    ^
/Applications/Xcode_16.4.app/Contents/Developer/Platforms/iPhoneSimulator.platform/Developer/SDKs/iPhoneSimulator18.5.sdk/System/Library/Frameworks/OpenGLES.framework/Headers/ES2/gl.h:508:35: note: 'glCreateShader' has been explicitly marked deprecated here
  508 | GL_API GLuint         GL_APIENTRY glCreateShader (GLenum type)   OPENGLES_DEPRECATED(ios(3.0, 12.0), tvos(9.0, 12.0));
      |                                   ^
/Users/runner/work/Orca-iOS-ipa/Orca-iOS-ipa/wx-probe/main.cpp:94:9: warning: 'glShaderSource' is deprecated: first deprecated in iOS 12.0 - OpenGLES API deprecated. (Define GLES_SILENCE_DEPRECATION to silence these warnings) [-Wdeprecated-declarations]
   94 |         glShaderSource(s, 1, &src, nullptr);
      |         ^
/Applications/Xcode_16.4.app/Contents/Developer/Platforms/iPhoneSimulator.platform/Developer/SDKs/iPhoneSimulator18.5.sdk/System/Library/Frameworks/OpenGLES.framework/Headers/ES2/gl.h:580:35: note: 'glShaderSource' has been explicitly marked deprecated here
  580 | GL_API void           GL_APIENTRY glShaderSource (GLuint shader, GLsizei count, const GLchar* const *string, const GLint* length)   OPENGLES_DEPRECATED(ios(3.0, 12.0), tvos(9.0, 12.0));
      |                                   ^
/Users/runner/work/Orca-iOS-ipa/Orca-iOS-ipa/wx-probe/main.cpp:95:9: warning: 'glCompileShader' is deprecated: first deprecated in iOS 12.0 - OpenGLES API deprecated. (Define GLES_SILENCE_DEPRECATION to silence these warnings) [-Wdeprecated-declarations]
   95 |         glCompileShader(s);
      |         ^
/Applications/Xcode_16.4.app/Contents/Developer/Platforms/iPhoneSimulator.platform/Developer/SDKs/iPhoneSimulator18.5.sdk/System/Library/Frameworks/OpenGLES.framework/Headers/ES2/gl.h:502:35: note: 'glCompileShader' has been explicitly marked deprecated here
  502 | GL_API void           GL_APIENTRY glCompileShader (GLuint shader)   OPENGLES_DEPRECATED(ios(3.0, 12.0), tvos(9.0, 12.0));
      |                                   ^
/Users/runner/work/Orca-iOS-ipa/Orca-iOS-ipa/wx-probe/main.cpp:97:9: warning: 'glGetShaderiv' is deprecated: first deprecated in iOS 12.0 - OpenGLES API deprecated. (Define GLES_SILENCE_DEPRECATION to silence these warnings) [-Wdeprecated-declarations]
   97 |         glGetShaderiv(s, GL_COMPILE_STATUS, &ok);
      |         ^
/Applications/Xcode_16.4.app/Contents/Developer/Platforms/iPhoneSimulator.platform/Developer/SDKs/iPhoneSimulator18.5.sdk/System/Library/Frameworks/OpenGLES.framework/Headers/ES2/gl.h:549:35: note: 'glGetShaderiv' has been explicitly marked deprecated here
  549 | GL_API void           GL_APIENTRY glGetShaderiv (GLuint shader, GLenum pname, GLint* params)   OPENGLES_DEPRECATED(ios(3.0, 12.0), tvos(9.0, 12.0));
      |                                   ^
/Users/runner/work/Orca-iOS-ipa/Orca-iOS-ipa/wx-probe/main.cpp:100:13: warning: 'glGetShaderInfoLog' is deprecated: first deprecated in iOS 12.0 - OpenGLES API deprecated. (Define GLES_SILENCE_DEPRECATION to silence these warnings) [-Wdeprecated-declarations]
  100 |             glGetShaderInfoLog(s, sizeof(log) - 1, nullptr, log);
      |             ^
/Applications/Xcode_16.4.app/Contents/Developer/Platforms/iPhoneSimulator.platform/Developer/SDKs/iPhoneSimulator18.5.sdk/System/Library/Frameworks/OpenGLES.framework/Headers/ES2/gl.h:550:35: note: 'glGetShaderInfoLog' has been explicitly marked deprecated here
  550 | GL_API void           GL_APIENTRY glGetShaderInfoLog (GLuint shader, GLsizei bufsize, GLsizei* length, GLchar* infolog)   OPENGLES_DEPRECATED(ios(3.0, 12.0), tvos(9.0, 12.0));
      |                                   ^
/Users/runner/work/Orca-iOS-ipa/Orca-iOS-ipa/wx-probe/main.cpp:143:26: warning: 'glCreateProgram' is deprecated: first deprecated in iOS 12.0 - OpenGLES API deprecated. (Define GLES_SILENCE_DEPRECATION to silence these warnings) [-Wdeprecated-declarations]
  143 |                 m_prog = glCreateProgram();
      |                          ^
/Applications/Xcode_16.4.app/Contents/Developer/Platforms/iPhoneSimulator.platform/Developer/SDKs/iPhoneSimulator18.5.sdk/System/Library/Frameworks/OpenGLES.framework/Headers/ES2/gl.h:507:35: note: 'glCreateProgram' has been explicitly marked deprecated here
  507 | GL_API GLuint         GL_APIENTRY glCreateProgram (void)   OPENGLES_DEPRECATED(ios(3.0, 12.0), tvos(9.0, 12.0));
      |                                   ^
/Users/runner/work/Orca-iOS-ipa/Orca-iOS-ipa/wx-probe/main.cpp:144:17: warning: 'glAttachShader' is deprecated: first deprecated in iOS 12.0 - OpenGLES API deprecated. (Define GLES_SILENCE_DEPRECATION to silence these warnings) [-Wdeprecated-declarations]
  144 |                 glAttachShader(m_prog, vs);
      |                 ^
/Applications/Xcode_16.4.app/Contents/Developer/Platforms/iPhoneSimulator.platform/Developer/SDKs/iPhoneSimulator18.5.sdk/System/Library/Frameworks/OpenGLES.framework/Headers/ES2/gl.h:483:35: note: 'glAttachShader' has been explicitly marked deprecated here
  483 | GL_API void           GL_APIENTRY glAttachShader (GLuint program, GLuint shader)   OPENGLES_DEPRECATED(ios(3.0, 12.0), tvos(9.0, 12.0));
      |                                   ^
/Users/runner/work/Orca-iOS-ipa/Orca-iOS-ipa/wx-probe/main.cpp:145:17: warning: 'glAttachShader' is deprecated: first deprecated in iOS 12.0 - OpenGLES API deprecated. (Define GLES_SILENCE_DEPRECATION to silence these warnings) [-Wdeprecated-declarations]
  145 |                 glAttachShader(m_prog, fs);
      |                 ^
/Applications/Xcode_16.4.app/Contents/Developer/Platforms/iPhoneSimulator.platform/Developer/SDKs/iPhoneSimulator18.5.sdk/System/Library/Frameworks/OpenGLES.framework/Headers/ES2/gl.h:483:35: note: 'glAttachShader' has been explicitly marked deprecated here
  483 | GL_API void           GL_APIENTRY glAttachShader (GLuint program, GLuint shader)   OPENGLES_DEPRECATED(ios(3.0, 12.0), tvos(9.0, 12.0));
      |                                   ^
/Users/runner/work/Orca-iOS-ipa/Orca-iOS-ipa/wx-probe/main.cpp:146:17: warning: 'glBindAttribLocation' is deprecated: first deprecated in iOS 12.0 - OpenGLES API deprecated. (Define GLES_SILENCE_DEPRECATION to silence these warnings) [-Wdeprecated-declarations]
  146 |                 glBindAttribLocation(m_prog, 0, "pos");
      |                 ^
/Applications/Xcode_16.4.app/Contents/Developer/Platforms/iPhoneSimulator.platform/Developer/SDKs/iPhoneSimulator18.5.sdk/System/Library/Frameworks/OpenGLES.framework/Headers/ES2/gl.h:484:35: note: 'glBindAttribLocation' has been explicitly marked deprecated here
  484 | GL_API void           GL_APIENTRY glBindAttribLocation (GLuint program, GLuint index, const GLchar* name)   OPENGLES_DEPRECATED(ios(3.0, 12.0), tvos(9.0, 12.0));
      |                                   ^
/Users/runner/work/Orca-iOS-ipa/Orca-iOS-ipa/wx-probe/main.cpp:147:17: warning: 'glBindAttribLocation' is deprecated: first deprecated in iOS 12.0 - OpenGLES API deprecated. (Define GLES_SILENCE_DEPRECATION to silence these warnings) [-Wdeprecated-declarations]
  147 |                 glBindAttribLocation(m_prog, 1, "col");
      |                 ^
/Applications/Xcode_16.4.app/Contents/Developer/Platforms/iPhoneSimulator.platform/Developer/SDKs/iPhoneSimulator18.5.sdk/System/Library/Frameworks/OpenGLES.framework/Headers/ES2/gl.h:484:35: note: 'glBindAttribLocation' has been explicitly marked deprecated here
  484 | GL_API void           GL_APIENTRY glBindAttribLocation (GLuint program, GLuint index, const GLchar* name)   OPENGLES_DEPRECATED(ios(3.0, 12.0), tvos(9.0, 12.0));
      |                                   ^
/Users/runner/work/Orca-iOS-ipa/Orca-iOS-ipa/wx-probe/main.cpp:148:17: warning: 'glLinkProgram' is deprecated: first deprecated in iOS 12.0 - OpenGLES API deprecated. (Define GLES_SILENCE_DEPRECATION to silence these warnings) [-Wdeprecated-declarations]
  148 |                 glLinkProgram(m_prog);
      |                 ^
/Applications/Xcode_16.4.app/Contents/Developer/Platforms/iPhoneSimulator.platform/Developer/SDKs/iPhoneSimulator18.5.sdk/System/Library/Frameworks/OpenGLES.framework/Headers/ES2/gl.h:571:35: note: 'glLinkProgram' has been explicitly marked deprecated here
  571 | GL_API void           GL_APIENTRY glLinkProgram (GLuint program)   OPENGLES_DEPRECATED(ios(3.0, 12.0), tvos(9.0, 12.0));
      |                                   ^
/Users/runner/work/Orca-iOS-ipa/Orca-iOS-ipa/wx-probe/main.cpp:150:17: warning: 'glGetProgramiv' is deprecated: first deprecated in iOS 12.0 - OpenGLES API deprecated. (Define GLES_SILENCE_DEPRECATION to silence these warnings) [-Wdeprecated-declarations]
  150 |                 glGetProgramiv(m_prog, GL_LINK_STATUS, &ok);
      |                 ^
/Applications/Xcode_16.4.app/Contents/Developer/Platforms/iPhoneSimulator.platform/Developer/SDKs/iPhoneSimulator18.5.sdk/System/Library/Frameworks/OpenGLES.framework/Headers/ES2/gl.h:546:35: note: 'glGetProgramiv' has been explicitly marked deprecated here
  546 | GL_API void           GL_APIENTRY glGetProgramiv (GLuint program, GLenum pname, GLint* params)   OPENGLES_DEPRECATED(ios(3.0, 12.0), tvos(9.0, 12.0));
      |                                   ^
/Users/runner/work/Orca-iOS-ipa/Orca-iOS-ipa/wx-probe/main.cpp:162:13: warning: 'glUseProgram' is deprecated: first deprecated in iOS 12.0 - OpenGLES API deprecated. (Define GLES_SILENCE_DEPRECATION to silence these warnings) [-Wdeprecated-declarations]
  162 |             glUseProgram(m_prog);
      |             ^
/Applications/Xcode_16.4.app/Contents/Developer/Platforms/iPhoneSimulator.platform/Developer/SDKs/iPhoneSimulator18.5.sdk/System/Library/Frameworks/OpenGLES.framework/Headers/ES2/gl.h:612:35: note: 'glUseProgram' has been explicitly marked deprecated here
  612 | GL_API void           GL_APIENTRY glUseProgram (GLuint program)   OPENGLES_DEPRECATED(ios(3.0, 12.0), tvos(9.0, 12.0));
      |                                   ^
/Users/runner/work/Orca-iOS-ipa/Orca-iOS-ipa/wx-probe/main.cpp:163:13: warning: 'glVertexAttribPointer' is deprecated: first deprecated in iOS 12.0 - OpenGLES API deprecated. (Define GLES_SILENCE_DEPRECATION to silence these warnings) [-Wdeprecated-declarations]
  163 |             glVertexAttribPointer(0, 2, GL_FLOAT, GL_FALSE, 0, verts);
      |             ^
/Applications/Xcode_16.4.app/Contents/Developer/Platforms/iPhoneSimulator.platform/Developer/SDKs/iPhoneSimulator18.5.sdk/System/Library/Frameworks/OpenGLES.framework/Headers/ES2/gl.h:622:35: note: 'glVertexAttribPointer' has been explicitly marked deprecated here
  622 | GL_API void           GL_APIENTRY glVertexAttribPointer (GLuint indx, GLint size, GLenum type, GLboolean normalized, GLsizei stride, const GLvoid* ptr)   OPENGLES_DEPRECATED(ios(3.0, 12.0), tvos(9.0, 12.0));
      |                                   ^
/Users/runner/work/Orca-iOS-ipa/Orca-iOS-ipa/wx-probe/main.cpp:164:13: warning: 'glVertexAttribPointer' is deprecated: first deprecated in iOS 12.0 - OpenGLES API deprecated. (Define GLES_SILENCE_DEPRECATION to silence these warnings) [-Wdeprecated-declarations]
  164 |             glVertexAttribPointer(1, 3, GL_FLOAT, GL_FALSE, 0, cols);
      |             ^
/Applications/Xcode_16.4.app/Contents/Developer/Platforms/iPhoneSimulator.platform/Developer/SDKs/iPhoneSimulator18.5.sdk/System/Library/Frameworks/OpenGLES.framework/Headers/ES2/gl.h:622:35: note: 'glVertexAttribPointer' has been explicitly marked deprecated here
  622 | GL_API void           GL_APIENTRY glVertexAttribPointer (GLuint indx, GLint size, GLenum type, GLboolean normalized, GLsizei stride, const GLvoid* ptr)   OPENGLES_DEPRECATED(ios(3.0, 12.0), tvos(9.0, 12.0));
      |                                   ^
/Users/runner/work/Orca-iOS-ipa/Orca-iOS-ipa/wx-probe/main.cpp:165:13: warning: 'glEnableVertexAttribArray' is deprecated: first deprecated in iOS 12.0 - OpenGLES API deprecated. (Define GLES_SILENCE_DEPRECATION to silence these warnings) [-Wdeprecated-declarations]
  165 |             glEnableVertexAttribArray(0);
      |             ^
/Applications/Xcode_16.4.app/Contents/Developer/Platforms/iPhoneSimulator.platform/Developer/SDKs/iPhoneSimulator18.5.sdk/System/Library/Frameworks/OpenGLES.framework/Headers/ES2/gl.h:525:35: note: 'glEnableVertexAttribArray' has been explicitly marked deprecated here
  525 | GL_API void           GL_APIENTRY glEnableVertexAttribArray (GLuint index)   OPENGLES_DEPRECATED(ios(3.0, 12.0), tvos(9.0, 12.0));
      |                                   ^
/Users/runner/work/Orca-iOS-ipa/Orca-iOS-ipa/wx-probe/main.cpp:166:13: warning: 'glEnableVertexAttribArray' is deprecated: first deprecated in iOS 12.0 - OpenGLES API deprecated. (Define GLES_SILENCE_DEPRECATION to silence these warnings) [-Wdeprecated-declarations]
  166 |             glEnableVertexAttribArray(1);
      |             ^
/Applications/Xcode_16.4.app/Contents/Developer/Platforms/iPhoneSimulator.platform/Developer/SDKs/iPhoneSimulator18.5.sdk/System/Library/Frameworks/OpenGLES.framework/Headers/ES2/gl.h:525:35: note: 'glEnableVertexAttribArray' has been explicitly marked deprecated here
  525 | GL_API void           GL_APIENTRY glEnableVertexAttribArray (GLuint index)   OPENGLES_DEPRECATED(ios(3.0, 12.0), tvos(9.0, 12.0));
      |                                   ^
17 warnings generated.
ld: warning: ignoring duplicate libraries: '/Users/runner/work/Orca-iOS-ipa/Orca-iOS-ipa/wx-prefix/lib/libwx_baseu-3.3-iOS.a', '/Users/runner/work/Orca-iOS-ipa/Orca-iOS-ipa/wx-prefix/lib/libwx_baseu_net-3.3-iOS.a', '/Users/runner/work/Orca-iOS-ipa/Orca-iOS-ipa/wx-prefix/lib/libwx_osx_iphoneu_adv-3.3-iOS.a', '/Users/runner/work/Orca-iOS-ipa/Orca-iOS-ipa/wx-prefix/lib/libwx_osx_iphoneu_aui-3.3-iOS.a', '/Users/runner/work/Orca-iOS-ipa/Orca-iOS-ipa/wx-prefix/lib/libwx_osx_iphoneu_core-3.3-iOS.a', '/Users/runner/work/Orca-iOS-ipa/Orca-iOS-ipa/wx-prefix/lib/libwx_osx_iphoneu_gl-3.3-iOS.a', '/Users/runner/work/Orca-iOS-ipa/Orca-iOS-ipa/wx-prefix/lib/libwx_osx_iphoneu_html-3.3-iOS.a', '/Users/runner/work/Orca-iOS-ipa/Orca-iOS-ipa/wx-prefix/lib/libwx_osx_iphoneu_propgrid-3.3-iOS.a', '/Users/runner/work/Orca-iOS-ipa/Orca-iOS-ipa/wx-prefix/lib/libwx_osx_iphoneu_qa-3.3-iOS.a', '/Users/runner/work/Orca-iOS-ipa/Orca-iOS-ipa/wx-prefix/lib/libwx_osx_iphoneu_ribbon-3.3-iOS.a', '/Users/runner/work/Orca-iOS-ipa/Orca-iOS-ipa/wx-prefix/lib/libwx_osx_iphoneu_richtext-3.3-iOS.a', '/Users/runner/work/Orca-iOS-ipa/Orca-iOS-ipa/wx-prefix/lib/libwx_osx_iphoneu_stc-3.3-iOS.a', '/Users/runner/work/Orca-iOS-ipa/Orca-iOS-ipa/wx-prefix/lib/libwx_osx_iphoneu_webview-3.3-iOS.a', '/Users/runner/work/Orca-iOS-ipa/Orca-iOS-ipa/wx-prefix/lib/libwxjpeg-3.3.a', '/Users/runner/work/Orca-iOS-ipa/Orca-iOS-ipa/wx-prefix/lib/libwxlexilla-3.3.a', '/Users/runner/work/Orca-iOS-ipa/Orca-iOS-ipa/wx-prefix/lib/libwxpng-3.3.a', '/Users/runner/work/Orca-iOS-ipa/Orca-iOS-ipa/wx-prefix/lib/libwxregexu-3.3.a', '/Users/runner/work/Orca-iOS-ipa/Orca-iOS-ipa/wx-prefix/lib/libwxscintilla-3.3.a', '/Users/runner/work/Orca-iOS-ipa/Orca-iOS-ipa/wx-prefix/lib/libwxsharpyuv-3.3.a', '/Users/runner/work/Orca-iOS-ipa/Orca-iOS-ipa/wx-prefix/lib/libwxtiff-3.3.a', '/Users/runner/work/Orca-iOS-ipa/Orca-iOS-ipa/wx-prefix/lib/libwxwebp-3.3.a', '/Users/runner/work/Orca-iOS-ipa/Orca-iOS-ipa/wx-prefix/lib/libwxwebpdemux-3.3.a'
+ echo PROBE_BUILD=with-webview
PROBE_BUILD=with-webview
+ EXTRA_FLAGS='-DPROBE_WEBVIEW -framework WebKit'
+ delegate_present
+ nm -a /Users/runner/work/Orca-iOS-ipa/Orca-iOS-ipa/wx-probe/build/WxProbe.app/WxProbe
+ grep -q '_OBJC_CLASS_\$_wxAppDelegate'
+ echo 'PROBE_DELEGATE=MISSING - interrogating the wx archives'
PROBE_DELEGATE=MISSING - interrogating the wx archives
+ echo '--- any symbol matching wxappdelegate, case-insensitive ---'
--- any symbol matching wxappdelegate, case-insensitive ---
+ nm -a /Users/runner/work/Orca-iOS-ipa/Orca-iOS-ipa/wx-prefix/lib/libwx_baseu_net-3.3-iOS.a /Users/runner/work/Orca-iOS-ipa/Orca-iOS-ipa/wx-prefix/lib/libwx_baseu-3.3-iOS.a /Users/runner/work/Orca-iOS-ipa/Orca-iOS-ipa/wx-prefix/lib/libwx_osx_iphoneu_adv-3.3-iOS.a /Users/runner/work/Orca-iOS-ipa/Orca-iOS-ipa/wx-prefix/lib/libwx_osx_iphoneu_aui-3.3-iOS.a /Users/runner/work/Orca-iOS-ipa/Orca-iOS-ipa/wx-prefix/lib/libwx_osx_iphoneu_core-3.3-iOS.a /Users/runner/work/Orca-iOS-ipa/Orca-iOS-ipa/wx-prefix/lib/libwx_osx_iphoneu_gl-3.3-iOS.a /Users/runner/work/Orca-iOS-ipa/Orca-iOS-ipa/wx-prefix/lib/libwx_osx_iphoneu_html-3.3-iOS.a /Users/runner/work/Orca-iOS-ipa/Orca-iOS-ipa/wx-prefix/lib/libwx_osx_iphoneu_propgrid-3.3-iOS.a /Users/runner/work/Orca-iOS-ipa/Orca-iOS-ipa/wx-prefix/lib/libwx_osx_iphoneu_qa-3.3-iOS.a /Users/runner/work/Orca-iOS-ipa/Orca-iOS-ipa/wx-prefix/lib/libwx_osx_iphoneu_ribbon-3.3-iOS.a /Users/runner/work/Orca-iOS-ipa/Orca-iOS-ipa/wx-prefix/lib/libwx_osx_iphoneu_richtext-3.3-iOS.a /Users/runner/work/Orca-iOS-ipa/Orca-iOS-ipa/wx-prefix/lib/libwx_osx_iphoneu_stc-3.3-iOS.a /Users/runner/work/Orca-iOS-ipa/Orca-iOS-ipa/wx-prefix/lib/libwx_osx_iphoneu_webview-3.3-iOS.a /Users/runner/work/Orca-iOS-ipa/Orca-iOS-ipa/wx-prefix/lib/libwxjpeg-3.3.a /Users/runner/work/Orca-iOS-ipa/Orca-iOS-ipa/wx-prefix/lib/libwxlexilla-3.3.a /Users/runner/work/Orca-iOS-ipa/Orca-iOS-ipa/wx-prefix/lib/libwxpng-3.3.a /Users/runner/work/Orca-iOS-ipa/Orca-iOS-ipa/wx-prefix/lib/libwxregexu-3.3.a /Users/runner/work/Orca-iOS-ipa/Orca-iOS-ipa/wx-prefix/lib/libwxscintilla-3.3.a /Users/runner/work/Orca-iOS-ipa/Orca-iOS-ipa/wx-prefix/lib/libwxsharpyuv-3.3.a /Users/runner/work/Orca-iOS-ipa/Orca-iOS-ipa/wx-prefix/lib/libwxtiff-3.3.a /Users/runner/work/Orca-iOS-ipa/Orca-iOS-ipa/wx-prefix/lib/libwxwebp-3.3.a /Users/runner/work/Orca-iOS-ipa/Orca-iOS-ipa/wx-prefix/lib/libwxwebpdemux-3.3.a
+ grep -i wxappdelegate
+ sort -u
+ head -20
0000000000000000 t -[wxAppDelegate application:willFinishLaunchingWithOptions:]
0000000000000088 t -[wxAppDelegate applicationDidFinishLaunching:]
00000000000000c8 t ___47-[wxAppDelegate applicationDidFinishLaunching:]_block_invoke
00000000000000fc t -[wxAppDelegate applicationWillTerminate:]
0000000000000138 t -[wxAppDelegate dealloc]
000000000000017c t -[wxAppDelegate buildMenuWithBuilder:]
0000000000002c40 S _OBJC_CLASS_$_wxAppDelegate
0000000000002c68 S _OBJC_METACLASS_$_wxAppDelegate
0000000000004bd0 s __OBJC_CLASS_PROTOCOLS_$_wxAppDelegate
0000000000004be8 s __OBJC_METACLASS_RO_$_wxAppDelegate
0000000000004c30 s __OBJC_$_INSTANCE_METHODS_wxAppDelegate
0000000000004cb0 s __OBJC_$_PROP_LIST_wxAppDelegate
0000000000004d08 s __OBJC_CLASS_RO_$_wxAppDelegate
+ echo '--- which archive member, if any ---'
--- which archive member, if any ---
+ for L in '$WXLIBS'
+ nm -o /Users/runner/work/Orca-iOS-ipa/Orca-iOS-ipa/wx-prefix/lib/libwx_baseu_net-3.3-iOS.a
+ grep -qi wxappdelegate
+ for L in '$WXLIBS'
+ grep -qi wxappdelegate
+ nm -o /Users/runner/work/Orca-iOS-ipa/Orca-iOS-ipa/wx-prefix/lib/libwx_baseu-3.3-iOS.a
+ for L in '$WXLIBS'
+ nm -o /Users/runner/work/Orca-iOS-ipa/Orca-iOS-ipa/wx-prefix/lib/libwx_osx_iphoneu_adv-3.3-iOS.a
+ grep -qi wxappdelegate
+ for L in '$WXLIBS'
+ nm -o /Users/runner/work/Orca-iOS-ipa/Orca-iOS-ipa/wx-prefix/lib/libwx_osx_iphoneu_aui-3.3-iOS.a
+ grep -qi wxappdelegate
+ for L in '$WXLIBS'
+ grep -qi wxappdelegate
+ nm -o /Users/runner/work/Orca-iOS-ipa/Orca-iOS-ipa/wx-prefix/lib/libwx_osx_iphoneu_core-3.3-iOS.a
+ for L in '$WXLIBS'
+ nm -o /Users/runner/work/Orca-iOS-ipa/Orca-iOS-ipa/wx-prefix/lib/libwx_osx_iphoneu_gl-3.3-iOS.a
+ grep -qi wxappdelegate
+ for L in '$WXLIBS'
+ nm -o /Users/runner/work/Orca-iOS-ipa/Orca-iOS-ipa/wx-prefix/lib/libwx_osx_iphoneu_html-3.3-iOS.a
+ grep -qi wxappdelegate
+ for L in '$WXLIBS'
+ nm -o /Users/runner/work/Orca-iOS-ipa/Orca-iOS-ipa/wx-prefix/lib/libwx_osx_iphoneu_propgrid-3.3-iOS.a
+ grep -qi wxappdelegate
+ for L in '$WXLIBS'
+ nm -o /Users/runner/work/Orca-iOS-ipa/Orca-iOS-ipa/wx-prefix/lib/libwx_osx_iphoneu_qa-3.3-iOS.a
+ grep -qi wxappdelegate
+ for L in '$WXLIBS'
+ nm -o /Users/runner/work/Orca-iOS-ipa/Orca-iOS-ipa/wx-prefix/lib/libwx_osx_iphoneu_ribbon-3.3-iOS.a
+ grep -qi wxappdelegate
+ for L in '$WXLIBS'
+ nm -o /Users/runner/work/Orca-iOS-ipa/Orca-iOS-ipa/wx-prefix/lib/libwx_osx_iphoneu_richtext-3.3-iOS.a
+ grep -qi wxappdelegate
+ for L in '$WXLIBS'
+ grep -qi wxappdelegate
+ nm -o /Users/runner/work/Orca-iOS-ipa/Orca-iOS-ipa/wx-prefix/lib/libwx_osx_iphoneu_stc-3.3-iOS.a
+ for L in '$WXLIBS'
+ nm -o /Users/runner/work/Orca-iOS-ipa/Orca-iOS-ipa/wx-prefix/lib/libwx_osx_iphoneu_webview-3.3-iOS.a
+ grep -qi wxappdelegate
+ for L in '$WXLIBS'
+ grep -qi wxappdelegate
+ nm -o /Users/runner/work/Orca-iOS-ipa/Orca-iOS-ipa/wx-prefix/lib/libwxjpeg-3.3.a
+ for L in '$WXLIBS'
+ nm -o /Users/runner/work/Orca-iOS-ipa/Orca-iOS-ipa/wx-prefix/lib/libwxlexilla-3.3.a
+ grep -qi wxappdelegate
+ for L in '$WXLIBS'
+ nm -o /Users/runner/work/Orca-iOS-ipa/Orca-iOS-ipa/wx-prefix/lib/libwxpng-3.3.a
+ grep -qi wxappdelegate
+ for L in '$WXLIBS'
+ nm -o /Users/runner/work/Orca-iOS-ipa/Orca-iOS-ipa/wx-prefix/lib/libwxregexu-3.3.a
+ grep -qi wxappdelegate
+ for L in '$WXLIBS'
+ nm -o /Users/runner/work/Orca-iOS-ipa/Orca-iOS-ipa/wx-prefix/lib/libwxscintilla-3.3.a
+ grep -qi wxappdelegate
+ for L in '$WXLIBS'
+ grep -qi wxappdelegate
+ nm -o /Users/runner/work/Orca-iOS-ipa/Orca-iOS-ipa/wx-prefix/lib/libwxsharpyuv-3.3.a
+ for L in '$WXLIBS'
+ nm -o /Users/runner/work/Orca-iOS-ipa/Orca-iOS-ipa/wx-prefix/lib/libwxtiff-3.3.a
+ grep -qi wxappdelegate
+ for L in '$WXLIBS'
+ nm -o /Users/runner/work/Orca-iOS-ipa/Orca-iOS-ipa/wx-prefix/lib/libwxwebp-3.3.a
+ grep -qi wxappdelegate
+ for L in '$WXLIBS'
+ nm -o /Users/runner/work/Orca-iOS-ipa/Orca-iOS-ipa/wx-prefix/lib/libwxwebpdemux-3.3.a
+ grep -qi wxappdelegate
+ echo '--- is utils.mm.o in the core archive at all? ---'
--- is utils.mm.o in the core archive at all? ---
+ for L in '$WXLIBS'
+ case "$L" in
+ for L in '$WXLIBS'
+ case "$L" in
+ for L in '$WXLIBS'
+ case "$L" in
+ for L in '$WXLIBS'
+ case "$L" in
+ for L in '$WXLIBS'
+ case "$L" in
+ ar -t /Users/runner/work/Orca-iOS-ipa/Orca-iOS-ipa/wx-prefix/lib/libwx_osx_iphoneu_core-3.3-iOS.a
+ grep -i utils
+ head -10
utilscmn.cpp.o
utils_osx.cpp.o
utilsexc_cf.cpp.o
utilscocoa.mm.o
utils.mm.o
+ for L in '$WXLIBS'
+ case "$L" in
+ for L in '$WXLIBS'
+ case "$L" in
+ for L in '$WXLIBS'
+ case "$L" in
+ for L in '$WXLIBS'
+ case "$L" in
+ for L in '$WXLIBS'
+ case "$L" in
+ for L in '$WXLIBS'
+ case "$L" in
+ for L in '$WXLIBS'
+ case "$L" in
+ for L in '$WXLIBS'
+ case "$L" in
+ for L in '$WXLIBS'
+ case "$L" in
+ for L in '$WXLIBS'
+ case "$L" in
+ for L in '$WXLIBS'
+ case "$L" in
+ for L in '$WXLIBS'
+ case "$L" in
+ for L in '$WXLIBS'
+ case "$L" in
+ for L in '$WXLIBS'
+ case "$L" in
+ for L in '$WXLIBS'
+ case "$L" in
+ for L in '$WXLIBS'
+ case "$L" in
+ for L in '$WXLIBS'
+ case "$L" in
+ echo '--- every OBJC_CLASS the core archive defines (first 40) ---'
--- every OBJC_CLASS the core archive defines (first 40) ---
+ for L in '$WXLIBS'
+ case "$L" in
+ for L in '$WXLIBS'
+ case "$L" in
+ for L in '$WXLIBS'
+ case "$L" in
+ for L in '$WXLIBS'
+ case "$L" in
+ for L in '$WXLIBS'
+ case "$L" in
+ nm -a /Users/runner/work/Orca-iOS-ipa/Orca-iOS-ipa/wx-prefix/lib/libwx_osx_iphoneu_core-3.3-iOS.a
+ grep -o '_OBJC_CLASS_$_[A-Za-z_]*'
+ sort -u
+ head -40
_OBJC_CLASS_$_NSArray
_OBJC_CLASS_$_NSData
_OBJC_CLASS_$_NSDate
_OBJC_CLASS_$_NSDictionary
_OBJC_CLASS_$_NSIndexPath
_OBJC_CLASS_$_NSJSONSerialization
_OBJC_CLASS_$_NSMutableArray
_OBJC_CLASS_$_NSMutableSet
_OBJC_CLASS_$_NSMutableString
_OBJC_CLASS_$_NSNull
_OBJC_CLASS_$_NSNumber
_OBJC_CLASS_$_NSObject
_OBJC_CLASS_$_NSRunLoop
_OBJC_CLASS_$_NSString
_OBJC_CLASS_$_NSURL
_OBJC_CLASS_$_NSURLRequest
_OBJC_CLASS_$_UIAction
_OBJC_CLASS_$_UIAlertView
_OBJC_CLASS_$_UIApplication
_OBJC_CLASS_$_UIBarButtonItem
_OBJC_CLASS_$_UIButton
_OBJC_CLASS_$_UIColor
_OBJC_CLASS_$_UIControl
_OBJC_CLASS_$_UIDocumentPickerViewController
_OBJC_CLASS_$_UIFont
_OBJC_CLASS_$_UIHoverGestureRecognizer
_OBJC_CLASS_$_UIImage
_OBJC_CLASS_$_UIImageView
_OBJC_CLASS_$_UILabel
_OBJC_CLASS_$_UIMenu
_OBJC_CLASS_$_UIMenuSystem
_OBJC_CLASS_$_UIPanGestureRecognizer
_OBJC_CLASS_$_UIPasteboard
_OBJC_CLASS_$_UIPickerView
_OBJC_CLASS_$_UIProgressView
_OBJC_CLASS_$_UIResponder
_OBJC_CLASS_$_UIScreen
_OBJC_CLASS_$_UIScrollView
_OBJC_CLASS_$_UISegmentedControl
_OBJC_CLASS_$_UISlider
+ for L in '$WXLIBS'
+ case "$L" in
+ for L in '$WXLIBS'
+ case "$L" in
+ for L in '$WXLIBS'
+ case "$L" in
+ for L in '$WXLIBS'
+ case "$L" in
+ for L in '$WXLIBS'
+ case "$L" in
+ for L in '$WXLIBS'
+ case "$L" in
+ for L in '$WXLIBS'
+ case "$L" in
+ for L in '$WXLIBS'
+ case "$L" in
+ for L in '$WXLIBS'
+ case "$L" in
+ for L in '$WXLIBS'
+ case "$L" in
+ for L in '$WXLIBS'
+ case "$L" in
+ for L in '$WXLIBS'
+ case "$L" in
+ for L in '$WXLIBS'
+ case "$L" in
+ for L in '$WXLIBS'
+ case "$L" in
+ for L in '$WXLIBS'
+ case "$L" in
+ for L in '$WXLIBS'
+ case "$L" in
+ for L in '$WXLIBS'
+ case "$L" in
+ echo '::error::wxAppDelegate is not in the binary; see the archive dump above'
::error::wxAppDelegate is not in the binary; see the archive dump above
+ exit 1
